<?xml version="1.0"?>
<link_info>
   <banner>TI ARM Linker PC v16.9.6.LTS</banner>
   <copyright>Copyright (c) 1996-2017 Texas Instruments Incorporated</copyright>
   <link_time>0x5dc1138d</link_time>
   <link_errors>0x2</link_errors>
   <output_file>inc.out</output_file>
   <entry_point>
      <name>_c_int00</name>
      <address>0x1a45</address>
   </entry_point>
   <input_file_list>
      <input_file id="fl-2">
         <path>.\</path>
         <kind>object</kind>
         <file>ADC14.obj</file>
         <name>ADC14.obj</name>
      </input_file>
      <input_file id="fl-3">
         <path>.\</path>
         <kind>object</kind>
         <file>AP.obj</file>
         <name>AP.obj</name>
      </input_file>
      <input_file id="fl-4">
         <path>.\</path>
         <kind>object</kind>
         <file>Bump.obj</file>
         <name>Bump.obj</name>
      </input_file>
      <input_file id="fl-5">
         <path>.\</path>
         <kind>object</kind>
         <file>BumpInt.obj</file>
         <name>BumpInt.obj</name>
      </input_file>
      <input_file id="fl-6">
         <path>.\</path>
         <kind>object</kind>
         <file>Clock.obj</file>
         <name>Clock.obj</name>
      </input_file>
      <input_file id="fl-7">
         <path>.\</path>
         <kind>object</kind>
         <file>CortexM.obj</file>
         <name>CortexM.obj</name>
      </input_file>
      <input_file id="fl-8">
         <path>.\</path>
         <kind>object</kind>
         <file>EUSCIA0.obj</file>
         <name>EUSCIA0.obj</name>
      </input_file>
      <input_file id="fl-9">
         <path>.\</path>
         <kind>object</kind>
         <file>FIFO0.obj</file>
         <name>FIFO0.obj</name>
      </input_file>
      <input_file id="fl-a">
         <path>.\</path>
         <kind>object</kind>
         <file>FlashProgram.obj</file>
         <name>FlashProgram.obj</name>
      </input_file>
      <input_file id="fl-b">
         <path>.\</path>
         <kind>object</kind>
         <file>GPIO.obj</file>
         <name>GPIO.obj</name>
      </input_file>
      <input_file id="fl-c">
         <path>.\</path>
         <kind>object</kind>
         <file>IRDistance.obj</file>
         <name>IRDistance.obj</name>
      </input_file>
      <input_file id="fl-d">
         <path>.\</path>
         <kind>object</kind>
         <file>LPF.obj</file>
         <name>LPF.obj</name>
      </input_file>
      <input_file id="fl-e">
         <path>.\</path>
         <kind>object</kind>
         <file>LaunchPad.obj</file>
         <name>LaunchPad.obj</name>
      </input_file>
      <input_file id="fl-f">
         <path>.\</path>
         <kind>object</kind>
         <file>Motor.obj</file>
         <name>Motor.obj</name>
      </input_file>
      <input_file id="fl-10">
         <path>.\</path>
         <kind>object</kind>
         <file>MotorSimple.obj</file>
         <name>MotorSimple.obj</name>
      </input_file>
      <input_file id="fl-11">
         <path>.\</path>
         <kind>object</kind>
         <file>Nokia5110.obj</file>
         <name>Nokia5110.obj</name>
      </input_file>
      <input_file id="fl-12">
         <path>.\</path>
         <kind>object</kind>
         <file>PWM.obj</file>
         <name>PWM.obj</name>
      </input_file>
      <input_file id="fl-13">
         <path>.\</path>
         <kind>object</kind>
         <file>Reflectance.obj</file>
         <name>Reflectance.obj</name>
      </input_file>
      <input_file id="fl-14">
         <path>.\</path>
         <kind>object</kind>
         <file>SysTick.obj</file>
         <name>SysTick.obj</name>
      </input_file>
      <input_file id="fl-15">
         <path>.\</path>
         <kind>object</kind>
         <file>TA3InputCapture.obj</file>
         <name>TA3InputCapture.obj</name>
      </input_file>
      <input_file id="fl-16">
         <path>.\</path>
         <kind>object</kind>
         <file>TExaS.obj</file>
         <name>TExaS.obj</name>
      </input_file>
      <input_file id="fl-17">
         <path>.\</path>
         <kind>object</kind>
         <file>Tachometer.obj</file>
         <name>Tachometer.obj</name>
      </input_file>
      <input_file id="fl-18">
         <path>.\</path>
         <kind>object</kind>
         <file>TimerA0.obj</file>
         <name>TimerA0.obj</name>
      </input_file>
      <input_file id="fl-19">
         <path>.\</path>
         <kind>object</kind>
         <file>TimerA1.obj</file>
         <name>TimerA1.obj</name>
      </input_file>
      <input_file id="fl-1a">
         <path>.\</path>
         <kind>object</kind>
         <file>TimerA2.obj</file>
         <name>TimerA2.obj</name>
      </input_file>
      <input_file id="fl-1b">
         <path>.\</path>
         <kind>object</kind>
         <file>UART0.obj</file>
         <name>UART0.obj</name>
      </input_file>
      <input_file id="fl-1c">
         <path>.\</path>
         <kind>object</kind>
         <file>UART1.obj</file>
         <name>UART1.obj</name>
      </input_file>
      <input_file id="fl-1d">
         <path>.\</path>
         <kind>object</kind>
         <file>Ultrasound.obj</file>
         <name>Ultrasound.obj</name>
      </input_file>
      <input_file id="fl-1e">
         <path>.\</path>
         <kind>object</kind>
         <file>incmain.obj</file>
         <name>incmain.obj</name>
      </input_file>
      <input_file id="fl-1f">
         <path>.\</path>
         <kind>object</kind>
         <file>startup_msp432p401r_ccs.obj</file>
         <name>startup_msp432p401r_ccs.obj</name>
      </input_file>
      <input_file id="fl-20">
         <path>.\</path>
         <kind>object</kind>
         <file>system_msp432p401r.obj</file>
         <name>system_msp432p401r.obj</name>
      </input_file>
      <input_file id="fl-24">
         <kind>object</kind>
         <file>&lt;internal&gt;</file>
         <name>&lt;internal&gt;</name>
      </input_file>
      <input_file id="fl-da">
         <path>C:\ti\ccsv7\tools\compiler\ti-cgt-arm_16.9.6.LTS\lib\</path>
         <kind>archive</kind>
         <file>rtsv7M4_T_le_v4SPD16_eabi.lib</file>
         <name>add_device.obj</name>
      </input_file>
      <input_file id="fl-db">
         <path>C:\ti\ccsv7\tools\compiler\ti-cgt-arm_16.9.6.LTS\lib\</path>
         <kind>archive</kind>
         <file>rtsv7M4_T_le_v4SPD16_eabi.lib</file>
         <name>boot.obj</name>
      </input_file>
      <input_file id="fl-dc">
         <path>C:\ti\ccsv7\tools\compiler\ti-cgt-arm_16.9.6.LTS\lib\</path>
         <kind>archive</kind>
         <file>rtsv7M4_T_le_v4SPD16_eabi.lib</file>
         <name>copy_decompress_lzss.obj</name>
      </input_file>
      <input_file id="fl-dd">
         <path>C:\ti\ccsv7\tools\compiler\ti-cgt-arm_16.9.6.LTS\lib\</path>
         <kind>archive</kind>
         <file>rtsv7M4_T_le_v4SPD16_eabi.lib</file>
         <name>copy_decompress_none.obj</name>
      </input_file>
      <input_file id="fl-de">
         <path>C:\ti\ccsv7\tools\compiler\ti-cgt-arm_16.9.6.LTS\lib\</path>
         <kind>archive</kind>
         <file>rtsv7M4_T_le_v4SPD16_eabi.lib</file>
         <name>copy_zero_init.obj</name>
      </input_file>
      <input_file id="fl-df">
         <path>C:\ti\ccsv7\tools\compiler\ti-cgt-arm_16.9.6.LTS\lib\</path>
         <kind>archive</kind>
         <file>rtsv7M4_T_le_v4SPD16_eabi.lib</file>
         <name>defs.obj</name>
      </input_file>
      <input_file id="fl-e0">
         <path>C:\ti\ccsv7\tools\compiler\ti-cgt-arm_16.9.6.LTS\lib\</path>
         <kind>archive</kind>
         <file>rtsv7M4_T_le_v4SPD16_eabi.lib</file>
         <name>exit.obj</name>
      </input_file>
      <input_file id="fl-e1">
         <path>C:\ti\ccsv7\tools\compiler\ti-cgt-arm_16.9.6.LTS\lib\</path>
         <kind>archive</kind>
         <file>rtsv7M4_T_le_v4SPD16_eabi.lib</file>
         <name>fopen.obj</name>
      </input_file>
      <input_file id="fl-e2">
         <path>C:\ti\ccsv7\tools\compiler\ti-cgt-arm_16.9.6.LTS\lib\</path>
         <kind>archive</kind>
         <file>rtsv7M4_T_le_v4SPD16_eabi.lib</file>
         <name>getdevice.obj</name>
      </input_file>
      <input_file id="fl-e3">
         <path>C:\ti\ccsv7\tools\compiler\ti-cgt-arm_16.9.6.LTS\lib\</path>
         <kind>archive</kind>
         <file>rtsv7M4_T_le_v4SPD16_eabi.lib</file>
         <name>memcpy_t2.obj</name>
      </input_file>
      <input_file id="fl-e4">
         <path>C:\ti\ccsv7\tools\compiler\ti-cgt-arm_16.9.6.LTS\lib\</path>
         <kind>archive</kind>
         <file>rtsv7M4_T_le_v4SPD16_eabi.lib</file>
         <name>memset_t2.obj</name>
      </input_file>
      <input_file id="fl-e5">
         <path>C:\ti\ccsv7\tools\compiler\ti-cgt-arm_16.9.6.LTS\lib\</path>
         <kind>archive</kind>
         <file>rtsv7M4_T_le_v4SPD16_eabi.lib</file>
         <name>mpu_init.obj</name>
      </input_file>
      <input_file id="fl-e6">
         <path>C:\ti\ccsv7\tools\compiler\ti-cgt-arm_16.9.6.LTS\lib\</path>
         <kind>archive</kind>
         <file>rtsv7M4_T_le_v4SPD16_eabi.lib</file>
         <name>open.obj</name>
      </input_file>
      <input_file id="fl-e7">
         <path>C:\ti\ccsv7\tools\compiler\ti-cgt-arm_16.9.6.LTS\lib\</path>
         <kind>archive</kind>
         <file>rtsv7M4_T_le_v4SPD16_eabi.lib</file>
         <name>pre_init.obj</name>
      </input_file>
      <input_file id="fl-e8">
         <path>C:\ti\ccsv7\tools\compiler\ti-cgt-arm_16.9.6.LTS\lib\</path>
         <kind>archive</kind>
         <file>rtsv7M4_T_le_v4SPD16_eabi.lib</file>
         <name>setvbuf.obj</name>
      </input_file>
      <input_file id="fl-e9">
         <path>C:\ti\ccsv7\tools\compiler\ti-cgt-arm_16.9.6.LTS\lib\</path>
         <kind>archive</kind>
         <file>rtsv7M4_T_le_v4SPD16_eabi.lib</file>
         <name>stkdepth_vars.obj</name>
      </input_file>
      <input_file id="fl-ea">
         <path>C:\ti\ccsv7\tools\compiler\ti-cgt-arm_16.9.6.LTS\lib\</path>
         <kind>archive</kind>
         <file>rtsv7M4_T_le_v4SPD16_eabi.lib</file>
         <name>strchr.obj</name>
      </input_file>
      <input_file id="fl-eb">
         <path>C:\ti\ccsv7\tools\compiler\ti-cgt-arm_16.9.6.LTS\lib\</path>
         <kind>archive</kind>
         <file>rtsv7M4_T_le_v4SPD16_eabi.lib</file>
         <name>strcmp.obj</name>
      </input_file>
      <input_file id="fl-ec">
         <path>C:\ti\ccsv7\tools\compiler\ti-cgt-arm_16.9.6.LTS\lib\</path>
         <kind>archive</kind>
         <file>rtsv7M4_T_le_v4SPD16_eabi.lib</file>
         <name>strncpy.obj</name>
      </input_file>
      <input_file id="fl-ed">
         <path>C:\ti\ccsv7\tools\compiler\ti-cgt-arm_16.9.6.LTS\lib\</path>
         <kind>archive</kind>
         <file>rtsv7M4_T_le_v4SPD16_eabi.lib</file>
         <name>write.obj</name>
      </input_file>
      <input_file id="fl-ee">
         <path>C:\ti\ccsv7\tools\compiler\ti-cgt-arm_16.9.6.LTS\lib\</path>
         <kind>archive</kind>
         <file>rtsv7M4_T_le_v4SPD16_eabi.lib</file>
         <name>_lock.obj</name>
      </input_file>
      <input_file id="fl-ef">
         <path>C:\ti\ccsv7\tools\compiler\ti-cgt-arm_16.9.6.LTS\lib\</path>
         <kind>archive</kind>
         <file>rtsv7M4_T_le_v4SPD16_eabi.lib</file>
         <name>args_main.obj</name>
      </input_file>
      <input_file id="fl-f0">
         <path>C:\ti\ccsv7\tools\compiler\ti-cgt-arm_16.9.6.LTS\lib\</path>
         <kind>archive</kind>
         <file>rtsv7M4_T_le_v4SPD16_eabi.lib</file>
         <name>autoinit.obj</name>
      </input_file>
      <input_file id="fl-f1">
         <path>C:\ti\ccsv7\tools\compiler\ti-cgt-arm_16.9.6.LTS\lib\</path>
         <kind>archive</kind>
         <file>rtsv7M4_T_le_v4SPD16_eabi.lib</file>
         <name>cpy_tbl.obj</name>
      </input_file>
      <input_file id="fl-f2">
         <path>C:\ti\ccsv7\tools\compiler\ti-cgt-arm_16.9.6.LTS\lib\</path>
         <kind>archive</kind>
         <file>rtsv7M4_T_le_v4SPD16_eabi.lib</file>
         <name>fclose.obj</name>
      </input_file>
      <input_file id="fl-f3">
         <path>C:\ti\ccsv7\tools\compiler\ti-cgt-arm_16.9.6.LTS\lib\</path>
         <kind>archive</kind>
         <file>rtsv7M4_T_le_v4SPD16_eabi.lib</file>
         <name>fflush.obj</name>
      </input_file>
      <input_file id="fl-f4">
         <path>C:\ti\ccsv7\tools\compiler\ti-cgt-arm_16.9.6.LTS\lib\</path>
         <kind>archive</kind>
         <file>rtsv7M4_T_le_v4SPD16_eabi.lib</file>
         <name>hostclose.obj</name>
      </input_file>
      <input_file id="fl-f5">
         <path>C:\ti\ccsv7\tools\compiler\ti-cgt-arm_16.9.6.LTS\lib\</path>
         <kind>archive</kind>
         <file>rtsv7M4_T_le_v4SPD16_eabi.lib</file>
         <name>hostlseek.obj</name>
      </input_file>
      <input_file id="fl-f6">
         <path>C:\ti\ccsv7\tools\compiler\ti-cgt-arm_16.9.6.LTS\lib\</path>
         <kind>archive</kind>
         <file>rtsv7M4_T_le_v4SPD16_eabi.lib</file>
         <name>hostopen.obj</name>
      </input_file>
      <input_file id="fl-f7">
         <path>C:\ti\ccsv7\tools\compiler\ti-cgt-arm_16.9.6.LTS\lib\</path>
         <kind>archive</kind>
         <file>rtsv7M4_T_le_v4SPD16_eabi.lib</file>
         <name>hostread.obj</name>
      </input_file>
      <input_file id="fl-f8">
         <path>C:\ti\ccsv7\tools\compiler\ti-cgt-arm_16.9.6.LTS\lib\</path>
         <kind>archive</kind>
         <file>rtsv7M4_T_le_v4SPD16_eabi.lib</file>
         <name>hostrename.obj</name>
      </input_file>
      <input_file id="fl-f9">
         <path>C:\ti\ccsv7\tools\compiler\ti-cgt-arm_16.9.6.LTS\lib\</path>
         <kind>archive</kind>
         <file>rtsv7M4_T_le_v4SPD16_eabi.lib</file>
         <name>hostunlink.obj</name>
      </input_file>
      <input_file id="fl-fa">
         <path>C:\ti\ccsv7\tools\compiler\ti-cgt-arm_16.9.6.LTS\lib\</path>
         <kind>archive</kind>
         <file>rtsv7M4_T_le_v4SPD16_eabi.lib</file>
         <name>hostwrite.obj</name>
      </input_file>
      <input_file id="fl-fb">
         <path>C:\ti\ccsv7\tools\compiler\ti-cgt-arm_16.9.6.LTS\lib\</path>
         <kind>archive</kind>
         <file>rtsv7M4_T_le_v4SPD16_eabi.lib</file>
         <name>memory.obj</name>
      </input_file>
      <input_file id="fl-fc">
         <path>C:\ti\ccsv7\tools\compiler\ti-cgt-arm_16.9.6.LTS\lib\</path>
         <kind>archive</kind>
         <file>rtsv7M4_T_le_v4SPD16_eabi.lib</file>
         <name>remove.obj</name>
      </input_file>
      <input_file id="fl-fd">
         <path>C:\ti\ccsv7\tools\compiler\ti-cgt-arm_16.9.6.LTS\lib\</path>
         <kind>archive</kind>
         <file>rtsv7M4_T_le_v4SPD16_eabi.lib</file>
         <name>startup.obj</name>
      </input_file>
      <input_file id="fl-fe">
         <path>C:\ti\ccsv7\tools\compiler\ti-cgt-arm_16.9.6.LTS\lib\</path>
         <kind>archive</kind>
         <file>rtsv7M4_T_le_v4SPD16_eabi.lib</file>
         <name>strcpy.obj</name>
      </input_file>
      <input_file id="fl-ff">
         <path>C:\ti\ccsv7\tools\compiler\ti-cgt-arm_16.9.6.LTS\lib\</path>
         <kind>archive</kind>
         <file>rtsv7M4_T_le_v4SPD16_eabi.lib</file>
         <name>strlen.obj</name>
      </input_file>
      <input_file id="fl-100">
         <path>C:\ti\ccsv7\tools\compiler\ti-cgt-arm_16.9.6.LTS\lib\</path>
         <kind>archive</kind>
         <file>rtsv7M4_T_le_v4SPD16_eabi.lib</file>
         <name>trgmsg.obj</name>
      </input_file>
      <input_file id="fl-101">
         <path>C:\ti\ccsv7\tools\compiler\ti-cgt-arm_16.9.6.LTS\lib\</path>
         <kind>archive</kind>
         <file>rtsv7M4_T_le_v4SPD16_eabi.lib</file>
         <name>unlink.obj</name>
      </input_file>
      <input_file id="fl-102">
         <path>C:\ti\ccsv7\tools\compiler\ti-cgt-arm_16.9.6.LTS\lib\</path>
         <kind>archive</kind>
         <file>rtsv7M4_T_le_v4SPD16_eabi.lib</file>
         <name>close.obj</name>
      </input_file>
   </input_file_list>
   <object_component_list>
      <object_component id="oc-2c">
         <name>.intvecs:retain</name>
         <load_address>0x0</load_address>
         <run_address>0x0</run_address>
         <size>0xe4</size>
         <input_file_ref idref="fl-1f"/>
      </object_component>
      <object_component id="oc-a2">
         <name>.text</name>
         <load_address>0xe4</load_address>
         <run_address>0xe4</run_address>
         <size>0x630</size>
         <input_file_ref idref="fl-16"/>
      </object_component>
      <object_component id="oc-96">
         <name>.text</name>
         <load_address>0x714</load_address>
         <run_address>0x714</run_address>
         <size>0x5ba</size>
         <input_file_ref idref="fl-8"/>
      </object_component>
      <object_component id="oc-db">
         <name>.text</name>
         <load_address>0xcce</load_address>
         <run_address>0xcce</run_address>
         <size>0x2</size>
         <input_file_ref idref="fl-1e"/>
      </object_component>
      <object_component id="oc-ee">
         <name>.text</name>
         <load_address>0xcd0</load_address>
         <run_address>0xcd0</run_address>
         <size>0x32c</size>
         <input_file_ref idref="fl-20"/>
      </object_component>
      <object_component id="oc-10b">
         <name>.text</name>
         <load_address>0xffc</load_address>
         <run_address>0xffc</run_address>
         <size>0x210</size>
         <input_file_ref idref="fl-9"/>
      </object_component>
      <object_component id="oc-9c">
         <name>.text</name>
         <load_address>0x120c</load_address>
         <run_address>0x120c</run_address>
         <size>0x1a4</size>
         <input_file_ref idref="fl-1c"/>
      </object_component>
      <object_component id="oc-90">
         <name>.text</name>
         <load_address>0x13b0</load_address>
         <run_address>0x13b0</run_address>
         <size>0x124</size>
         <input_file_ref idref="fl-15"/>
      </object_component>
      <object_component id="oc-a8">
         <name>.text</name>
         <load_address>0x14d4</load_address>
         <run_address>0x14d4</run_address>
         <size>0x108</size>
         <input_file_ref idref="fl-5"/>
      </object_component>
      <object_component id="oc-7e">
         <name>.text</name>
         <load_address>0x15dc</load_address>
         <run_address>0x15dc</run_address>
         <size>0xac</size>
         <input_file_ref idref="fl-18"/>
      </object_component>
      <object_component id="oc-84">
         <name>.text</name>
         <load_address>0x1688</load_address>
         <run_address>0x1688</run_address>
         <size>0xa8</size>
         <input_file_ref idref="fl-19"/>
      </object_component>
      <object_component id="oc-8a">
         <name>.text</name>
         <load_address>0x1730</load_address>
         <run_address>0x1730</run_address>
         <size>0xa8</size>
         <input_file_ref idref="fl-1a"/>
      </object_component>
      <object_component id="oc-3e">
         <name>.text</name>
         <load_address>0x17d8</load_address>
         <run_address>0x17d8</run_address>
         <size>0x9c</size>
         <input_file_ref idref="fl-e3"/>
      </object_component>
      <object_component id="oc-12a">
         <name>.text</name>
         <load_address>0x1874</load_address>
         <run_address>0x1874</run_address>
         <size>0x7c</size>
         <input_file_ref idref="fl-4"/>
      </object_component>
      <object_component id="oc-4a">
         <name>.text</name>
         <load_address>0x18f0</load_address>
         <run_address>0x18f0</run_address>
         <size>0x7a</size>
         <input_file_ref idref="fl-e4"/>
      </object_component>
      <object_component id="oc-56">
         <name>.text</name>
         <load_address>0x196a</load_address>
         <run_address>0x196a</run_address>
         <size>0x2</size>
         <input_file_ref idref="fl-e5"/>
      </object_component>
      <object_component id="oc-62">
         <name>.text</name>
         <load_address>0x196c</load_address>
         <run_address>0x196c</run_address>
         <size>0x70</size>
         <input_file_ref idref="fl-f0"/>
      </object_component>
      <object_component id="oc-14">
         <name>.text:decompress:lzss</name>
         <load_address>0x19dc</load_address>
         <run_address>0x19dc</run_address>
         <size>0x68</size>
         <input_file_ref idref="fl-dc"/>
      </object_component>
      <object_component id="oc-26">
         <name>.text</name>
         <load_address>0x1a44</load_address>
         <run_address>0x1a44</run_address>
         <size>0x54</size>
         <input_file_ref idref="fl-db"/>
      </object_component>
      <object_component id="oc-6e">
         <name>.text</name>
         <load_address>0x1a98</load_address>
         <run_address>0x1a98</run_address>
         <size>0x54</size>
         <input_file_ref idref="fl-e0"/>
      </object_component>
      <object_component id="oc-cd">
         <name>.text</name>
         <load_address>0x1aec</load_address>
         <run_address>0x1aec</run_address>
         <size>0x4c</size>
         <input_file_ref idref="fl-f1"/>
      </object_component>
      <object_component id="oc-68">
         <name>.text</name>
         <load_address>0x1b38</load_address>
         <run_address>0x1b38</run_address>
         <size>0x18</size>
         <input_file_ref idref="fl-ef"/>
      </object_component>
      <object_component id="oc-15d">
         <name>.text</name>
         <load_address>0x1b50</load_address>
         <run_address>0x1b50</run_address>
         <size>0x14</size>
         <input_file_ref idref="fl-ee"/>
      </object_component>
      <object_component id="oc-1a">
         <name>.text:decompress:none</name>
         <load_address>0x1b64</load_address>
         <run_address>0x1b64</run_address>
         <size>0xe</size>
         <input_file_ref idref="fl-dd"/>
      </object_component>
      <object_component id="oc-78">
         <name>.text</name>
         <load_address>0x1b72</load_address>
         <run_address>0x1b72</run_address>
         <size>0xe</size>
         <input_file_ref idref="fl-1f"/>
      </object_component>
      <object_component id="oc-20">
         <name>.text:decompress:ZI</name>
         <load_address>0x1b80</load_address>
         <run_address>0x1b80</run_address>
         <size>0xc</size>
         <input_file_ref idref="fl-de"/>
      </object_component>
      <object_component id="oc-5c">
         <name>.text</name>
         <load_address>0x1b8c</load_address>
         <run_address>0x1b8c</run_address>
         <size>0x4</size>
         <input_file_ref idref="fl-e7"/>
      </object_component>
      <object_component id="oc-d3">
         <name>.text</name>
         <load_address>0x1b90</load_address>
         <run_address>0x1b90</run_address>
         <size>0x2</size>
         <input_file_ref idref="fl-fd"/>
      </object_component>
      <object_component id="oc-1d4">
         <name>.cinit..data.load</name>
         <load_address>0x1b98</load_address>
         <run_address>0x1b98</run_address>
         <size>0x12</size>
      </object_component>
      <object_component id="oc-1d2">
         <name>__TI_handler_table</name>
         <load_address>0x1bac</load_address>
         <run_address>0x1bac</run_address>
         <size>0xc</size>
      </object_component>
      <object_component id="oc-1d5">
         <name>.cinit..bss.load</name>
         <load_address>0x1bb8</load_address>
         <run_address>0x1bb8</run_address>
         <size>0x8</size>
      </object_component>
      <object_component id="oc-1d3">
         <name>__TI_cinit_table</name>
         <load_address>0x1bc0</load_address>
         <run_address>0x1bc0</run_address>
         <size>0x10</size>
      </object_component>
      <object_component id="oc-1af">
         <name>.binit</name>
         <load_address>0x0</load_address>
         <run_address>0x0</run_address>
         <size>0x0</size>
      </object_component>
      <object_component id="oc-106">
         <name>.data</name>
         <load_address>0x20000858</load_address>
         <run_address>0x20000858</run_address>
         <size>0x8</size>
         <input_file_ref idref="fl-15"/>
      </object_component>
      <object_component id="oc-120">
         <name>.data</name>
         <load_address>0x20000844</load_address>
         <run_address>0x20000844</run_address>
         <size>0xc</size>
         <input_file_ref idref="fl-16"/>
      </object_component>
      <object_component id="oc-169">
         <name>.data</name>
         <load_address>0x20000864</load_address>
         <run_address>0x20000864</run_address>
         <size>0x4</size>
         <input_file_ref idref="fl-20"/>
      </object_component>
      <object_component id="oc-e3">
         <name>.data:$O1$$</name>
         <load_address>0x20000838</load_address>
         <run_address>0x20000838</run_address>
         <size>0xc</size>
         <input_file_ref idref="fl-e0"/>
      </object_component>
      <object_component id="oc-74">
         <name>.data</name>
         <load_address>0x20000860</load_address>
         <run_address>0x20000860</run_address>
         <size>0x4</size>
         <input_file_ref idref="fl-e9"/>
      </object_component>
      <object_component id="oc-e6">
         <name>.data:$O1$$</name>
         <load_address>0x20000850</load_address>
         <run_address>0x20000850</run_address>
         <size>0x8</size>
         <input_file_ref idref="fl-ee"/>
      </object_component>
      <object_component id="oc-130">
         <name>.common:Port4Task</name>
         <uninitialized>true</uninitialized>
         <run_address>0x20000414</run_address>
         <size>0x4</size>
      </object_component>
      <object_component id="oc-114">
         <name>.common:Messageindexc</name>
         <uninitialized>true</uninitialized>
         <run_address>0x2000040c</run_address>
         <size>0x4</size>
      </object_component>
      <object_component id="oc-111">
         <name>.common:Messagec</name>
         <uninitialized>true</uninitialized>
         <run_address>0x20000404</run_address>
         <size>0x8</size>
      </object_component>
      <object_component id="oc-181">
         <name>.common:TxFifo0</name>
         <uninitialized>true</uninitialized>
         <run_address>0x20000382</run_address>
         <size>0x82</size>
      </object_component>
      <object_component id="oc-185">
         <name>.common:RxFifo0</name>
         <uninitialized>true</uninitialized>
         <run_address>0x20000300</run_address>
         <size>0x82</size>
      </object_component>
      <object_component id="oc-184">
         <name>.common:TxHistogram</name>
         <uninitialized>true</uninitialized>
         <run_address>0x20000000</run_address>
         <size>0x200</size>
      </object_component>
      <object_component id="oc-11d">
         <name>.common:LogicData</name>
         <uninitialized>true</uninitialized>
         <run_address>0x20000430</run_address>
         <size>0x1</size>
      </object_component>
      <object_component id="oc-123">
         <name>.common:PeriodicTask2</name>
         <uninitialized>true</uninitialized>
         <run_address>0x20000410</run_address>
         <size>0x4</size>
      </object_component>
      <object_component id="oc-f5">
         <name>.common:TimerA0Task</name>
         <uninitialized>true</uninitialized>
         <run_address>0x20000424</run_address>
         <size>0x4</size>
      </object_component>
      <object_component id="oc-fe">
         <name>.common:TimerA1Task</name>
         <uninitialized>true</uninitialized>
         <run_address>0x20000428</run_address>
         <size>0x4</size>
      </object_component>
      <object_component id="oc-102">
         <name>.common:TimerA2Task</name>
         <uninitialized>true</uninitialized>
         <run_address>0x2000042c</run_address>
         <size>0x4</size>
      </object_component>
      <object_component id="oc-116">
         <name>.common:RxPutI</name>
         <uninitialized>true</uninitialized>
         <run_address>0x20000420</run_address>
         <size>0x4</size>
      </object_component>
      <object_component id="oc-119">
         <name>.common:RxGetI</name>
         <uninitialized>true</uninitialized>
         <run_address>0x2000041c</run_address>
         <size>0x4</size>
      </object_component>
      <object_component id="oc-11a">
         <name>.common:RxFifoLost</name>
         <uninitialized>true</uninitialized>
         <run_address>0x20000418</run_address>
         <size>0x4</size>
      </object_component>
      <object_component id="oc-11b">
         <name>.common:RxFIFO</name>
         <uninitialized>true</uninitialized>
         <run_address>0x20000200</run_address>
         <size>0x100</size>
      </object_component>
      <object_component id="oc-30">
         <name>.sysmem</name>
         <uninitialized>true</uninitialized>
         <run_address>0x20000438</run_address>
         <size>0x8</size>
         <input_file_ref idref="fl-fb"/>
      </object_component>
      <object_component id="oc-1d7">
         <name>.sysmem</name>
         <uninitialized>true</uninitialized>
         <run_address>0x20000438</run_address>
         <size>0x0</size>
      </object_component>
      <object_component id="oc-2f">
         <name>.stack</name>
         <uninitialized>true</uninitialized>
         <run_address>0x2000fe00</run_address>
         <size>0x0</size>
         <input_file_ref idref="fl-db"/>
      </object_component>
      <object_component id="oc-1d6">
         <name>.stack</name>
         <uninitialized>true</uninitialized>
         <run_address>0x2000fe00</run_address>
         <size>0x0</size>
      </object_component>
      <object_component id="oc-1a3">
         <name>.debug_info</name>
         <load_address>0x0</load_address>
         <run_address>0x0</run_address>
         <size>0x50e</size>
         <input_file_ref idref="fl-2"/>
      </object_component>
      <object_component id="oc-16f">
         <name>.debug_info</name>
         <load_address>0x50e</load_address>
         <run_address>0x50e</run_address>
         <size>0x37e2</size>
         <input_file_ref idref="fl-2"/>
      </object_component>
      <object_component id="oc-174">
         <name>.debug_info</name>
         <load_address>0x3cf0</load_address>
         <run_address>0x3cf0</run_address>
         <size>0x1055</size>
         <input_file_ref idref="fl-2"/>
      </object_component>
      <object_component id="oc-39">
         <name>.debug_info</name>
         <load_address>0x4d45</load_address>
         <run_address>0x4d45</run_address>
         <size>0x84</size>
         <input_file_ref idref="fl-2"/>
      </object_component>
      <object_component id="oc-f9">
         <name>.debug_info</name>
         <load_address>0x4dc9</load_address>
         <run_address>0x4dc9</run_address>
         <size>0x18b</size>
         <input_file_ref idref="fl-2"/>
      </object_component>
      <object_component id="oc-12b">
         <name>.debug_info</name>
         <load_address>0x4f54</load_address>
         <run_address>0x4f54</run_address>
         <size>0x14d</size>
         <input_file_ref idref="fl-4"/>
      </object_component>
      <object_component id="oc-131">
         <name>.debug_info</name>
         <load_address>0x50a1</load_address>
         <run_address>0x50a1</run_address>
         <size>0x569</size>
         <input_file_ref idref="fl-5"/>
      </object_component>
      <object_component id="oc-ac">
         <name>.debug_info</name>
         <load_address>0x560a</load_address>
         <run_address>0x560a</run_address>
         <size>0x23a</size>
         <input_file_ref idref="fl-5"/>
      </object_component>
      <object_component id="oc-112">
         <name>.debug_info</name>
         <load_address>0x5844</load_address>
         <run_address>0x5844</run_address>
         <size>0x65a</size>
         <input_file_ref idref="fl-8"/>
      </object_component>
      <object_component id="oc-98">
         <name>.debug_info</name>
         <load_address>0x5e9e</load_address>
         <run_address>0x5e9e</run_address>
         <size>0xda7</size>
         <input_file_ref idref="fl-8"/>
      </object_component>
      <object_component id="oc-182">
         <name>.debug_info</name>
         <load_address>0x6c45</load_address>
         <run_address>0x6c45</run_address>
         <size>0x2c4</size>
         <input_file_ref idref="fl-9"/>
      </object_component>
      <object_component id="oc-10c">
         <name>.debug_info</name>
         <load_address>0x6f09</load_address>
         <run_address>0x6f09</run_address>
         <size>0x411</size>
         <input_file_ref idref="fl-9"/>
      </object_component>
      <object_component id="oc-1a6">
         <name>.debug_info</name>
         <load_address>0x731a</load_address>
         <run_address>0x731a</run_address>
         <size>0x76</size>
         <input_file_ref idref="fl-9"/>
      </object_component>
      <object_component id="oc-10a">
         <name>.debug_info</name>
         <load_address>0x7390</load_address>
         <run_address>0x7390</run_address>
         <size>0x524</size>
         <input_file_ref idref="fl-15"/>
      </object_component>
      <object_component id="oc-107">
         <name>.debug_info</name>
         <load_address>0x78b4</load_address>
         <run_address>0x78b4</run_address>
         <size>0xfe</size>
         <input_file_ref idref="fl-15"/>
      </object_component>
      <object_component id="oc-92">
         <name>.debug_info</name>
         <load_address>0x79b2</load_address>
         <run_address>0x79b2</run_address>
         <size>0x2c1</size>
         <input_file_ref idref="fl-15"/>
      </object_component>
      <object_component id="oc-11e">
         <name>.debug_info</name>
         <load_address>0x7c73</load_address>
         <run_address>0x7c73</run_address>
         <size>0x563</size>
         <input_file_ref idref="fl-16"/>
      </object_component>
      <object_component id="oc-121">
         <name>.debug_info</name>
         <load_address>0x81d6</load_address>
         <run_address>0x81d6</run_address>
         <size>0x159</size>
         <input_file_ref idref="fl-16"/>
      </object_component>
      <object_component id="oc-a3">
         <name>.debug_info</name>
         <load_address>0x832f</load_address>
         <run_address>0x832f</run_address>
         <size>0x11de</size>
         <input_file_ref idref="fl-16"/>
      </object_component>
      <object_component id="oc-125">
         <name>.debug_info</name>
         <load_address>0x950d</load_address>
         <run_address>0x950d</run_address>
         <size>0xb4</size>
         <input_file_ref idref="fl-16"/>
      </object_component>
      <object_component id="oc-f6">
         <name>.debug_info</name>
         <load_address>0x95c1</load_address>
         <run_address>0x95c1</run_address>
         <size>0x539</size>
         <input_file_ref idref="fl-18"/>
      </object_component>
      <object_component id="oc-7f">
         <name>.debug_info</name>
         <load_address>0x9afa</load_address>
         <run_address>0x9afa</run_address>
         <size>0x1fc</size>
         <input_file_ref idref="fl-18"/>
      </object_component>
      <object_component id="oc-ff">
         <name>.debug_info</name>
         <load_address>0x9cf6</load_address>
         <run_address>0x9cf6</run_address>
         <size>0x539</size>
         <input_file_ref idref="fl-19"/>
      </object_component>
      <object_component id="oc-86">
         <name>.debug_info</name>
         <load_address>0xa22f</load_address>
         <run_address>0xa22f</run_address>
         <size>0x1fc</size>
         <input_file_ref idref="fl-19"/>
      </object_component>
      <object_component id="oc-103">
         <name>.debug_info</name>
         <load_address>0xa42b</load_address>
         <run_address>0xa42b</run_address>
         <size>0x539</size>
         <input_file_ref idref="fl-1a"/>
      </object_component>
      <object_component id="oc-8c">
         <name>.debug_info</name>
         <load_address>0xa964</load_address>
         <run_address>0xa964</run_address>
         <size>0x1fc</size>
         <input_file_ref idref="fl-1a"/>
      </object_component>
      <object_component id="oc-117">
         <name>.debug_info</name>
         <load_address>0xab60</load_address>
         <run_address>0xab60</run_address>
         <size>0x599</size>
         <input_file_ref idref="fl-1c"/>
      </object_component>
      <object_component id="oc-9d">
         <name>.debug_info</name>
         <load_address>0xb0f9</load_address>
         <run_address>0xb0f9</run_address>
         <size>0x4bc</size>
         <input_file_ref idref="fl-1c"/>
      </object_component>
      <object_component id="oc-df">
         <name>.debug_info</name>
         <load_address>0xb5b5</load_address>
         <run_address>0xb5b5</run_address>
         <size>0xed</size>
         <input_file_ref idref="fl-1e"/>
      </object_component>
      <object_component id="oc-b0">
         <name>.debug_info</name>
         <load_address>0xb6a2</load_address>
         <run_address>0xb6a2</run_address>
         <size>0x2a7</size>
         <input_file_ref idref="fl-1f"/>
      </object_component>
      <object_component id="oc-2d">
         <name>.debug_info</name>
         <load_address>0xb949</load_address>
         <run_address>0xb949</run_address>
         <size>0xe5</size>
         <input_file_ref idref="fl-1f"/>
      </object_component>
      <object_component id="oc-7a">
         <name>.debug_info</name>
         <load_address>0xba2e</load_address>
         <run_address>0xba2e</run_address>
         <size>0x1ac</size>
         <input_file_ref idref="fl-1f"/>
      </object_component>
      <object_component id="oc-16a">
         <name>.debug_info</name>
         <load_address>0xbbda</load_address>
         <run_address>0xbbda</run_address>
         <size>0xde</size>
         <input_file_ref idref="fl-20"/>
      </object_component>
      <object_component id="oc-ef">
         <name>.debug_info</name>
         <load_address>0xbcb8</load_address>
         <run_address>0xbcb8</run_address>
         <size>0x250</size>
         <input_file_ref idref="fl-20"/>
      </object_component>
      <object_component id="oc-27">
         <name>.debug_info</name>
         <load_address>0xbf08</load_address>
         <run_address>0xbf08</run_address>
         <size>0x160</size>
         <input_file_ref idref="fl-db"/>
      </object_component>
      <object_component id="oc-ba">
         <name>.debug_info</name>
         <load_address>0xc068</load_address>
         <run_address>0xc068</run_address>
         <size>0x293</size>
         <input_file_ref idref="fl-dc"/>
      </object_component>
      <object_component id="oc-16">
         <name>.debug_info</name>
         <load_address>0xc2fb</load_address>
         <run_address>0xc2fb</run_address>
         <size>0x245</size>
         <input_file_ref idref="fl-dc"/>
      </object_component>
      <object_component id="oc-34">
         <name>.debug_info</name>
         <load_address>0xc540</load_address>
         <run_address>0xc540</run_address>
         <size>0x60</size>
         <input_file_ref idref="fl-dc"/>
      </object_component>
      <object_component id="oc-b5">
         <name>.debug_info</name>
         <load_address>0xc5a0</load_address>
         <run_address>0xc5a0</run_address>
         <size>0x46</size>
         <input_file_ref idref="fl-dc"/>
      </object_component>
      <object_component id="oc-49">
         <name>.debug_info</name>
         <load_address>0xc5e6</load_address>
         <run_address>0xc5e6</run_address>
         <size>0x2da</size>
         <input_file_ref idref="fl-dd"/>
      </object_component>
      <object_component id="oc-1c">
         <name>.debug_info</name>
         <load_address>0xc8c0</load_address>
         <run_address>0xc8c0</run_address>
         <size>0x1df</size>
         <input_file_ref idref="fl-dd"/>
      </object_component>
      <object_component id="oc-44">
         <name>.debug_info</name>
         <load_address>0xca9f</load_address>
         <run_address>0xca9f</run_address>
         <size>0x46</size>
         <input_file_ref idref="fl-dd"/>
      </object_component>
      <object_component id="oc-bc">
         <name>.debug_info</name>
         <load_address>0xcae5</load_address>
         <run_address>0xcae5</run_address>
         <size>0x2c</size>
         <input_file_ref idref="fl-dd"/>
      </object_component>
      <object_component id="oc-55">
         <name>.debug_info</name>
         <load_address>0xcb11</load_address>
         <run_address>0xcb11</run_address>
         <size>0x2c9</size>
         <input_file_ref idref="fl-de"/>
      </object_component>
      <object_component id="oc-22">
         <name>.debug_info</name>
         <load_address>0xcdda</load_address>
         <run_address>0xcdda</run_address>
         <size>0x1aa</size>
         <input_file_ref idref="fl-de"/>
      </object_component>
      <object_component id="oc-50">
         <name>.debug_info</name>
         <load_address>0xcf84</load_address>
         <run_address>0xcf84</run_address>
         <size>0x46</size>
         <input_file_ref idref="fl-de"/>
      </object_component>
      <object_component id="oc-c4">
         <name>.debug_info</name>
         <load_address>0xcfca</load_address>
         <run_address>0xcfca</run_address>
         <size>0x2c</size>
         <input_file_ref idref="fl-de"/>
      </object_component>
      <object_component id="oc-ea">
         <name>.debug_info</name>
         <load_address>0xcff6</load_address>
         <run_address>0xcff6</run_address>
         <size>0x3ce</size>
         <input_file_ref idref="fl-e0"/>
      </object_component>
      <object_component id="oc-e4">
         <name>.debug_info</name>
         <load_address>0xd3c4</load_address>
         <run_address>0xd3c4</run_address>
         <size>0x185</size>
         <input_file_ref idref="fl-e0"/>
      </object_component>
      <object_component id="oc-72">
         <name>.debug_info</name>
         <load_address>0xd549</load_address>
         <run_address>0xd549</run_address>
         <size>0x214</size>
         <input_file_ref idref="fl-e0"/>
      </object_component>
      <object_component id="oc-138">
         <name>.debug_info</name>
         <load_address>0xd75d</load_address>
         <run_address>0xd75d</run_address>
         <size>0x2c</size>
         <input_file_ref idref="fl-e1"/>
      </object_component>
      <object_component id="oc-40">
         <name>.debug_info</name>
         <load_address>0xd789</load_address>
         <run_address>0xd789</run_address>
         <size>0x111</size>
         <input_file_ref idref="fl-e3"/>
      </object_component>
      <object_component id="oc-4b">
         <name>.debug_info</name>
         <load_address>0xd89a</load_address>
         <run_address>0xd89a</run_address>
         <size>0x13f</size>
         <input_file_ref idref="fl-e4"/>
      </object_component>
      <object_component id="oc-57">
         <name>.debug_info</name>
         <load_address>0xd9d9</load_address>
         <run_address>0xd9d9</run_address>
         <size>0x138</size>
         <input_file_ref idref="fl-e5"/>
      </object_component>
      <object_component id="oc-5d">
         <name>.debug_info</name>
         <load_address>0xdb11</load_address>
         <run_address>0xdb11</run_address>
         <size>0x148</size>
         <input_file_ref idref="fl-e7"/>
      </object_component>
      <object_component id="oc-75">
         <name>.debug_info</name>
         <load_address>0xdc59</load_address>
         <run_address>0xdc59</run_address>
         <size>0x109</size>
         <input_file_ref idref="fl-e9"/>
      </object_component>
      <object_component id="oc-165">
         <name>.debug_info</name>
         <load_address>0xdd62</load_address>
         <run_address>0xdd62</run_address>
         <size>0x2be</size>
         <input_file_ref idref="fl-ee"/>
      </object_component>
      <object_component id="oc-e7">
         <name>.debug_info</name>
         <load_address>0xe020</load_address>
         <run_address>0xe020</run_address>
         <size>0x113</size>
         <input_file_ref idref="fl-ee"/>
      </object_component>
      <object_component id="oc-161">
         <name>.debug_info</name>
         <load_address>0xe133</load_address>
         <run_address>0xe133</run_address>
         <size>0x21f</size>
         <input_file_ref idref="fl-ee"/>
      </object_component>
      <object_component id="oc-e2">
         <name>.debug_info</name>
         <load_address>0xe352</load_address>
         <run_address>0xe352</run_address>
         <size>0x300</size>
         <input_file_ref idref="fl-ef"/>
      </object_component>
      <object_component id="oc-69">
         <name>.debug_info</name>
         <load_address>0xe652</load_address>
         <run_address>0xe652</run_address>
         <size>0x167</size>
         <input_file_ref idref="fl-ef"/>
      </object_component>
      <object_component id="oc-156">
         <name>.debug_info</name>
         <load_address>0xe7b9</load_address>
         <run_address>0xe7b9</run_address>
         <size>0x5e</size>
         <input_file_ref idref="fl-ef"/>
      </object_component>
      <object_component id="oc-da">
         <name>.debug_info</name>
         <load_address>0xe817</load_address>
         <run_address>0xe817</run_address>
         <size>0x483</size>
         <input_file_ref idref="fl-f0"/>
      </object_component>
      <object_component id="oc-64">
         <name>.debug_info</name>
         <load_address>0xec9a</load_address>
         <run_address>0xec9a</run_address>
         <size>0x190</size>
         <input_file_ref idref="fl-f0"/>
      </object_component>
      <object_component id="oc-149">
         <name>.debug_info</name>
         <load_address>0xee2a</load_address>
         <run_address>0xee2a</run_address>
         <size>0x39</size>
         <input_file_ref idref="fl-f0"/>
      </object_component>
      <object_component id="oc-199">
         <name>.debug_info</name>
         <load_address>0xee63</load_address>
         <run_address>0xee63</run_address>
         <size>0x39</size>
         <input_file_ref idref="fl-f0"/>
      </object_component>
      <object_component id="oc-14e">
         <name>.debug_info</name>
         <load_address>0xee9c</load_address>
         <run_address>0xee9c</run_address>
         <size>0xcd</size>
         <input_file_ref idref="fl-f0"/>
      </object_component>
      <object_component id="oc-145">
         <name>.debug_info</name>
         <load_address>0xef69</load_address>
         <run_address>0xef69</run_address>
         <size>0x37a</size>
         <input_file_ref idref="fl-f1"/>
      </object_component>
      <object_component id="oc-ce">
         <name>.debug_info</name>
         <load_address>0xf2e3</load_address>
         <run_address>0xf2e3</run_address>
         <size>0x183</size>
         <input_file_ref idref="fl-f1"/>
      </object_component>
      <object_component id="oc-194">
         <name>.debug_info</name>
         <load_address>0xf466</load_address>
         <run_address>0xf466</run_address>
         <size>0x2c</size>
         <input_file_ref idref="fl-f1"/>
      </object_component>
      <object_component id="oc-b3">
         <name>.debug_info</name>
         <load_address>0xf492</load_address>
         <run_address>0xf492</run_address>
         <size>0x3bc</size>
         <input_file_ref idref="fl-fb"/>
      </object_component>
      <object_component id="oc-31">
         <name>.debug_info</name>
         <load_address>0xf84e</load_address>
         <run_address>0xf84e</run_address>
         <size>0x101</size>
         <input_file_ref idref="fl-fb"/>
      </object_component>
      <object_component id="oc-13d">
         <name>.debug_info</name>
         <load_address>0xf94f</load_address>
         <run_address>0xf94f</run_address>
         <size>0x62</size>
         <input_file_ref idref="fl-fb"/>
      </object_component>
      <object_component id="oc-d4">
         <name>.debug_info</name>
         <load_address>0xf9b1</load_address>
         <run_address>0xf9b1</run_address>
         <size>0x145</size>
         <input_file_ref idref="fl-fd"/>
      </object_component>
      <object_component id="oc-1d8">
         <name>.debug_info</name>
         <load_address>0xfaf6</load_address>
         <run_address>0xfaf6</run_address>
         <size>0x94</size>
      </object_component>
      <object_component id="oc-1ac">
         <name>.debug_line</name>
         <load_address>0x0</load_address>
         <run_address>0x0</run_address>
         <size>0x20</size>
         <input_file_ref idref="fl-2"/>
      </object_component>
      <object_component id="oc-172">
         <name>.debug_line</name>
         <load_address>0x20</load_address>
         <run_address>0x20</run_address>
         <size>0x52</size>
         <input_file_ref idref="fl-2"/>
      </object_component>
      <object_component id="oc-177">
         <name>.debug_line</name>
         <load_address>0x72</load_address>
         <run_address>0x72</run_address>
         <size>0x55</size>
         <input_file_ref idref="fl-2"/>
      </object_component>
      <object_component id="oc-3c">
         <name>.debug_line</name>
         <load_address>0xc7</load_address>
         <run_address>0xc7</run_address>
         <size>0x20</size>
         <input_file_ref idref="fl-2"/>
      </object_component>
      <object_component id="oc-fc">
         <name>.debug_line</name>
         <load_address>0xe7</load_address>
         <run_address>0xe7</run_address>
         <size>0x65</size>
         <input_file_ref idref="fl-2"/>
      </object_component>
      <object_component id="oc-12e">
         <name>.debug_line</name>
         <load_address>0x14c</load_address>
         <run_address>0x14c</run_address>
         <size>0x64</size>
         <input_file_ref idref="fl-4"/>
      </object_component>
      <object_component id="oc-191">
         <name>.debug_line</name>
         <load_address>0x1b0</load_address>
         <run_address>0x1b0</run_address>
         <size>0x30</size>
         <input_file_ref idref="fl-5"/>
      </object_component>
      <object_component id="oc-a9">
         <name>.debug_line</name>
         <load_address>0x1e0</load_address>
         <run_address>0x1e0</run_address>
         <size>0x90</size>
         <input_file_ref idref="fl-5"/>
      </object_component>
      <object_component id="oc-188">
         <name>.debug_line</name>
         <load_address>0x270</load_address>
         <run_address>0x270</run_address>
         <size>0x45</size>
         <input_file_ref idref="fl-8"/>
      </object_component>
      <object_component id="oc-9b">
         <name>.debug_line</name>
         <load_address>0x2b5</load_address>
         <run_address>0x2b5</run_address>
         <size>0x3ac</size>
         <input_file_ref idref="fl-8"/>
      </object_component>
      <object_component id="oc-1a5">
         <name>.debug_line</name>
         <load_address>0x661</load_address>
         <run_address>0x661</run_address>
         <size>0x2e</size>
         <input_file_ref idref="fl-9"/>
      </object_component>
      <object_component id="oc-10f">
         <name>.debug_line</name>
         <load_address>0x68f</load_address>
         <run_address>0x68f</run_address>
         <size>0x149</size>
         <input_file_ref idref="fl-9"/>
      </object_component>
      <object_component id="oc-1a9">
         <name>.debug_line</name>
         <load_address>0x7d8</load_address>
         <run_address>0x7d8</run_address>
         <size>0x2e</size>
         <input_file_ref idref="fl-9"/>
      </object_component>
      <object_component id="oc-180">
         <name>.debug_line</name>
         <load_address>0x806</load_address>
         <run_address>0x806</run_address>
         <size>0x20</size>
         <input_file_ref idref="fl-15"/>
      </object_component>
      <object_component id="oc-17e">
         <name>.debug_line</name>
         <load_address>0x826</load_address>
         <run_address>0x826</run_address>
         <size>0x38</size>
         <input_file_ref idref="fl-15"/>
      </object_component>
      <object_component id="oc-91">
         <name>.debug_line</name>
         <load_address>0x85e</load_address>
         <run_address>0x85e</run_address>
         <size>0xa9</size>
         <input_file_ref idref="fl-15"/>
      </object_component>
      <object_component id="oc-18c">
         <name>.debug_line</name>
         <load_address>0x907</load_address>
         <run_address>0x907</run_address>
         <size>0x2e</size>
         <input_file_ref idref="fl-16"/>
      </object_component>
      <object_component id="oc-18e">
         <name>.debug_line</name>
         <load_address>0x935</load_address>
         <run_address>0x935</run_address>
         <size>0x2e</size>
         <input_file_ref idref="fl-16"/>
      </object_component>
      <object_component id="oc-a7">
         <name>.debug_line</name>
         <load_address>0x963</load_address>
         <run_address>0x963</run_address>
         <size>0x5d6</size>
         <input_file_ref idref="fl-16"/>
      </object_component>
      <object_component id="oc-128">
         <name>.debug_line</name>
         <load_address>0xf39</load_address>
         <run_address>0xf39</run_address>
         <size>0x35</size>
         <input_file_ref idref="fl-16"/>
      </object_component>
      <object_component id="oc-16e">
         <name>.debug_line</name>
         <load_address>0xf6e</load_address>
         <run_address>0xf6e</run_address>
         <size>0x30</size>
         <input_file_ref idref="fl-18"/>
      </object_component>
      <object_component id="oc-82">
         <name>.debug_line</name>
         <load_address>0xf9e</load_address>
         <run_address>0xf9e</run_address>
         <size>0x87</size>
         <input_file_ref idref="fl-18"/>
      </object_component>
      <object_component id="oc-17a">
         <name>.debug_line</name>
         <load_address>0x1025</load_address>
         <run_address>0x1025</run_address>
         <size>0x30</size>
         <input_file_ref idref="fl-19"/>
      </object_component>
      <object_component id="oc-88">
         <name>.debug_line</name>
         <load_address>0x1055</load_address>
         <run_address>0x1055</run_address>
         <size>0x87</size>
         <input_file_ref idref="fl-19"/>
      </object_component>
      <object_component id="oc-17c">
         <name>.debug_line</name>
         <load_address>0x10dc</load_address>
         <run_address>0x10dc</run_address>
         <size>0x30</size>
         <input_file_ref idref="fl-1a"/>
      </object_component>
      <object_component id="oc-8f">
         <name>.debug_line</name>
         <load_address>0x110c</load_address>
         <run_address>0x110c</run_address>
         <size>0x87</size>
         <input_file_ref idref="fl-1a"/>
      </object_component>
      <object_component id="oc-18a">
         <name>.debug_line</name>
         <load_address>0x1193</load_address>
         <run_address>0x1193</run_address>
         <size>0x2e</size>
         <input_file_ref idref="fl-1c"/>
      </object_component>
      <object_component id="oc-a0">
         <name>.debug_line</name>
         <load_address>0x11c1</load_address>
         <run_address>0x11c1</run_address>
         <size>0x16d</size>
         <input_file_ref idref="fl-1c"/>
      </object_component>
      <object_component id="oc-dc">
         <name>.debug_line</name>
         <load_address>0x132e</load_address>
         <run_address>0x132e</run_address>
         <size>0x42</size>
         <input_file_ref idref="fl-1e"/>
      </object_component>
      <object_component id="oc-135">
         <name>.debug_line</name>
         <load_address>0x1370</load_address>
         <run_address>0x1370</run_address>
         <size>0x40</size>
         <input_file_ref idref="fl-1f"/>
      </object_component>
      <object_component id="oc-af">
         <name>.debug_line</name>
         <load_address>0x13b0</load_address>
         <run_address>0x13b0</run_address>
         <size>0x40</size>
         <input_file_ref idref="fl-1f"/>
      </object_component>
      <object_component id="oc-7d">
         <name>.debug_line</name>
         <load_address>0x13f0</load_address>
         <run_address>0x13f0</run_address>
         <size>0x71</size>
         <input_file_ref idref="fl-1f"/>
      </object_component>
      <object_component id="oc-1a2">
         <name>.debug_line</name>
         <load_address>0x1461</load_address>
         <run_address>0x1461</run_address>
         <size>0x3b</size>
         <input_file_ref idref="fl-20"/>
      </object_component>
      <object_component id="oc-f2">
         <name>.debug_line</name>
         <load_address>0x149c</load_address>
         <run_address>0x149c</run_address>
         <size>0x146</size>
         <input_file_ref idref="fl-20"/>
      </object_component>
      <object_component id="oc-2a">
         <name>.debug_line</name>
         <load_address>0x15e2</load_address>
         <run_address>0x15e2</run_address>
         <size>0x53</size>
         <input_file_ref idref="fl-db"/>
      </object_component>
      <object_component id="oc-143">
         <name>.debug_line</name>
         <load_address>0x1635</load_address>
         <run_address>0x1635</run_address>
         <size>0x20</size>
         <input_file_ref idref="fl-dc"/>
      </object_component>
      <object_component id="oc-19">
         <name>.debug_line</name>
         <load_address>0x1655</load_address>
         <run_address>0x1655</run_address>
         <size>0xa9</size>
         <input_file_ref idref="fl-dc"/>
      </object_component>
      <object_component id="oc-37">
         <name>.debug_line</name>
         <load_address>0x16fe</load_address>
         <run_address>0x16fe</run_address>
         <size>0x3a</size>
         <input_file_ref idref="fl-dc"/>
      </object_component>
      <object_component id="oc-b8">
         <name>.debug_line</name>
         <load_address>0x1738</load_address>
         <run_address>0x1738</run_address>
         <size>0x8a</size>
         <input_file_ref idref="fl-dc"/>
      </object_component>
      <object_component id="oc-c2">
         <name>.debug_line</name>
         <load_address>0x17c2</load_address>
         <run_address>0x17c2</run_address>
         <size>0x8a</size>
         <input_file_ref idref="fl-dd"/>
      </object_component>
      <object_component id="oc-1f">
         <name>.debug_line</name>
         <load_address>0x184c</load_address>
         <run_address>0x184c</run_address>
         <size>0x55</size>
         <input_file_ref idref="fl-dd"/>
      </object_component>
      <object_component id="oc-47">
         <name>.debug_line</name>
         <load_address>0x18a1</load_address>
         <run_address>0x18a1</run_address>
         <size>0x3a</size>
         <input_file_ref idref="fl-dd"/>
      </object_component>
      <object_component id="oc-bf">
         <name>.debug_line</name>
         <load_address>0x18db</load_address>
         <run_address>0x18db</run_address>
         <size>0x8a</size>
         <input_file_ref idref="fl-dd"/>
      </object_component>
      <object_component id="oc-ca">
         <name>.debug_line</name>
         <load_address>0x1965</load_address>
         <run_address>0x1965</run_address>
         <size>0x8a</size>
         <input_file_ref idref="fl-de"/>
      </object_component>
      <object_component id="oc-25">
         <name>.debug_line</name>
         <load_address>0x19ef</load_address>
         <run_address>0x19ef</run_address>
         <size>0x4f</size>
         <input_file_ref idref="fl-de"/>
      </object_component>
      <object_component id="oc-53">
         <name>.debug_line</name>
         <load_address>0x1a3e</load_address>
         <run_address>0x1a3e</run_address>
         <size>0x34</size>
         <input_file_ref idref="fl-de"/>
      </object_component>
      <object_component id="oc-c7">
         <name>.debug_line</name>
         <load_address>0x1a72</load_address>
         <run_address>0x1a72</run_address>
         <size>0x8a</size>
         <input_file_ref idref="fl-de"/>
      </object_component>
      <object_component id="oc-168">
         <name>.debug_line</name>
         <load_address>0x1afc</load_address>
         <run_address>0x1afc</run_address>
         <size>0xf2</size>
         <input_file_ref idref="fl-e0"/>
      </object_component>
      <object_component id="oc-15c">
         <name>.debug_line</name>
         <load_address>0x1bee</load_address>
         <run_address>0x1bee</run_address>
         <size>0x2a</size>
         <input_file_ref idref="fl-e0"/>
      </object_component>
      <object_component id="oc-70">
         <name>.debug_line</name>
         <load_address>0x1c18</load_address>
         <run_address>0x1c18</run_address>
         <size>0x86</size>
         <input_file_ref idref="fl-e0"/>
      </object_component>
      <object_component id="oc-13b">
         <name>.debug_line</name>
         <load_address>0x1c9e</load_address>
         <run_address>0x1c9e</run_address>
         <size>0x8a</size>
         <input_file_ref idref="fl-e1"/>
      </object_component>
      <object_component id="oc-42">
         <name>.debug_line</name>
         <load_address>0x1d28</load_address>
         <run_address>0x1d28</run_address>
         <size>0x88</size>
         <input_file_ref idref="fl-e3"/>
      </object_component>
      <object_component id="oc-4e">
         <name>.debug_line</name>
         <load_address>0x1db0</load_address>
         <run_address>0x1db0</run_address>
         <size>0x79</size>
         <input_file_ref idref="fl-e4"/>
      </object_component>
      <object_component id="oc-5a">
         <name>.debug_line</name>
         <load_address>0x1e29</load_address>
         <run_address>0x1e29</run_address>
         <size>0x3d</size>
         <input_file_ref idref="fl-e5"/>
      </object_component>
      <object_component id="oc-60">
         <name>.debug_line</name>
         <load_address>0x1e66</load_address>
         <run_address>0x1e66</run_address>
         <size>0x40</size>
         <input_file_ref idref="fl-e7"/>
      </object_component>
      <object_component id="oc-ed">
         <name>.debug_line</name>
         <load_address>0x1ea6</load_address>
         <run_address>0x1ea6</run_address>
         <size>0x33</size>
         <input_file_ref idref="fl-e9"/>
      </object_component>
      <object_component id="oc-1a0">
         <name>.debug_line</name>
         <load_address>0x1ed9</load_address>
         <run_address>0x1ed9</run_address>
         <size>0x20</size>
         <input_file_ref idref="fl-ee"/>
      </object_component>
      <object_component id="oc-164">
         <name>.debug_line</name>
         <load_address>0x1ef9</load_address>
         <run_address>0x1ef9</run_address>
         <size>0x2b</size>
         <input_file_ref idref="fl-ee"/>
      </object_component>
      <object_component id="oc-15f">
         <name>.debug_line</name>
         <load_address>0x1f24</load_address>
         <run_address>0x1f24</run_address>
         <size>0x68</size>
         <input_file_ref idref="fl-ee"/>
      </object_component>
      <object_component id="oc-155">
         <name>.debug_line</name>
         <load_address>0x1f8c</load_address>
         <run_address>0x1f8c</run_address>
         <size>0x2b</size>
         <input_file_ref idref="fl-ef"/>
      </object_component>
      <object_component id="oc-6c">
         <name>.debug_line</name>
         <load_address>0x1fb7</load_address>
         <run_address>0x1fb7</run_address>
         <size>0x4a</size>
         <input_file_ref idref="fl-ef"/>
      </object_component>
      <object_component id="oc-159">
         <name>.debug_line</name>
         <load_address>0x2001</load_address>
         <run_address>0x2001</run_address>
         <size>0x2b</size>
         <input_file_ref idref="fl-ef"/>
      </object_component>
      <object_component id="oc-148">
         <name>.debug_line</name>
         <load_address>0x202c</load_address>
         <run_address>0x202c</run_address>
         <size>0xa9</size>
         <input_file_ref idref="fl-f0"/>
      </object_component>
      <object_component id="oc-67">
         <name>.debug_line</name>
         <load_address>0x20d5</load_address>
         <run_address>0x20d5</run_address>
         <size>0x8b</size>
         <input_file_ref idref="fl-f0"/>
      </object_component>
      <object_component id="oc-14c">
         <name>.debug_line</name>
         <load_address>0x2160</load_address>
         <run_address>0x2160</run_address>
         <size>0x2e</size>
         <input_file_ref idref="fl-f0"/>
      </object_component>
      <object_component id="oc-19c">
         <name>.debug_line</name>
         <load_address>0x218e</load_address>
         <run_address>0x218e</run_address>
         <size>0x8a</size>
         <input_file_ref idref="fl-f0"/>
      </object_component>
      <object_component id="oc-151">
         <name>.debug_line</name>
         <load_address>0x2218</load_address>
         <run_address>0x2218</run_address>
         <size>0x8b</size>
         <input_file_ref idref="fl-f0"/>
      </object_component>
      <object_component id="oc-193">
         <name>.debug_line</name>
         <load_address>0x22a3</load_address>
         <run_address>0x22a3</run_address>
         <size>0x98</size>
         <input_file_ref idref="fl-f1"/>
      </object_component>
      <object_component id="oc-d1">
         <name>.debug_line</name>
         <load_address>0x233b</load_address>
         <run_address>0x233b</run_address>
         <size>0x68</size>
         <input_file_ref idref="fl-f1"/>
      </object_component>
      <object_component id="oc-197">
         <name>.debug_line</name>
         <load_address>0x23a3</load_address>
         <run_address>0x23a3</run_address>
         <size>0x2e</size>
         <input_file_ref idref="fl-f1"/>
      </object_component>
      <object_component id="oc-137">
         <name>.debug_line</name>
         <load_address>0x23d1</load_address>
         <run_address>0x23d1</run_address>
         <size>0xff</size>
         <input_file_ref idref="fl-fb"/>
      </object_component>
      <object_component id="oc-b2">
         <name>.debug_line</name>
         <load_address>0x24d0</load_address>
         <run_address>0x24d0</run_address>
         <size>0x2c</size>
         <input_file_ref idref="fl-fb"/>
      </object_component>
      <object_component id="oc-140">
         <name>.debug_line</name>
         <load_address>0x24fc</load_address>
         <run_address>0x24fc</run_address>
         <size>0x2c</size>
         <input_file_ref idref="fl-fb"/>
      </object_component>
      <object_component id="oc-d8">
         <name>.debug_line</name>
         <load_address>0x2528</load_address>
         <run_address>0x2528</run_address>
         <size>0x3c</size>
         <input_file_ref idref="fl-fd"/>
      </object_component>
      <object_component id="oc-1ab">
         <name>.debug_abbrev</name>
         <load_address>0x0</load_address>
         <run_address>0x0</run_address>
         <size>0x71</size>
         <input_file_ref idref="fl-2"/>
      </object_component>
      <object_component id="oc-171">
         <name>.debug_abbrev</name>
         <load_address>0x71</load_address>
         <run_address>0x71</run_address>
         <size>0xbd</size>
         <input_file_ref idref="fl-2"/>
      </object_component>
      <object_component id="oc-176">
         <name>.debug_abbrev</name>
         <load_address>0x12e</load_address>
         <run_address>0x12e</run_address>
         <size>0x97</size>
         <input_file_ref idref="fl-2"/>
      </object_component>
      <object_component id="oc-3b">
         <name>.debug_abbrev</name>
         <load_address>0x1c5</load_address>
         <run_address>0x1c5</run_address>
         <size>0x1f</size>
         <input_file_ref idref="fl-2"/>
      </object_component>
      <object_component id="oc-fb">
         <name>.debug_abbrev</name>
         <load_address>0x1e4</load_address>
         <run_address>0x1e4</run_address>
         <size>0x35</size>
         <input_file_ref idref="fl-2"/>
      </object_component>
      <object_component id="oc-18f">
         <name>.debug_abbrev</name>
         <load_address>0x219</load_address>
         <run_address>0x219</run_address>
         <size>0x8d</size>
         <input_file_ref idref="fl-4"/>
      </object_component>
      <object_component id="oc-190">
         <name>.debug_abbrev</name>
         <load_address>0x2a6</load_address>
         <run_address>0x2a6</run_address>
         <size>0xad</size>
         <input_file_ref idref="fl-5"/>
      </object_component>
      <object_component id="oc-133">
         <name>.debug_abbrev</name>
         <load_address>0x353</load_address>
         <run_address>0x353</run_address>
         <size>0xa9</size>
         <input_file_ref idref="fl-5"/>
      </object_component>
      <object_component id="oc-187">
         <name>.debug_abbrev</name>
         <load_address>0x3fc</load_address>
         <run_address>0x3fc</run_address>
         <size>0xd7</size>
         <input_file_ref idref="fl-8"/>
      </object_component>
      <object_component id="oc-115">
         <name>.debug_abbrev</name>
         <load_address>0x4d3</load_address>
         <run_address>0x4d3</run_address>
         <size>0x15d</size>
         <input_file_ref idref="fl-8"/>
      </object_component>
      <object_component id="oc-1a4">
         <name>.debug_abbrev</name>
         <load_address>0x630</load_address>
         <run_address>0x630</run_address>
         <size>0x74</size>
         <input_file_ref idref="fl-9"/>
      </object_component>
      <object_component id="oc-186">
         <name>.debug_abbrev</name>
         <load_address>0x6a4</load_address>
         <run_address>0x6a4</run_address>
         <size>0xa9</size>
         <input_file_ref idref="fl-9"/>
      </object_component>
      <object_component id="oc-1a8">
         <name>.debug_abbrev</name>
         <load_address>0x74d</load_address>
         <run_address>0x74d</run_address>
         <size>0x4b</size>
         <input_file_ref idref="fl-9"/>
      </object_component>
      <object_component id="oc-17f">
         <name>.debug_abbrev</name>
         <load_address>0x798</load_address>
         <run_address>0x798</run_address>
         <size>0x81</size>
         <input_file_ref idref="fl-15"/>
      </object_component>
      <object_component id="oc-17d">
         <name>.debug_abbrev</name>
         <load_address>0x819</load_address>
         <run_address>0x819</run_address>
         <size>0x29</size>
         <input_file_ref idref="fl-15"/>
      </object_component>
      <object_component id="oc-109">
         <name>.debug_abbrev</name>
         <load_address>0x842</load_address>
         <run_address>0x842</run_address>
         <size>0x7b</size>
         <input_file_ref idref="fl-15"/>
      </object_component>
      <object_component id="oc-18b">
         <name>.debug_abbrev</name>
         <load_address>0x8bd</load_address>
         <run_address>0x8bd</run_address>
         <size>0x8e</size>
         <input_file_ref idref="fl-16"/>
      </object_component>
      <object_component id="oc-18d">
         <name>.debug_abbrev</name>
         <load_address>0x94b</load_address>
         <run_address>0x94b</run_address>
         <size>0x29</size>
         <input_file_ref idref="fl-16"/>
      </object_component>
      <object_component id="oc-124">
         <name>.debug_abbrev</name>
         <load_address>0x974</load_address>
         <run_address>0x974</run_address>
         <size>0x112</size>
         <input_file_ref idref="fl-16"/>
      </object_component>
      <object_component id="oc-127">
         <name>.debug_abbrev</name>
         <load_address>0xa86</load_address>
         <run_address>0xa86</run_address>
         <size>0x33</size>
         <input_file_ref idref="fl-16"/>
      </object_component>
      <object_component id="oc-16d">
         <name>.debug_abbrev</name>
         <load_address>0xab9</load_address>
         <run_address>0xab9</run_address>
         <size>0x8e</size>
         <input_file_ref idref="fl-18"/>
      </object_component>
      <object_component id="oc-f8">
         <name>.debug_abbrev</name>
         <load_address>0xb47</load_address>
         <run_address>0xb47</run_address>
         <size>0x7b</size>
         <input_file_ref idref="fl-18"/>
      </object_component>
      <object_component id="oc-179">
         <name>.debug_abbrev</name>
         <load_address>0xbc2</load_address>
         <run_address>0xbc2</run_address>
         <size>0x8e</size>
         <input_file_ref idref="fl-19"/>
      </object_component>
      <object_component id="oc-101">
         <name>.debug_abbrev</name>
         <load_address>0xc50</load_address>
         <run_address>0xc50</run_address>
         <size>0x7b</size>
         <input_file_ref idref="fl-19"/>
      </object_component>
      <object_component id="oc-17b">
         <name>.debug_abbrev</name>
         <load_address>0xccb</load_address>
         <run_address>0xccb</run_address>
         <size>0x8e</size>
         <input_file_ref idref="fl-1a"/>
      </object_component>
      <object_component id="oc-105">
         <name>.debug_abbrev</name>
         <load_address>0xd59</load_address>
         <run_address>0xd59</run_address>
         <size>0x7b</size>
         <input_file_ref idref="fl-1a"/>
      </object_component>
      <object_component id="oc-189">
         <name>.debug_abbrev</name>
         <load_address>0xdd4</load_address>
         <run_address>0xdd4</run_address>
         <size>0x9d</size>
         <input_file_ref idref="fl-1c"/>
      </object_component>
      <object_component id="oc-11c">
         <name>.debug_abbrev</name>
         <load_address>0xe71</load_address>
         <run_address>0xe71</run_address>
         <size>0xa9</size>
         <input_file_ref idref="fl-1c"/>
      </object_component>
      <object_component id="oc-153">
         <name>.debug_abbrev</name>
         <load_address>0xf1a</load_address>
         <run_address>0xf1a</run_address>
         <size>0x50</size>
         <input_file_ref idref="fl-1e"/>
      </object_component>
      <object_component id="oc-134">
         <name>.debug_abbrev</name>
         <load_address>0xf6a</load_address>
         <run_address>0xf6a</run_address>
         <size>0x73</size>
         <input_file_ref idref="fl-1f"/>
      </object_component>
      <object_component id="oc-ae">
         <name>.debug_abbrev</name>
         <load_address>0xfdd</load_address>
         <run_address>0xfdd</run_address>
         <size>0x29</size>
         <input_file_ref idref="fl-1f"/>
      </object_component>
      <object_component id="oc-f4">
         <name>.debug_abbrev</name>
         <load_address>0x1006</load_address>
         <run_address>0x1006</run_address>
         <size>0x89</size>
         <input_file_ref idref="fl-1f"/>
      </object_component>
      <object_component id="oc-1a1">
         <name>.debug_abbrev</name>
         <load_address>0x108f</load_address>
         <run_address>0x108f</run_address>
         <size>0x29</size>
         <input_file_ref idref="fl-20"/>
      </object_component>
      <object_component id="oc-16c">
         <name>.debug_abbrev</name>
         <load_address>0x10b8</load_address>
         <run_address>0x10b8</run_address>
         <size>0x8b</size>
         <input_file_ref idref="fl-20"/>
      </object_component>
      <object_component id="oc-77">
         <name>.debug_abbrev</name>
         <load_address>0x1143</load_address>
         <run_address>0x1143</run_address>
         <size>0x3e</size>
         <input_file_ref idref="fl-db"/>
      </object_component>
      <object_component id="oc-142">
         <name>.debug_abbrev</name>
         <load_address>0x1181</load_address>
         <run_address>0x1181</run_address>
         <size>0x37</size>
         <input_file_ref idref="fl-dc"/>
      </object_component>
      <object_component id="oc-33">
         <name>.debug_abbrev</name>
         <load_address>0x11b8</load_address>
         <run_address>0x11b8</run_address>
         <size>0x6f</size>
         <input_file_ref idref="fl-dc"/>
      </object_component>
      <object_component id="oc-36">
         <name>.debug_abbrev</name>
         <load_address>0x1227</load_address>
         <run_address>0x1227</run_address>
         <size>0x24</size>
         <input_file_ref idref="fl-dc"/>
      </object_component>
      <object_component id="oc-b7">
         <name>.debug_abbrev</name>
         <load_address>0x124b</load_address>
         <run_address>0x124b</run_address>
         <size>0x35</size>
         <input_file_ref idref="fl-dc"/>
      </object_component>
      <object_component id="oc-c1">
         <name>.debug_abbrev</name>
         <load_address>0x1280</load_address>
         <run_address>0x1280</run_address>
         <size>0x5d</size>
         <input_file_ref idref="fl-dd"/>
      </object_component>
      <object_component id="oc-43">
         <name>.debug_abbrev</name>
         <load_address>0x12dd</load_address>
         <run_address>0x12dd</run_address>
         <size>0x74</size>
         <input_file_ref idref="fl-dd"/>
      </object_component>
      <object_component id="oc-46">
         <name>.debug_abbrev</name>
         <load_address>0x1351</load_address>
         <run_address>0x1351</run_address>
         <size>0x24</size>
         <input_file_ref idref="fl-dd"/>
      </object_component>
      <object_component id="oc-be">
         <name>.debug_abbrev</name>
         <load_address>0x1375</load_address>
         <run_address>0x1375</run_address>
         <size>0x24</size>
         <input_file_ref idref="fl-dd"/>
      </object_component>
      <object_component id="oc-c9">
         <name>.debug_abbrev</name>
         <load_address>0x1399</load_address>
         <run_address>0x1399</run_address>
         <size>0x5d</size>
         <input_file_ref idref="fl-de"/>
      </object_component>
      <object_component id="oc-4f">
         <name>.debug_abbrev</name>
         <load_address>0x13f6</load_address>
         <run_address>0x13f6</run_address>
         <size>0x74</size>
         <input_file_ref idref="fl-de"/>
      </object_component>
      <object_component id="oc-52">
         <name>.debug_abbrev</name>
         <load_address>0x146a</load_address>
         <run_address>0x146a</run_address>
         <size>0x24</size>
         <input_file_ref idref="fl-de"/>
      </object_component>
      <object_component id="oc-c6">
         <name>.debug_abbrev</name>
         <load_address>0x148e</load_address>
         <run_address>0x148e</run_address>
         <size>0x24</size>
         <input_file_ref idref="fl-de"/>
      </object_component>
      <object_component id="oc-167">
         <name>.debug_abbrev</name>
         <load_address>0x14b2</load_address>
         <run_address>0x14b2</run_address>
         <size>0xb3</size>
         <input_file_ref idref="fl-e0"/>
      </object_component>
      <object_component id="oc-15b">
         <name>.debug_abbrev</name>
         <load_address>0x1565</load_address>
         <run_address>0x1565</run_address>
         <size>0x29</size>
         <input_file_ref idref="fl-e0"/>
      </object_component>
      <object_component id="oc-e9">
         <name>.debug_abbrev</name>
         <load_address>0x158e</load_address>
         <run_address>0x158e</run_address>
         <size>0xba</size>
         <input_file_ref idref="fl-e0"/>
      </object_component>
      <object_component id="oc-13a">
         <name>.debug_abbrev</name>
[...]
         <name>TExaS_Task5</name>
         <value>0x399</value>
         <object_component_ref idref="oc-a2"/>
      </symbol>
      <symbol id="sm-227">
         <name>TExaS_Task6</name>
         <value>0x3a5</value>
         <object_component_ref idref="oc-a2"/>
      </symbol>
      <symbol id="sm-228">
         <name>Scope</name>
         <value>0x1d3</value>
         <object_component_ref idref="oc-a2"/>
      </symbol>
      <symbol id="sm-229">
         <name>TExaS_Set0</name>
         <value>0x3c9</value>
         <object_component_ref idref="oc-a2"/>
      </symbol>
      <symbol id="sm-22a">
         <name>TExaS_Set1</name>
         <value>0x3d5</value>
         <object_component_ref idref="oc-a2"/>
      </symbol>
      <symbol id="sm-22b">
         <name>TExaS_Set2</name>
         <value>0x3e1</value>
         <object_component_ref idref="oc-a2"/>
      </symbol>
      <symbol id="sm-22c">
         <name>TExaS_Set3</name>
         <value>0x3ed</value>
         <object_component_ref idref="oc-a2"/>
      </symbol>
      <symbol id="sm-22d">
         <name>TExaS_Set4</name>
         <value>0x3f9</value>
         <object_component_ref idref="oc-a2"/>
      </symbol>
      <symbol id="sm-22e">
         <name>TExaS_Set5</name>
         <value>0x3fb</value>
         <object_component_ref idref="oc-a2"/>
      </symbol>
      <symbol id="sm-22f">
         <name>TExaS_Set6</name>
         <value>0x407</value>
         <object_component_ref idref="oc-a2"/>
      </symbol>
      <symbol id="sm-230">
         <name>TExaS_ScopeErrLostData</name>
         <value>0x20000844</value>
         <object_component_ref idref="oc-120"/>
      </symbol>
      <symbol id="sm-231">
         <name>PeriodicTask2_Stop</name>
         <value>0x2d1</value>
         <object_component_ref idref="oc-a2"/>
      </symbol>
      <symbol id="sm-232">
         <name>LogicAnalyzer_P10</name>
         <value>0x1c5</value>
         <object_component_ref idref="oc-a2"/>
      </symbol>
      <symbol id="sm-233">
         <name>TExaS_Init</name>
         <value>0x551</value>
         <object_component_ref idref="oc-a2"/>
      </symbol>
      <symbol id="sm-234">
         <name>UART_InChar</name>
         <value>0x33b</value>
         <object_component_ref idref="oc-a2"/>
      </symbol>
      <symbol id="sm-235">
         <name>LogicAnalyzer</name>
         <value>0xe5</value>
         <object_component_ref idref="oc-a2"/>
      </symbol>
      <symbol id="sm-236">
         <name>LogicAnalyzer_P4_765320</name>
         <value>0x147</value>
         <object_component_ref idref="oc-a2"/>
      </symbol>
      <symbol id="sm-237">
         <name>T32_INT1_IRQHandler</name>
         <value>0x2c1</value>
         <object_component_ref idref="oc-a2"/>
      </symbol>
      <symbol id="sm-238">
         <name>UART_Init</name>
         <value>0x2e1</value>
         <object_component_ref idref="oc-a2"/>
      </symbol>
      <symbol id="sm-239">
         <name>LogicAnalyzer_P2_7654</name>
         <value>0x10b</value>
         <object_component_ref idref="oc-a2"/>
      </symbol>
      <symbol id="sm-23a">
         <name>UART_OutChar</name>
         <value>0x34b</value>
         <object_component_ref idref="oc-a2"/>
      </symbol>
      <symbol id="sm-23b">
         <name>TExaS_Set</name>
         <value>0x3b1</value>
         <object_component_ref idref="oc-a2"/>
      </symbol>
      <symbol id="sm-254">
         <name>TimerA0Task</name>
         <value>0x20000424</value>
      </symbol>
      <symbol id="sm-255">
         <name>TimerA0_Init</name>
         <value>0x15dd</value>
         <object_component_ref idref="oc-7e"/>
      </symbol>
      <symbol id="sm-256">
         <name>TA0_0_IRQHandler</name>
         <value>0x1657</value>
         <object_component_ref idref="oc-7e"/>
      </symbol>
      <symbol id="sm-257">
         <name>TimerA0_Stop</name>
         <value>0x1641</value>
         <object_component_ref idref="oc-7e"/>
      </symbol>
      <symbol id="sm-270">
         <name>TimerA1Task</name>
         <value>0x20000428</value>
      </symbol>
      <symbol id="sm-271">
         <name>TimerA1_Init</name>
         <value>0x1689</value>
         <object_component_ref idref="oc-84"/>
      </symbol>
      <symbol id="sm-272">
         <name>TA1_0_IRQHandler</name>
         <value>0x16fb</value>
         <object_component_ref idref="oc-84"/>
      </symbol>
      <symbol id="sm-273">
         <name>TimerA1_Stop</name>
         <value>0x16e7</value>
         <object_component_ref idref="oc-84"/>
      </symbol>
      <symbol id="sm-28c">
         <name>TimerA2Task</name>
         <value>0x2000042c</value>
      </symbol>
      <symbol id="sm-28d">
         <name>TimerA2_Init</name>
         <value>0x1731</value>
         <object_component_ref idref="oc-8a"/>
      </symbol>
      <symbol id="sm-28e">
         <name>TA2_0_IRQHandler</name>
         <value>0x17a3</value>
         <object_component_ref idref="oc-8a"/>
      </symbol>
      <symbol id="sm-28f">
         <name>TimerA2_Stop</name>
         <value>0x178f</value>
         <object_component_ref idref="oc-8a"/>
      </symbol>
      <symbol id="sm-2c1">
         <name>RxPutI</name>
         <value>0x20000420</value>
      </symbol>
      <symbol id="sm-2c2">
         <name>RxGetI</name>
         <value>0x2000041c</value>
      </symbol>
      <symbol id="sm-2c3">
         <name>RxFifoLost</name>
         <value>0x20000418</value>
      </symbol>
      <symbol id="sm-2c4">
         <name>RxFIFO</name>
         <value>0x20000200</value>
      </symbol>
      <symbol id="sm-2c5">
         <name>RxFifo_Get</name>
         <value>0x1265</value>
         <object_component_ref idref="oc-9c"/>
      </symbol>
      <symbol id="sm-2c6">
         <name>UART1_OutChar</name>
         <value>0x1319</value>
         <object_component_ref idref="oc-9c"/>
      </symbol>
      <symbol id="sm-2c7">
         <name>UART1_InChar</name>
         <value>0x1307</value>
         <object_component_ref idref="oc-9c"/>
      </symbol>
      <symbol id="sm-2c8">
         <name>UART1_InStatus</name>
         <value>0x129b</value>
         <object_component_ref idref="oc-9c"/>
      </symbol>
      <symbol id="sm-2c9">
         <name>EUSCIA2_IRQHandler</name>
         <value>0x1335</value>
         <object_component_ref idref="oc-9c"/>
      </symbol>
      <symbol id="sm-2ca">
         <name>UART1_OutString</name>
         <value>0x134b</value>
         <object_component_ref idref="oc-9c"/>
      </symbol>
      <symbol id="sm-2cb">
         <name>RxFifo_Put</name>
         <value>0x121f</value>
         <object_component_ref idref="oc-9c"/>
      </symbol>
      <symbol id="sm-2cc">
         <name>UART1_Init</name>
         <value>0x12ab</value>
         <object_component_ref idref="oc-9c"/>
      </symbol>
      <symbol id="sm-2cd">
         <name>UART1_FinishOutput</name>
         <value>0x1369</value>
         <object_component_ref idref="oc-9c"/>
      </symbol>
      <symbol id="sm-2ce">
         <name>RxFifo_Init</name>
         <value>0x120d</value>
         <object_component_ref idref="oc-9c"/>
      </symbol>
      <symbol id="sm-2d9">
         <name>main</name>
         <value>0xccf</value>
         <object_component_ref idref="oc-db"/>
      </symbol>
      <symbol id="sm-2ee">
         <name>Reset_Handler</name>
         <value>0x1b73</value>
         <object_component_ref idref="oc-78"/>
      </symbol>
      <symbol id="sm-2ef">
         <name>Default_Handler</name>
         <value>0x1b7f</value>
         <object_component_ref idref="oc-78"/>
      </symbol>
      <symbol id="sm-2f0">
         <name>interruptVectors</name>
         <value>0x0</value>
         <object_component_ref idref="oc-2c"/>
      </symbol>
      <symbol id="sm-336">
         <name>SystemInit</name>
         <value>0xf45</value>
         <object_component_ref idref="oc-ee"/>
      </symbol>
      <symbol id="sm-337">
         <name>SystemCoreClockUpdate</name>
         <value>0xcd1</value>
         <object_component_ref idref="oc-ee"/>
      </symbol>
      <symbol id="sm-338">
         <name>SystemCoreClock</name>
         <value>0x20000864</value>
         <object_component_ref idref="oc-169"/>
      </symbol>
      <symbol id="sm-34a">
         <name>_c_int00</name>
         <value>0x1a45</value>
         <object_component_ref idref="oc-26"/>
      </symbol>
      <symbol id="sm-34b">
         <name>__stack</name>
         <value>0x2000fe00</value>
         <object_component_ref idref="oc-2f"/>
      </symbol>
      <symbol id="sm-369">
         <name>__TI_decompress_lzss</name>
         <value>0x19dd</value>
         <object_component_ref idref="oc-14"/>
      </symbol>
      <symbol id="sm-380">
         <name>__TI_decompress_none</name>
         <value>0x1b65</value>
         <object_component_ref idref="oc-1a"/>
      </symbol>
      <symbol id="sm-397">
         <name>__TI_zero_init</name>
         <value>0x1b81</value>
         <object_component_ref idref="oc-20"/>
      </symbol>
      <symbol id="sm-3b9">
         <name>C$$EXIT</name>
         <value>0x1a99</value>
         <object_component_ref idref="oc-6e"/>
      </symbol>
      <symbol id="sm-3ba">
         <name>abort</name>
         <value>0x1a9d</value>
         <object_component_ref idref="oc-6e"/>
      </symbol>
      <symbol id="sm-3bb">
         <name>exit</name>
         <value>0x1aa5</value>
         <object_component_ref idref="oc-6e"/>
      </symbol>
      <symbol id="sm-3bc">
         <name>__TI_dtors_ptr</name>
         <value>0x2000083c</value>
         <object_component_ref idref="oc-e3"/>
      </symbol>
      <symbol id="sm-3bd">
         <name>__TI_cleanup_ptr</name>
         <value>0x20000838</value>
         <object_component_ref idref="oc-e3"/>
      </symbol>
      <symbol id="sm-3be">
         <name>__TI_enable_exit_profile_output</name>
         <value>0x20000840</value>
         <object_component_ref idref="oc-e3"/>
      </symbol>
      <symbol id="sm-3e0">
         <name>memcpy</name>
         <value>0x17d9</value>
         <object_component_ref idref="oc-3e"/>
      </symbol>
      <symbol id="sm-3e1">
         <name>__aeabi_memcpy</name>
         <value>0x17d9</value>
         <object_component_ref idref="oc-3e"/>
      </symbol>
      <symbol id="sm-3e2">
         <name>__aeabi_memcpy8</name>
         <value>0x17d9</value>
         <object_component_ref idref="oc-3e"/>
      </symbol>
      <symbol id="sm-3e3">
         <name>__aeabi_memcpy4</name>
         <value>0x17d9</value>
         <object_component_ref idref="oc-3e"/>
      </symbol>
      <symbol id="sm-3f2">
         <name>__aeabi_memset</name>
         <value>0x18f3</value>
         <object_component_ref idref="oc-4a"/>
      </symbol>
      <symbol id="sm-3f3">
         <name>memset</name>
         <value>0x18f9</value>
         <object_component_ref idref="oc-4a"/>
      </symbol>
      <symbol id="sm-3f4">
         <name>__aeabi_memset8</name>
         <value>0x18f3</value>
         <object_component_ref idref="oc-4a"/>
      </symbol>
      <symbol id="sm-3f5">
         <name>__aeabi_memset4</name>
         <value>0x18f3</value>
         <object_component_ref idref="oc-4a"/>
      </symbol>
      <symbol id="sm-3f6">
         <name>__aeabi_memclr8</name>
         <value>0x18f1</value>
         <object_component_ref idref="oc-4a"/>
      </symbol>
      <symbol id="sm-3f7">
         <name>__aeabi_memclr4</name>
         <value>0x18f1</value>
         <object_component_ref idref="oc-4a"/>
      </symbol>
      <symbol id="sm-3f8">
         <name>__aeabi_memclr</name>
         <value>0x18f1</value>
         <object_component_ref idref="oc-4a"/>
      </symbol>
      <symbol id="sm-402">
         <name>__mpu_init</name>
         <value>0x196b</value>
         <object_component_ref idref="oc-56"/>
      </symbol>
      <symbol id="sm-40d">
         <name>_system_pre_init</name>
         <value>0x1b8d</value>
         <object_component_ref idref="oc-5c"/>
      </symbol>
      <symbol id="sm-416">
         <name>main_func_sp</name>
         <value>0x20000860</value>
         <object_component_ref idref="oc-74"/>
      </symbol>
      <symbol id="sm-433">
         <name>_nop</name>
         <value>0x1b5f</value>
         <object_component_ref idref="oc-15d"/>
      </symbol>
      <symbol id="sm-434">
         <name>_lock</name>
         <value>0x20000850</value>
         <object_component_ref idref="oc-e6"/>
      </symbol>
      <symbol id="sm-435">
         <name>_unlock</name>
         <value>0x20000854</value>
         <object_component_ref idref="oc-e6"/>
      </symbol>
      <symbol id="sm-436">
         <name>_register_lock</name>
         <value>0x1b57</value>
         <object_component_ref idref="oc-15d"/>
      </symbol>
      <symbol id="sm-437">
         <name>_register_unlock</name>
         <value>0x1b51</value>
         <object_component_ref idref="oc-15d"/>
      </symbol>
      <symbol id="sm-44b">
         <name>_args_main</name>
         <value>0x1b39</value>
         <object_component_ref idref="oc-68"/>
      </symbol>
      <symbol id="sm-475">
         <name>__TI_auto_init</name>
         <value>0x196d</value>
         <object_component_ref idref="oc-62"/>
      </symbol>
      <symbol id="sm-48f">
         <name>copy_in</name>
         <value>0x1aed</value>
         <object_component_ref idref="oc-cd"/>
      </symbol>
      <symbol id="sm-4a8">
         <name>_sys_memory</name>
         <value>0x20000438</value>
         <object_component_ref idref="oc-30"/>
      </symbol>
      <symbol id="sm-4b3">
         <name>_system_post_cinit</name>
         <value>0x1b91</value>
         <object_component_ref idref="oc-d3"/>
      </symbol>
      <symbol id="sm-4b9">
         <name>__TI_static_base__</name>
         <value>0x0</value>
      </symbol>
      <symbol id="sm-4bc">
         <name>HandleCollision</name>
         <value>0x0</value>
      </symbol>
      <symbol id="sm-4bd">
         <name>SHT$$INIT_ARRAY$$Limit</name>
         <value>0x0</value>
      </symbol>
      <symbol id="sm-4be">
         <name>SHT$$INIT_ARRAY$$Base</name>
         <value>0x0</value>
      </symbol>
      <symbol id="sm-4bf">
         <name>NMI_Handler</name>
         <value>0x1b7f</value>
      </symbol>
      <symbol id="sm-4c0">
         <name>HardFault_Handler</name>
         <value>0x1b7f</value>
      </symbol>
      <symbol id="sm-4c1">
         <name>MemManage_Handler</name>
         <value>0x1b7f</value>
      </symbol>
      <symbol id="sm-4c2">
         <name>BusFault_Handler</name>
         <value>0x1b7f</value>
      </symbol>
      <symbol id="sm-4c3">
         <name>UsageFault_Handler</name>
         <value>0x1b7f</value>
      </symbol>
      <symbol id="sm-4c4">
         <name>SVC_Handler</name>
         <value>0x1b7f</value>
      </symbol>
      <symbol id="sm-4c5">
         <name>DebugMon_Handler</name>
         <value>0x1b7f</value>
      </symbol>
      <symbol id="sm-4c6">
         <name>PendSV_Handler</name>
         <value>0x1b7f</value>
      </symbol>
      <symbol id="sm-4c7">
         <name>SysTick_Handler</name>
         <value>0x1b7f</value>
      </symbol>
      <symbol id="sm-4c8">
         <name>PSS_IRQHandler</name>
         <value>0x1b7f</value>
      </symbol>
      <symbol id="sm-4c9">
         <name>CS_IRQHandler</name>
         <value>0x1b7f</value>
      </symbol>
      <symbol id="sm-4ca">
         <name>PCM_IRQHandler</name>
         <value>0x1b7f</value>
      </symbol>
      <symbol id="sm-4cb">
         <name>WDT_A_IRQHandler</name>
         <value>0x1b7f</value>
      </symbol>
      <symbol id="sm-4cc">
         <name>FPU_IRQHandler</name>
         <value>0x1b7f</value>
      </symbol>
      <symbol id="sm-4cd">
         <name>FLCTL_IRQHandler</name>
         <value>0x1b7f</value>
      </symbol>
      <symbol id="sm-4ce">
         <name>COMP_E0_IRQHandler</name>
         <value>0x1b7f</value>
      </symbol>
      <symbol id="sm-4cf">
         <name>COMP_E1_IRQHandler</name>
         <value>0x1b7f</value>
      </symbol>
      <symbol id="sm-4d0">
         <name>TA0_0_IRQHandler</name>
         <value>0x1657</value>
      </symbol>
      <symbol id="sm-4d1">
         <name>TA0_N_IRQHandler</name>
         <value>0x1b7f</value>
      </symbol>
      <symbol id="sm-4d2">
         <name>TA1_0_IRQHandler</name>
         <value>0x16fb</value>
      </symbol>
      <symbol id="sm-4d3">
         <name>TA1_N_IRQHandler</name>
         <value>0x1b7f</value>
      </symbol>
      <symbol id="sm-4d4">
         <name>TA2_0_IRQHandler</name>
         <value>0x17a3</value>
      </symbol>
      <symbol id="sm-4d5">
         <name>TA2_N_IRQHandler</name>
         <value>0x1b7f</value>
      </symbol>
      <symbol id="sm-4d6">
         <name>TA3_0_IRQHandler</name>
         <value>0x145f</value>
      </symbol>
      <symbol id="sm-4d7">
         <name>TA3_N_IRQHandler</name>
         <value>0x1479</value>
      </symbol>
      <symbol id="sm-4d8">
         <name>EUSCIA0_IRQHandler</name>
         <value>0x7a7</value>
      </symbol>
      <symbol id="sm-4d9">
         <name>EUSCIA1_IRQHandler</name>
         <value>0x1b7f</value>
      </symbol>
      <symbol id="sm-4da">
         <name>EUSCIA2_IRQHandler</name>
         <value>0x1335</value>
      </symbol>
      <symbol id="sm-4db">
         <name>EUSCIA3_IRQHandler</name>
         <value>0x1b7f</value>
      </symbol>
      <symbol id="sm-4dc">
         <name>EUSCIB0_IRQHandler</name>
         <value>0x1b7f</value>
      </symbol>
      <symbol id="sm-4dd">
         <name>EUSCIB1_IRQHandler</name>
         <value>0x1b7f</value>
      </symbol>
      <symbol id="sm-4de">
         <name>EUSCIB2_IRQHandler</name>
         <value>0x1b7f</value>
      </symbol>
      <symbol id="sm-4df">
         <name>EUSCIB3_IRQHandler</name>
         <value>0x1b7f</value>
      </symbol>
      <symbol id="sm-4e0">
         <name>ADC14_IRQHandler</name>
         <value>0x1b7f</value>
      </symbol>
      <symbol id="sm-4e1">
         <name>T32_INT1_IRQHandler</name>
         <value>0x2c1</value>
      </symbol>
      <symbol id="sm-4e2">
         <name>T32_INT2_IRQHandler</name>
         <value>0x1b7f</value>
      </symbol>
      <symbol id="sm-4e3">
         <name>T32_INTC_IRQHandler</name>
         <value>0x1b7f</value>
      </symbol>
      <symbol id="sm-4e4">
         <name>AES256_IRQHandler</name>
         <value>0x1b7f</value>
      </symbol>
      <symbol id="sm-4e5">
         <name>RTC_C_IRQHandler</name>
         <value>0x1b7f</value>
      </symbol>
      <symbol id="sm-4e6">
         <name>DMA_ERR_IRQHandler</name>
         <value>0x1b7f</value>
      </symbol>
      <symbol id="sm-4e7">
         <name>DMA_INT3_IRQHandler</name>
         <value>0x1b7f</value>
      </symbol>
      <symbol id="sm-4e8">
         <name>DMA_INT2_IRQHandler</name>
         <value>0x1b7f</value>
      </symbol>
      <symbol id="sm-4e9">
         <name>DMA_INT1_IRQHandler</name>
         <value>0x1b7f</value>
      </symbol>
      <symbol id="sm-4ea">
         <name>DMA_INT0_IRQHandler</name>
         <value>0x1b7f</value>
      </symbol>
      <symbol id="sm-4eb">
         <name>PORT1_IRQHandler</name>
         <value>0x1b7f</value>
      </symbol>
      <symbol id="sm-4ec">
         <name>PORT2_IRQHandler</name>
         <value>0x1b7f</value>
      </symbol>
      <symbol id="sm-4ed">
         <name>PORT3_IRQHandler</name>
         <value>0x1b7f</value>
      </symbol>
      <symbol id="sm-4ee">
         <name>PORT4_IRQHandler</name>
         <value>0x159d</value>
      </symbol>
      <symbol id="sm-4ef">
         <name>PORT5_IRQHandler</name>
         <value>0x1b7f</value>
      </symbol>
      <symbol id="sm-4f0">
         <name>PORT6_IRQHandler</name>
         <value>0x1b7f</value>
      </symbol>
   </symbol_table>
   <title>Link errors: red sections failed placement</title>
</link_info>
