******************************************************************************
                  TI ARM Linker PC v16.9.6                     
******************************************************************************
>> Linked Tue Nov 05 15:08:16 2019

OUTPUT FILE NAME:   <Lab5_UARTComms.out>
ENTRY POINT SYMBOL: "_c_int00"  address: 00004455


MEMORY CONFIGURATION

         name            origin    length      used     unused   attr    fill
----------------------  --------  ---------  --------  --------  ----  --------
  MAIN                  00000000   00040000  00004838  0003b7c8  R  X
  INFO                  00200000   00004000  00000000  00004000  R  X
  SRAM_CODE             01000000   00010000  00003dae  0000c252  RW X
  SRAM_DATA             20000000   00010000  00003dae  0000c252  RW  


SEGMENT ALLOCATION MAP

run origin  load origin   length   init length attrs members
----------  ----------- ---------- ----------- ----- -------
00000000    00000000    00004838   00004838    r-x
  00000000    00000000    000000e4   000000e4    r-- .intvecs
  000000e4    000000e4    0000468c   0000468c    r-x .text
  00004770    00004770    00000020   00000020    r-- .const
  00004790    00004790    000000a8   000000a8    r-- .cinit
20000000    20000000    00003bb4   00000000    rw-
  20000000    20000000    0000358a   00000000    rw- .bss
  20003590    20003590    00000400   00000000    rw- .sysmem
  20003990    20003990    00000224   00000000    rw- .data
2000fe00    2000fe00    00000200   00000000    rw-
  2000fe00    2000fe00    00000200   00000000    rw- .stack


SECTION ALLOCATION MAP

 output                                  attributes/
section   page    origin      length       input sections
--------  ----  ----------  ----------   ----------------
.intvecs   0    00000000    000000e4     
                  00000000    000000e4     startup_msp432p401r_ccs.obj (.intvecs:retain)

.binit     0    00000000    00000000     

.text      0    000000e4    0000468c     
                  000000e4    00001170     Lab5_UARTmain.obj (.text)
                  00001254    000006bc     UART0.obj (.text)
                  00001910    000005ba     EUSCIA0.obj (.text)
                  00001eca    00000002     rtsv7M4_T_le_v4SPD16_eabi.lib : mpu_init.obj (.text)
                  00001ecc    000003d0                                   : memory.obj (.text)
                  0000229c    0000032c     system_msp432p401r.obj (.text)
                  000025c8    00000308     LPF.obj (.text)
                  000028d0    00000298     Reflectance.obj (.text)
                  00002b68    00000260     ADC14.obj (.text)
                  00002dc8    00000228     PWM.obj (.text)
                  00002ff0    00000210     FIFO0.obj (.text)
                  00003200    000001e0     Clock.obj (.text)
                  000033e0    000001d4     Motor.obj (.text)
                  000035b4    000001c4     rtsv7M4_T_le_v4SPD16_eabi.lib : fopen.obj (.text)
                  00003778    00000124     TA3InputCapture.obj (.text)
                  0000389c    00000108     BumpInt.obj (.text)
                  000039a4    000000f4     LaunchPad.obj (.text)
                  00003a98    000000dc     rtsv7M4_T_le_v4SPD16_eabi.lib : setvbuf.obj (.text)
                  00003b74    000000c8                                   : fflush.obj (.text)
                  00003c3c    000000bc                                   : open.obj (.text)
                  00003cf8    000000b8                                   : add_device.obj (.text)
                  00003db0    000000a8     TimerA1.obj (.text)
                  00003e58    0000009c     rtsv7M4_T_le_v4SPD16_eabi.lib : memcpy_t2.obj (.text)
                  00003ef4    00000098                                   : fclose.obj (.text)
                  00003f8c    0000007a                                   : memset_t2.obj (.text)
                  00004006    00000002                                   : startup.obj (.text)
                  00004008    00000070                                   : autoinit.obj (.text)
                  00004078    00000070                                   : getdevice.obj (.text)
                  000040e8    00000068                                   : copy_decompress_lzss.obj (.text:decompress:lzss)
                  00004150    00000068                                   : hostlseek.obj (.text)
                  000041b8    00000068                                   : hostrename.obj (.text)
                  00004220    00000068                                   : trgmsg.obj (.text)
                  00004288    00000060     IRDistance.obj (.text)
                  000042e8    00000060     rtsv7M4_T_le_v4SPD16_eabi.lib : hostopen.obj (.text)
                  00004348    0000005c                                   : close.obj (.text)
                  000043a4    00000058                                   : hostread.obj (.text)
                  000043fc    00000058                                   : hostwrite.obj (.text)
                  00004454    00000054                                   : boot.obj (.text)
                  000044a8    00000054                                   : exit.obj (.text)
                  000044fc    0000004c                                   : cpy_tbl.obj (.text)
                  00004548    00000044                                   : hostclose.obj (.text)
                  0000458c    00000044                                   : hostunlink.obj (.text)
                  000045d0    00000040     SysTickInts.obj (.text)
                  00004610    00000036     rtsv7M4_T_le_v4SPD16_eabi.lib : strncpy.obj (.text)
                  00004646    00000002     --HOLE-- [fill = 0]
                  00004648    0000002c                                   : unlink.obj (.text)
                  00004674    00000028                                   : write.obj (.text)
                  0000469c    00000024     CortexM.obj (.text)
                  000046c0    00000018     rtsv7M4_T_le_v4SPD16_eabi.lib : args_main.obj (.text)
                  000046d8    00000018                                   : strcmp.obj (.text)
                  000046f0    00000016                                   : strchr.obj (.text)
                  00004706    00000002     --HOLE-- [fill = 0]
                  00004708    00000014                                   : _lock.obj (.text)
                  0000471c    00000014                                   : strcpy.obj (.text)
                  00004730    00000014                                   : strlen.obj (.text)
                  00004744    0000000e                                   : copy_decompress_none.obj (.text:decompress:none)
                  00004752    0000000e     startup_msp432p401r_ccs.obj (.text)
                  00004760    0000000c     rtsv7M4_T_le_v4SPD16_eabi.lib : copy_zero_init.obj (.text:decompress:ZI)
                  0000476c    00000004                                   : pre_init.obj (.text)

.const     0    00004770    00000020     
                  00004770    00000020     Reflectance.obj (.const:$P$T0$1)

.cinit     0    00004790    000000a8     
                  00004790    0000007f     (.cinit..data.load) [load image, compression = lzss]
                  0000480f    00000001     --HOLE-- [fill = 0]
                  00004810    0000000c     (__TI_handler_table)
                  0000481c    00000004     --HOLE-- [fill = 0]
                  00004820    00000008     (.cinit..bss.load) [load image, compression = zero_init]
                  00004828    00000010     (__TI_cinit_table)

.init_array 
*          0    00000000    00000000     UNINITIALIZED

.bss       0    20000000    0000358a     UNINITIALIZED
                  20000000    00001000     (.common:x)
                  20001000    00001000     (.common:x2)
                  20002000    00001000     (.common:x3)
                  20003000    00000200     (.common:TxHistogram)
                  20003200    00000120     rtsv7M4_T_le_v4SPD16_eabi.lib : trgmsg.obj (.bss:_CIOBUF_)
                  20003320    000000a0     (.common:__TI_tmpnams)
                  200033c0    00000082     (.common:RxFifo0)
                  20003442    00000082     (.common:TxFifo0)
                  200034c4    00000040     (.common:String)
                  20003504    00000008     (.common:Messageb)
                  2000350c    00000008     (.common:Messagec)
                  20003514    00000008     (.common:parmbuf)
                  2000351c    00000004     (.common:ADCflag)
                  20003520    00000004     (.common:Done0)
                  20003524    00000004     (.common:Done2)
                  20003528    00000004     (.common:Elapsed)
                  2000352c    00000004     (.common:First)
                  20003530    00000004     (.common:I1)
                  20003534    00000004     (.common:LPFSum)
                  20003538    00000004     (.common:LPFSum2)
                  2000353c    00000004     (.common:LPFSum3)
                  20003540    00000004     (.common:MaxTime)
                  20003544    00000004     (.common:Messageindexb)
                  20003548    00000004     (.common:Messageindexc)
                  2000354c    00000004     (.common:NumErrors)
                  20003550    00000004     (.common:NumSuccess)
                  20003554    00000004     (.common:Port4Task)
                  20003558    00000004     (.common:Position)
                  2000355c    00000004     (.common:Pt)
                  20003560    00000004     (.common:Pt2)
                  20003564    00000004     (.common:Pt3)
                  20003568    00000004     (.common:Size)
                  2000356c    00000004     (.common:TimerA1Task)
                  20003570    00000004     (.common:nc)
                  20003574    00000004     (.common:nl)
                  20003578    00000004     (.common:nr)
                  2000357c    00000002     (.common:First0)
                  2000357e    00000002     (.common:First2)
                  20003580    00000002     (.common:Period0)
                  20003582    00000002     (.common:Period2)
                  20003584    00000001     (.common:CollisionData)
                  20003585    00000001     (.common:CollisionFlag)
                  20003586    00000001     (.common:Data)
                  20003587    00000001     (.common:ReadData)
                  20003588    00000001     (.common:TempData)
                  20003589    00000001     (.common:WriteData)

.sysmem    0    20003590    00000400     UNINITIALIZED
                  20003590    00000008     rtsv7M4_T_le_v4SPD16_eabi.lib : memory.obj (.sysmem)
                  20003598    000003f8     --HOLE--

.data      0    20003990    00000224     UNINITIALIZED
                  20003990    000000f0     rtsv7M4_T_le_v4SPD16_eabi.lib : defs.obj (.data:_ftable)
                  20003a80    00000078                                   : write.obj (.data:_device)
                  20003af8    00000050                                   : write.obj (.data:_stream)
                  20003b48    00000018     Clock.obj (.data)
                  20003b60    00000010     rtsv7M4_T_le_v4SPD16_eabi.lib : defs.obj (.data)
                  20003b70    0000000c                                   : exit.obj (.data:$O1$$)
                  20003b7c    0000000c                                   : memory.obj (.data:$O1$$)
                  20003b88    00000008                                   : _lock.obj (.data:$O1$$)
                  20003b90    00000008     Lab5_UARTmain.obj (.data)
                  20003b98    00000008     TA3InputCapture.obj (.data)
                  20003ba0    00000004     rtsv7M4_T_le_v4SPD16_eabi.lib : add_device.obj (.data)
                  20003ba4    00000004                                   : fopen.obj (.data)
                  20003ba8    00000004                                   : open.obj (.data)
                  20003bac    00000004                                   : stkdepth_vars.obj (.data)
                  20003bb0    00000004     system_msp432p401r.obj (.data)

.stack     0    2000fe00    00000200     UNINITIALIZED
                  2000fe00    00000200     --HOLE--

MODULE SUMMARY

       Module                        code    ro data   rw data
       ------                        ----    -------   -------
    .\
       LPF.obj                       776     0         24640  
       Lab5_UARTmain.obj             4464    0         268    
       FIFO0.obj                     528     0         1544   
       UART0.obj                     1724    0         24     
       EUSCIA0.obj                   1466    0         24     
       system_msp432p401r.obj        812     0         8      
       Reflectance.obj               664     32        0      
       ADC14.obj                     608     0         0      
       PWM.obj                       552     0         0      
       Clock.obj                     480     0         48     
       Motor.obj                     468     0         0      
       TA3InputCapture.obj           292     0         16     
       BumpInt.obj                   264     0         8      
       LaunchPad.obj                 244     0         0      
       startup_msp432p401r_ccs.obj   14      228       0      
       TimerA1.obj                   168     0         8      
       IRDistance.obj                96      0         0      
       SysTickInts.obj               64      0         0      
       CortexM.obj                   36      0         0      
    +--+-----------------------------+-------+---------+---------+
       Total:                        13720   260       26588  
                                                              
    C:\ti\ccsv7\tools\compiler\ti-cgt-arm_16.9.6.LTS\lib\rtsv7M4_T_le_v4SPD16_eabi.lib
       memory.obj                    976     0         24     
       defs.obj                      0       0         832    
       trgmsg.obj                    104     0         576    
       fopen.obj                     452     0         8      
       write.obj                     40      0         400    
       setvbuf.obj                   220     0         0      
       fflush.obj                    200     0         0      
       open.obj                      188     0         8      
       add_device.obj                184     0         8      
       memcpy_t2.obj                 156     0         0      
       fclose.obj                    152     0         0      
       memset_t2.obj                 122     0         0      
       autoinit.obj                  112     0         0      
       getdevice.obj                 112     0         0      
       hostopen.obj                  96      0         16     
       exit.obj                      84      0         24     
       copy_decompress_lzss.obj      104     0         0      
       hostlseek.obj                 104     0         0      
       hostrename.obj                104     0         0      
       close.obj                     92      0         0      
       hostread.obj                  88      0         0      
       hostwrite.obj                 88      0         0      
       boot.obj                      84      0         0      
       cpy_tbl.obj                   76      0         0      
       hostclose.obj                 68      0         0      
       hostunlink.obj                68      0         0      
       strncpy.obj                   54      0         0      
       unlink.obj                    44      0         0      
       _lock.obj                     20      0         16     
       args_main.obj                 24      0         0      
       strcmp.obj                    24      0         0      
       strchr.obj                    22      0         0      
       strcpy.obj                    20      0         0      
       strlen.obj                    20      0         0      
       copy_decompress_none.obj      14      0         0      
       copy_zero_init.obj            12      0         0      
       stkdepth_vars.obj             0       0         8      
       pre_init.obj                  4       0         0      
       mpu_init.obj                  2       0         0      
       startup.obj                   2       0         0      
    +--+-----------------------------+-------+---------+---------+
       Total:                        4336    0         1920   
                                                              
       Heap:                         0       0         2048   
       Stack:                        0       0         1024   
       Linker Generated:             0       163       0      
    +--+-----------------------------+-------+---------+---------+
       Grand Total:                  18056   423       31580  


LINKER GENERATED COPY TABLES

__TI_cinit_table @ 00004828 records: 2, size/record: 8, table size: 16
	.data: load addr=00004790, load size=0000007f bytes, run addr=20003990, run size=00000224 bytes, compression=lzss
	.bss: load addr=00004820, load size=00000008 bytes, run addr=20000000, run size=0000358a bytes, compression=zero_init


LINKER GENERATED HANDLER TABLE

__TI_handler_table @ 00004810 records: 3, size/record: 4, table size: 12
	index: 0, handler: __TI_decompress_lzss
	index: 1, handler: __TI_decompress_none
	index: 2, handler: __TI_zero_init


GLOBAL SYMBOLS: SORTED ALPHABETICALLY BY Name 

address   name                           
-------   ----                           
00002c65  ADC0_InitSWTriggerCh12         
00002cd5  ADC0_InitSWTriggerCh17_12_16   
00002b69  ADC0_InitSWTriggerCh6          
00002bd9  ADC0_InitSWTriggerCh67         
0000475f  ADC14_IRQHandler               
00002cb5  ADC_In12                       
00002d45  ADC_In17_12_16                 
00002bb9  ADC_In6                        
00002c2f  ADC_In67                       
2000351c  ADCflag                        
0000475f  AES256_IRQHandler              
0000389d  BumpInt_Init                   
0000390d  Bump_Read                      
0000475f  BusFault_Handler               
000044a9  C$$EXIT                        
0000424f  C$$IO$$                        
0000475f  COMP_E0_IRQHandler             
0000475f  COMP_E1_IRQHandler             
20003b50  CPMwait                        
0000475f  CS_IRQHandler                  
20003b98  CaptureTask0                   
20003b9c  CaptureTask2                   
000042a7  CenterConvert                  
20003b48  ClockFrequency                 
00003355  Clock_Delay1ms                 
0000332b  Clock_Delay1us                 
00003317  Clock_GetFreq                  
00003201  Clock_Init48MHz                
20003584  CollisionData                  
20003585  CollisionFlag                  
20003b5c  Crystalstable                  
0000475f  DMA_ERR_IRQHandler             
0000475f  DMA_INT0_IRQHandler            
0000475f  DMA_INT1_IRQHandler            
0000475f  DMA_INT2_IRQHandler            
0000475f  DMA_INT3_IRQHandler            
20003586  Data                           
0000475f  DebugMon_Handler               
0000475f  Default_Handler                
0000469d  DisableInterrupts              
20003520  Done0                          
20003524  Done2                          
000019a3  EUSCIA0_IRQHandler             
000019a3  EUSCIA0_IRQHandler             
00001977  EUSCIA0_InChar                 
00001e41  EUSCIA0_InString               
000019f7  EUSCIA0_InUDec                 
00001cf5  EUSCIA0_InUHex                 
00001911  EUSCIA0_Init                   
00001989  EUSCIA0_OutChar                
000019d9  EUSCIA0_OutString              
00001a7b  EUSCIA0_OutUDec                
00001c0d  EUSCIA0_OutUDec4               
00001c45  EUSCIA0_OutUDec5               
00001c81  EUSCIA0_OutUFix1               
00001ca9  EUSCIA0_OutUFix2               
00001dbd  EUSCIA0_OutUHex                
00001e23  EUSCIA0_OutUHex2               
00001e01  EUSCIA0outnibble               
0000475f  EUSCIA1_IRQHandler             
0000475f  EUSCIA2_IRQHandler             
0000475f  EUSCIA3_IRQHandler             
0000475f  EUSCIB0_IRQHandler             
0000475f  EUSCIB1_IRQHandler             
0000475f  EUSCIB2_IRQHandler             
0000475f  EUSCIB3_IRQHandler             
20003528  Elapsed                        
000046a3  EnableInterrupts               
000046b3  EndCritical                    
0000475f  FLCTL_IRQHandler               
0000475f  FPU_IRQHandler                 
2000352c  First                          
2000357c  First0                         
2000357e  First2                         
00004549  HOSTclose                      
00004151  HOSTlseek                      
000042e9  HOSTopen                       
000043a5  HOSTread                       
000041b9  HOSTrename                     
0000458d  HOSTunlink                     
000043fd  HOSTwrite                      
0000057d  HandleCollision                
0000475f  HardFault_Handler              
20003530  I1                             
20003b58  IFlags                         
000007b5  IR_bonus                       
20003534  LPFSum                         
20003538  LPFSum2                        
2000353c  LPFSum3                        
000026dd  LPF_Calc                       
00002785  LPF_Calc2                      
00002849  LPF_Calc3                      
0000261d  LPF_Calc_old                   
0000267f  LPF_Init                       
00002731  LPF_Init2                      
000027e7  LPF_Init3                      
000025c9  LPF_Init_old                   
000039a5  LaunchPad_Init                 
00003a15  LaunchPad_Input                
00003a2f  LaunchPad_LED                  
00003a4d  LaunchPad_Output               
00004289  LeftConvert                    
20003540  MaxTime                        
0000475f  MemManage_Handler              
20003504  Messageb                       
2000350c  Messagec                       
20003544  Messageindexb                  
20003548  Messageindexc                  
000005a9  MotorMovt                      
00003523  Motor_Backward                 
0000347f  Motor_Forward                  
000033e1  Motor_Init                     
00003553  Motor_LW                       
000034e9  Motor_Left                     
000034af  Motor_Right                    
00003469  Motor_Stop                     
0000475f  NMI_Handler                    
2000354c  NumErrors                      
20003550  NumSuccess                     
0000475f  PCM_IRQHandler                 
0000475f  PORT1_IRQHandler               
0000475f  PORT2_IRQHandler               
0000475f  PORT3_IRQHandler               
00003965  PORT4_IRQHandler               
00003965  PORT4_IRQHandler               
0000475f  PORT5_IRQHandler               
0000475f  PORT6_IRQHandler               
0000475f  PSS_IRQHandler                 
00002eb3  PWM_Duty1                      
00002ed3  PWM_Duty2                      
00002f77  PWM_Duty3                      
00002f97  PWM_Duty4                      
00002dc9  PWM_Init1                      
00002e2f  PWM_Init12                     
00002ef3  PWM_Init34                     
0000475f  PendSV_Handler                 
20003580  Period0                        
20003582  Period2                        
000004d5  PeriodMeasure0                 
00000519  PeriodMeasure2                 
20003554  Port4Task                      
000028dd  Port5_Init                     
00002911  Port7_Init                     
0000295b  Port7_Input                    
00002945  Port7_Output                   
20003558  Position                       
20003b54  Postwait                       
20003b4c  Prewait                        
00000191  Program5_1                     
000001ff  Program5_2                     
000002bf  Program5_3                     
000003c1  Program5_4                     
2000355c  Pt                             
20003560  Pt2                            
20003564  Pt3                            
000004b5  RSLK_Reset                     
0000475f  RTC_C_IRQHandler               
00000135  Random                         
20003587  ReadData                       
000029f3  Reflectance_Center             
00002b1b  Reflectance_End                
000028d1  Reflectance_Init               
000029ab  Reflectance_OddRead            
00002a71  Reflectance_Position           
00002967  Reflectance_Read               
00002af5  Reflectance_Start              
00004753  Reset_Handler                  
000042c5  RightConvert                   
200033c0  RxFifo0                        
0000316b  RxFifo0_Get                    
00003111  RxFifo0_Init                   
0000311d  RxFifo0_Put                    
000031a9  RxFifo0_Size                   
UNDEFED   SHT$$INIT_ARRAY$$Base          
UNDEFED   SHT$$INIT_ARRAY$$Limit         
0000475f  SVC_Handler                    
000000e5  SensorRead_ISR                 
20003568  Size                           
000046a9  StartCritical                  
200034c4  String                         
0000475f  SysTick_Handler                
000045d1  SysTick_Init                   
20003bb0  SystemCoreClock                
0000229d  SystemCoreClockUpdate          
00002511  SystemInit                     
0000475f  T32_INT1_IRQHandler            
0000475f  T32_INT2_IRQHandler            
0000475f  T32_INTC_IRQHandler            
0000475f  TA0_0_IRQHandler               
0000475f  TA0_N_IRQHandler               
00003e23  TA1_0_IRQHandler               
00003e23  TA1_0_IRQHandler               
0000475f  TA1_N_IRQHandler               
0000475f  TA2_0_IRQHandler               
0000475f  TA2_N_IRQHandler               
00003827  TA3_0_IRQHandler               
00003827  TA3_0_IRQHandler               
00003841  TA3_N_IRQHandler               
00003841  TA3_N_IRQHandler               
20003588  TempData                       
0000014d  TestFifo                       
00000551  TimedPause                     
2000356c  TimerA1Task                    
00003db1  TimerA1_Init                   
00003e0f  TimerA1_Stop                   
00003785  TimerA3Capture_Init            
20003442  TxFifo0                        
0000307d  TxFifo0_Get                    
00002ff1  TxFifo0_Init                   
00003023  TxFifo0_Put                    
000030bb  TxFifo0_Size                   
20003000  TxHistogram                    
0000129b  UART0_InChar                   
00001725  UART0_InString                 
000012e5  UART0_InUDec                   
000015d9  UART0_InUHex                   
00001255  UART0_Init                     
00001885  UART0_Initprintf               
000012ab  UART0_OutChar                  
000012c7  UART0_OutString                
00001369  UART0_OutUDec                  
000014d5  UART0_OutUDec4                 
00001529  UART0_OutUDec5                 
00001565  UART0_OutUFix1                 
0000158d  UART0_OutUFix2                 
0000169d  UART0_OutUHex                  
00001709  UART0_OutUHex2                 
0000475f  UsageFault_Handler             
4000480c  WDTCTL_SYM                     
0000475f  WDT_A_IRQHandler               
000046bb  WaitForInterrupt               
20003589  WriteData                      
20003200  __CIOBUF_                      
20010000  __STACK_END                    
00000200  __STACK_SIZE                   
00000400  __SYSMEM_SIZE                  
00004828  __TI_CINIT_Base                
00004838  __TI_CINIT_Limit               
00004810  __TI_Handler_Table_Base        
0000481c  __TI_Handler_Table_Limit       
00004009  __TI_auto_init                 
0000367d  __TI_cleanup                   
20003b70  __TI_cleanup_ptr               
00003ef5  __TI_closefile                 
000040e9  __TI_decompress_lzss           
00004745  __TI_decompress_none           
00003b75  __TI_doflush                   
20003b74  __TI_dtors_ptr                 
20003b78  __TI_enable_exit_profile_output
20003b60  __TI_ft_end                    
ffffffff  __TI_pprof_out_hndl            
ffffffff  __TI_prof_data_size            
ffffffff  __TI_prof_data_start           
00004253  __TI_readmsg                   
00000000  __TI_static_base__             
20003320  __TI_tmpnams                   
00004221  __TI_writemsg                  
00004761  __TI_zero_init                 
00003f8d  __aeabi_memclr                 
00003f8d  __aeabi_memclr4                
00003f8d  __aeabi_memclr8                
00003e59  __aeabi_memcpy                 
00003e59  __aeabi_memcpy4                
00003e59  __aeabi_memcpy8                
00003f8f  __aeabi_memset                 
00003f8f  __aeabi_memset4                
00003f8f  __aeabi_memset8                
20003b6c  __aeabi_stderr                 
20003b64  __aeabi_stdin                  
20003b68  __aeabi_stdout                 
ffffffff  __binit__                      
ffffffff  __c_args__                     
00001ecb  __mpu_init                     
2000fe00  __stack                        
000046c1  _args_main                     
00004455  _c_int00                       
20003a80  _device                        
20003990  _ftable                        
20003b88  _lock                          
00004717  _nop                           
0000470f  _register_lock                 
00004709  _register_unlock               
20003af8  _stream                        
20003590  _sys_memory                    
00004007  _system_post_cinit             
0000476d  _system_pre_init               
20003b8c  _unlock                        
000044ad  abort                          
00003cf9  add_device                     
ffffffff  binit                          
0000226d  calloc                         
00004349  close                          
000044fd  copy_in                        
0000331d  delay                          
000044b5  exit                           
00003f5b  fclose                         
000017bf  ferror                         
00003bc1  fflush                         
0000179f  fgetc                          
00004079  finddevice                     
000036d3  fopen                          
00001fb7  free                           
000036a9  freopen                        
000040a3  getdevice                      
00000000  interruptVectors               
000008ad  main                           
20003b90  main_count                     
20003bac  main_func_sp                   
00001f4d  malloc                         
00002181  memalign                       
00003e59  memcpy                         
00003f95  memset                         
00001ecd  minit                          
20003570  nc                             
20003574  nl                             
20003578  nr                             
00003c3d  open                           
000016e1  outnibble                      
20003514  parmbuf                        
00002077  realloc                        
00004649  remove                         
00003a99  setvbuf                        
000046f1  strchr                         
000046d9  strcmp                         
0000471d  strcpy                         
00004731  strlen                         
00004611  strncpy                        
00003779  ta3dummy                       
00000571  toggle_GPIO                    
000017dd  uart_close                     
0000185b  uart_lseek                     
000017cd  uart_open                      
000017ef  uart_read                      
00001877  uart_rename                    
0000186b  uart_unlink                    
00001819  uart_write                     
00004649  unlink                         
00004675  write                          
20000000  x                              
20001000  x2                             
20002000  x3                             


GLOBAL SYMBOLS: SORTED BY Symbol Address 

address   name                           
-------   ----                           
00000000  __TI_static_base__             
00000000  interruptVectors               
000000e5  SensorRead_ISR                 
00000135  Random                         
0000014d  TestFifo                       
00000191  Program5_1                     
000001ff  Program5_2                     
00000200  __STACK_SIZE                   
000002bf  Program5_3                     
000003c1  Program5_4                     
00000400  __SYSMEM_SIZE                  
000004b5  RSLK_Reset                     
000004d5  PeriodMeasure0                 
00000519  PeriodMeasure2                 
00000551  TimedPause                     
00000571  toggle_GPIO                    
0000057d  HandleCollision                
000005a9  MotorMovt                      
000007b5  IR_bonus                       
000008ad  main                           
00001255  UART0_Init                     
0000129b  UART0_InChar                   
000012ab  UART0_OutChar                  
000012c7  UART0_OutString                
000012e5  UART0_InUDec                   
00001369  UART0_OutUDec                  
000014d5  UART0_OutUDec4                 
00001529  UART0_OutUDec5                 
00001565  UART0_OutUFix1                 
0000158d  UART0_OutUFix2                 
000015d9  UART0_InUHex                   
0000169d  UART0_OutUHex                  
000016e1  outnibble                      
00001709  UART0_OutUHex2                 
00001725  UART0_InString                 
0000179f  fgetc                          
000017bf  ferror                         
000017cd  uart_open                      
000017dd  uart_close                     
000017ef  uart_read                      
00001819  uart_write                     
0000185b  uart_lseek                     
0000186b  uart_unlink                    
00001877  uart_rename                    
00001885  UART0_Initprintf               
00001911  EUSCIA0_Init                   
00001977  EUSCIA0_InChar                 
00001989  EUSCIA0_OutChar                
000019a3  EUSCIA0_IRQHandler             
000019a3  EUSCIA0_IRQHandler             
000019d9  EUSCIA0_OutString              
000019f7  EUSCIA0_InUDec                 
00001a7b  EUSCIA0_OutUDec                
00001c0d  EUSCIA0_OutUDec4               
00001c45  EUSCIA0_OutUDec5               
00001c81  EUSCIA0_OutUFix1               
00001ca9  EUSCIA0_OutUFix2               
00001cf5  EUSCIA0_InUHex                 
00001dbd  EUSCIA0_OutUHex                
00001e01  EUSCIA0outnibble               
00001e23  EUSCIA0_OutUHex2               
00001e41  EUSCIA0_InString               
00001ecb  __mpu_init                     
00001ecd  minit                          
00001f4d  malloc                         
00001fb7  free                           
00002077  realloc                        
00002181  memalign                       
0000226d  calloc                         
0000229d  SystemCoreClockUpdate          
00002511  SystemInit                     
000025c9  LPF_Init_old                   
0000261d  LPF_Calc_old                   
0000267f  LPF_Init                       
000026dd  LPF_Calc                       
00002731  LPF_Init2                      
00002785  LPF_Calc2                      
000027e7  LPF_Init3                      
00002849  LPF_Calc3                      
000028d1  Reflectance_Init               
000028dd  Port5_Init                     
00002911  Port7_Init                     
00002945  Port7_Output                   
0000295b  Port7_Input                    
00002967  Reflectance_Read               
000029ab  Reflectance_OddRead            
000029f3  Reflectance_Center             
00002a71  Reflectance_Position           
00002af5  Reflectance_Start              
00002b1b  Reflectance_End                
00002b69  ADC0_InitSWTriggerCh6          
00002bb9  ADC_In6                        
00002bd9  ADC0_InitSWTriggerCh67         
00002c2f  ADC_In67                       
00002c65  ADC0_InitSWTriggerCh12         
00002cb5  ADC_In12                       
00002cd5  ADC0_InitSWTriggerCh17_12_16   
00002d45  ADC_In17_12_16                 
00002dc9  PWM_Init1                      
00002e2f  PWM_Init12                     
00002eb3  PWM_Duty1                      
00002ed3  PWM_Duty2                      
00002ef3  PWM_Init34                     
00002f77  PWM_Duty3                      
00002f97  PWM_Duty4                      
00002ff1  TxFifo0_Init                   
00003023  TxFifo0_Put                    
0000307d  TxFifo0_Get                    
000030bb  TxFifo0_Size                   
00003111  RxFifo0_Init                   
0000311d  RxFifo0_Put                    
0000316b  RxFifo0_Get                    
000031a9  RxFifo0_Size                   
00003201  Clock_Init48MHz                
00003317  Clock_GetFreq                  
0000331d  delay                          
0000332b  Clock_Delay1us                 
00003355  Clock_Delay1ms                 
000033e1  Motor_Init                     
00003469  Motor_Stop                     
0000347f  Motor_Forward                  
000034af  Motor_Right                    
000034e9  Motor_Left                     
00003523  Motor_Backward                 
00003553  Motor_LW                       
0000367d  __TI_cleanup                   
000036a9  freopen                        
000036d3  fopen                          
00003779  ta3dummy                       
00003785  TimerA3Capture_Init            
00003827  TA3_0_IRQHandler               
00003827  TA3_0_IRQHandler               
00003841  TA3_N_IRQHandler               
00003841  TA3_N_IRQHandler               
0000389d  BumpInt_Init                   
0000390d  Bump_Read                      
00003965  PORT4_IRQHandler               
00003965  PORT4_IRQHandler               
000039a5  LaunchPad_Init                 
00003a15  LaunchPad_Input                
00003a2f  LaunchPad_LED                  
00003a4d  LaunchPad_Output               
00003a99  setvbuf                        
00003b75  __TI_doflush                   
00003bc1  fflush                         
00003c3d  open                           
00003cf9  add_device                     
00003db1  TimerA1_Init                   
00003e0f  TimerA1_Stop                   
00003e23  TA1_0_IRQHandler               
00003e23  TA1_0_IRQHandler               
00003e59  __aeabi_memcpy                 
00003e59  __aeabi_memcpy4                
00003e59  __aeabi_memcpy8                
00003e59  memcpy                         
00003ef5  __TI_closefile                 
00003f5b  fclose                         
00003f8d  __aeabi_memclr                 
00003f8d  __aeabi_memclr4                
00003f8d  __aeabi_memclr8                
00003f8f  __aeabi_memset                 
00003f8f  __aeabi_memset4                
00003f8f  __aeabi_memset8                
00003f95  memset                         
00004007  _system_post_cinit             
00004009  __TI_auto_init                 
00004079  finddevice                     
000040a3  getdevice                      
000040e9  __TI_decompress_lzss           
00004151  HOSTlseek                      
000041b9  HOSTrename                     
00004221  __TI_writemsg                  
0000424f  C$$IO$$                        
00004253  __TI_readmsg                   
00004289  LeftConvert                    
000042a7  CenterConvert                  
000042c5  RightConvert                   
000042e9  HOSTopen                       
00004349  close                          
000043a5  HOSTread                       
000043fd  HOSTwrite                      
00004455  _c_int00                       
000044a9  C$$EXIT                        
000044ad  abort                          
000044b5  exit                           
000044fd  copy_in                        
00004549  HOSTclose                      
0000458d  HOSTunlink                     
000045d1  SysTick_Init                   
00004611  strncpy                        
00004649  remove                         
00004649  unlink                         
00004675  write                          
0000469d  DisableInterrupts              
000046a3  EnableInterrupts               
000046a9  StartCritical                  
000046b3  EndCritical                    
000046bb  WaitForInterrupt               
000046c1  _args_main                     
000046d9  strcmp                         
000046f1  strchr                         
00004709  _register_unlock               
0000470f  _register_lock                 
00004717  _nop                           
0000471d  strcpy                         
00004731  strlen                         
00004745  __TI_decompress_none           
00004753  Reset_Handler                  
0000475f  ADC14_IRQHandler               
0000475f  AES256_IRQHandler              
0000475f  BusFault_Handler               
0000475f  COMP_E0_IRQHandler             
0000475f  COMP_E1_IRQHandler             
0000475f  CS_IRQHandler                  
0000475f  DMA_ERR_IRQHandler             
0000475f  DMA_INT0_IRQHandler            
0000475f  DMA_INT1_IRQHandler            
0000475f  DMA_INT2_IRQHandler            
0000475f  DMA_INT3_IRQHandler            
0000475f  DebugMon_Handler               
0000475f  Default_Handler                
0000475f  EUSCIA1_IRQHandler             
0000475f  EUSCIA2_IRQHandler             
0000475f  EUSCIA3_IRQHandler             
0000475f  EUSCIB0_IRQHandler             
0000475f  EUSCIB1_IRQHandler             
0000475f  EUSCIB2_IRQHandler             
0000475f  EUSCIB3_IRQHandler             
0000475f  FLCTL_IRQHandler               
0000475f  FPU_IRQHandler                 
0000475f  HardFault_Handler              
0000475f  MemManage_Handler              
0000475f  NMI_Handler                    
0000475f  PCM_IRQHandler                 
0000475f  PORT1_IRQHandler               
0000475f  PORT2_IRQHandler               
0000475f  PORT3_IRQHandler               
0000475f  PORT5_IRQHandler               
0000475f  PORT6_IRQHandler               
0000475f  PSS_IRQHandler                 
0000475f  PendSV_Handler                 
0000475f  RTC_C_IRQHandler               
0000475f  SVC_Handler                    
0000475f  SysTick_Handler                
0000475f  T32_INT1_IRQHandler            
0000475f  T32_INT2_IRQHandler            
0000475f  T32_INTC_IRQHandler            
0000475f  TA0_0_IRQHandler               
0000475f  TA0_N_IRQHandler               
0000475f  TA1_N_IRQHandler               
0000475f  TA2_0_IRQHandler               
0000475f  TA2_N_IRQHandler               
0000475f  UsageFault_Handler             
0000475f  WDT_A_IRQHandler               
00004761  __TI_zero_init                 
0000476d  _system_pre_init               
00004810  __TI_Handler_Table_Base        
0000481c  __TI_Handler_Table_Limit       
00004828  __TI_CINIT_Base                
00004838  __TI_CINIT_Limit               
20000000  x                              
20001000  x2                             
20002000  x3                             
20003000  TxHistogram                    
20003200  __CIOBUF_                      
20003320  __TI_tmpnams                   
200033c0  RxFifo0                        
20003442  TxFifo0                        
200034c4  String                         
20003504  Messageb                       
2000350c  Messagec                       
20003514  parmbuf                        
2000351c  ADCflag                        
20003520  Done0                          
20003524  Done2                          
20003528  Elapsed                        
2000352c  First                          
20003530  I1                             
20003534  LPFSum                         
20003538  LPFSum2                        
2000353c  LPFSum3                        
20003540  MaxTime                        
20003544  Messageindexb                  
20003548  Messageindexc                  
2000354c  NumErrors                      
20003550  NumSuccess                     
20003554  Port4Task                      
20003558  Position                       
2000355c  Pt                             
20003560  Pt2                            
20003564  Pt3                            
20003568  Size                           
2000356c  TimerA1Task                    
20003570  nc                             
20003574  nl                             
20003578  nr                             
2000357c  First0                         
2000357e  First2                         
20003580  Period0                        
20003582  Period2                        
20003584  CollisionData                  
20003585  CollisionFlag                  
20003586  Data                           
20003587  ReadData                       
20003588  TempData                       
20003589  WriteData                      
20003590  _sys_memory                    
20003990  _ftable                        
20003a80  _device                        
20003af8  _stream                        
20003b48  ClockFrequency                 
20003b4c  Prewait                        
20003b50  CPMwait                        
20003b54  Postwait                       
20003b58  IFlags                         
20003b5c  Crystalstable                  
20003b60  __TI_ft_end                    
20003b64  __aeabi_stdin                  
20003b68  __aeabi_stdout                 
20003b6c  __aeabi_stderr                 
20003b70  __TI_cleanup_ptr               
20003b74  __TI_dtors_ptr                 
20003b78  __TI_enable_exit_profile_output
20003b88  _lock                          
20003b8c  _unlock                        
20003b90  main_count                     
20003b98  CaptureTask0                   
20003b9c  CaptureTask2                   
20003bac  main_func_sp                   
20003bb0  SystemCoreClock                
2000fe00  __stack                        
20010000  __STACK_END                    
4000480c  WDTCTL_SYM                     
ffffffff  __TI_pprof_out_hndl            
ffffffff  __TI_prof_data_size            
ffffffff  __TI_prof_data_start           
ffffffff  __binit__                      
ffffffff  __c_args__                     
ffffffff  binit                          
UNDEFED   SHT$$INIT_ARRAY$$Base          
UNDEFED   SHT$$INIT_ARRAY$$Limit         

[341 symbols]
