<?xml version="1.0"?>
<link_info>
   <banner>TI ARM Linker PC v16.9.6.LTS</banner>
   <copyright>Copyright (c) 1996-2017 Texas Instruments Incorporated</copyright>
   <link_time>0x5dbb96af</link_time>
   <link_errors>0x0</link_errors>
   <output_file>Lab4_TimerCapture_Tach.out</output_file>
   <entry_point>
      <name>_c_int00</name>
      <address>0x29a5</address>
   </entry_point>
   <input_file_list>
      <input_file id="fl-2">
         <path>.\</path>
         <kind>object</kind>
         <file>Bump.obj</file>
         <name>Bump.obj</name>
      </input_file>
      <input_file id="fl-3">
         <path>.\</path>
         <kind>object</kind>
         <file>Clock.obj</file>
         <name>Clock.obj</name>
      </input_file>
      <input_file id="fl-4">
         <path>.\</path>
         <kind>object</kind>
         <file>CortexM.obj</file>
         <name>CortexM.obj</name>
      </input_file>
      <input_file id="fl-5">
         <path>.\</path>
         <kind>object</kind>
         <file>Lab4_Tachmain.obj</file>
         <name>Lab4_Tachmain.obj</name>
      </input_file>
      <input_file id="fl-6">
         <path>.\</path>
         <kind>object</kind>
         <file>LaunchPad.obj</file>
         <name>LaunchPad.obj</name>
      </input_file>
      <input_file id="fl-7">
         <path>.\</path>
         <kind>object</kind>
         <file>Motor.obj</file>
         <name>Motor.obj</name>
      </input_file>
      <input_file id="fl-8">
         <path>.\</path>
         <kind>object</kind>
         <file>PWM.obj</file>
         <name>PWM.obj</name>
      </input_file>
      <input_file id="fl-9">
         <path>.\</path>
         <kind>object</kind>
         <file>SysTick.obj</file>
         <name>SysTick.obj</name>
      </input_file>
      <input_file id="fl-a">
         <path>.\</path>
         <kind>object</kind>
         <file>TA3InputCapture.obj</file>
         <name>TA3InputCapture.obj</name>
      </input_file>
      <input_file id="fl-b">
         <path>.\</path>
         <kind>object</kind>
         <file>TExaS.obj</file>
         <name>TExaS.obj</name>
      </input_file>
      <input_file id="fl-c">
         <path>.\</path>
         <kind>object</kind>
         <file>TimerA1.obj</file>
         <name>TimerA1.obj</name>
      </input_file>
      <input_file id="fl-d">
         <path>.\</path>
         <kind>object</kind>
         <file>UART0.obj</file>
         <name>UART0.obj</name>
      </input_file>
      <input_file id="fl-e">
         <path>.\</path>
         <kind>object</kind>
         <file>startup_msp432p401r_ccs.obj</file>
         <name>startup_msp432p401r_ccs.obj</name>
      </input_file>
      <input_file id="fl-f">
         <path>.\</path>
         <kind>object</kind>
         <file>system_msp432p401r.obj</file>
         <name>system_msp432p401r.obj</name>
      </input_file>
      <input_file id="fl-13">
         <kind>object</kind>
         <file>&lt;internal&gt;</file>
         <name>&lt;internal&gt;</name>
      </input_file>
      <input_file id="fl-c9">
         <path>C:\ti\ccsv7\tools\compiler\ti-cgt-arm_16.9.6.LTS\lib\</path>
         <kind>archive</kind>
         <file>rtsv7M4_T_le_v4SPD16_eabi.lib</file>
         <name>add_device.obj</name>
      </input_file>
      <input_file id="fl-ca">
         <path>C:\ti\ccsv7\tools\compiler\ti-cgt-arm_16.9.6.LTS\lib\</path>
         <kind>archive</kind>
         <file>rtsv7M4_T_le_v4SPD16_eabi.lib</file>
         <name>boot.obj</name>
      </input_file>
      <input_file id="fl-cb">
         <path>C:\ti\ccsv7\tools\compiler\ti-cgt-arm_16.9.6.LTS\lib\</path>
         <kind>archive</kind>
         <file>rtsv7M4_T_le_v4SPD16_eabi.lib</file>
         <name>copy_decompress_lzss.obj</name>
      </input_file>
      <input_file id="fl-cc">
         <path>C:\ti\ccsv7\tools\compiler\ti-cgt-arm_16.9.6.LTS\lib\</path>
         <kind>archive</kind>
         <file>rtsv7M4_T_le_v4SPD16_eabi.lib</file>
         <name>copy_decompress_none.obj</name>
      </input_file>
      <input_file id="fl-cd">
         <path>C:\ti\ccsv7\tools\compiler\ti-cgt-arm_16.9.6.LTS\lib\</path>
         <kind>archive</kind>
         <file>rtsv7M4_T_le_v4SPD16_eabi.lib</file>
         <name>copy_zero_init.obj</name>
      </input_file>
      <input_file id="fl-ce">
         <path>C:\ti\ccsv7\tools\compiler\ti-cgt-arm_16.9.6.LTS\lib\</path>
         <kind>archive</kind>
         <file>rtsv7M4_T_le_v4SPD16_eabi.lib</file>
         <name>defs.obj</name>
      </input_file>
      <input_file id="fl-cf">
         <path>C:\ti\ccsv7\tools\compiler\ti-cgt-arm_16.9.6.LTS\lib\</path>
         <kind>archive</kind>
         <file>rtsv7M4_T_le_v4SPD16_eabi.lib</file>
         <name>exit.obj</name>
      </input_file>
      <input_file id="fl-d0">
         <path>C:\ti\ccsv7\tools\compiler\ti-cgt-arm_16.9.6.LTS\lib\</path>
         <kind>archive</kind>
         <file>rtsv7M4_T_le_v4SPD16_eabi.lib</file>
         <name>fopen.obj</name>
      </input_file>
      <input_file id="fl-d1">
         <path>C:\ti\ccsv7\tools\compiler\ti-cgt-arm_16.9.6.LTS\lib\</path>
         <kind>archive</kind>
         <file>rtsv7M4_T_le_v4SPD16_eabi.lib</file>
         <name>getdevice.obj</name>
      </input_file>
      <input_file id="fl-d2">
         <path>C:\ti\ccsv7\tools\compiler\ti-cgt-arm_16.9.6.LTS\lib\</path>
         <kind>archive</kind>
         <file>rtsv7M4_T_le_v4SPD16_eabi.lib</file>
         <name>memcpy_t2.obj</name>
      </input_file>
      <input_file id="fl-d3">
         <path>C:\ti\ccsv7\tools\compiler\ti-cgt-arm_16.9.6.LTS\lib\</path>
         <kind>archive</kind>
         <file>rtsv7M4_T_le_v4SPD16_eabi.lib</file>
         <name>memset_t2.obj</name>
      </input_file>
      <input_file id="fl-d4">
         <path>C:\ti\ccsv7\tools\compiler\ti-cgt-arm_16.9.6.LTS\lib\</path>
         <kind>archive</kind>
         <file>rtsv7M4_T_le_v4SPD16_eabi.lib</file>
         <name>mpu_init.obj</name>
      </input_file>
      <input_file id="fl-d5">
         <path>C:\ti\ccsv7\tools\compiler\ti-cgt-arm_16.9.6.LTS\lib\</path>
         <kind>archive</kind>
         <file>rtsv7M4_T_le_v4SPD16_eabi.lib</file>
         <name>open.obj</name>
      </input_file>
      <input_file id="fl-d6">
         <path>C:\ti\ccsv7\tools\compiler\ti-cgt-arm_16.9.6.LTS\lib\</path>
         <kind>archive</kind>
         <file>rtsv7M4_T_le_v4SPD16_eabi.lib</file>
         <name>pre_init.obj</name>
      </input_file>
      <input_file id="fl-d7">
         <path>C:\ti\ccsv7\tools\compiler\ti-cgt-arm_16.9.6.LTS\lib\</path>
         <kind>archive</kind>
         <file>rtsv7M4_T_le_v4SPD16_eabi.lib</file>
         <name>setvbuf.obj</name>
      </input_file>
      <input_file id="fl-d8">
         <path>C:\ti\ccsv7\tools\compiler\ti-cgt-arm_16.9.6.LTS\lib\</path>
         <kind>archive</kind>
         <file>rtsv7M4_T_le_v4SPD16_eabi.lib</file>
         <name>stkdepth_vars.obj</name>
      </input_file>
      <input_file id="fl-d9">
         <path>C:\ti\ccsv7\tools\compiler\ti-cgt-arm_16.9.6.LTS\lib\</path>
         <kind>archive</kind>
         <file>rtsv7M4_T_le_v4SPD16_eabi.lib</file>
         <name>strchr.obj</name>
      </input_file>
      <input_file id="fl-da">
         <path>C:\ti\ccsv7\tools\compiler\ti-cgt-arm_16.9.6.LTS\lib\</path>
         <kind>archive</kind>
         <file>rtsv7M4_T_le_v4SPD16_eabi.lib</file>
         <name>strcmp.obj</name>
      </input_file>
      <input_file id="fl-db">
         <path>C:\ti\ccsv7\tools\compiler\ti-cgt-arm_16.9.6.LTS\lib\</path>
         <kind>archive</kind>
         <file>rtsv7M4_T_le_v4SPD16_eabi.lib</file>
         <name>strncpy.obj</name>
      </input_file>
      <input_file id="fl-dc">
         <path>C:\ti\ccsv7\tools\compiler\ti-cgt-arm_16.9.6.LTS\lib\</path>
         <kind>archive</kind>
         <file>rtsv7M4_T_le_v4SPD16_eabi.lib</file>
         <name>write.obj</name>
      </input_file>
      <input_file id="fl-dd">
         <path>C:\ti\ccsv7\tools\compiler\ti-cgt-arm_16.9.6.LTS\lib\</path>
         <kind>archive</kind>
         <file>rtsv7M4_T_le_v4SPD16_eabi.lib</file>
         <name>_lock.obj</name>
      </input_file>
      <input_file id="fl-de">
         <path>C:\ti\ccsv7\tools\compiler\ti-cgt-arm_16.9.6.LTS\lib\</path>
         <kind>archive</kind>
         <file>rtsv7M4_T_le_v4SPD16_eabi.lib</file>
         <name>args_main.obj</name>
      </input_file>
      <input_file id="fl-df">
         <path>C:\ti\ccsv7\tools\compiler\ti-cgt-arm_16.9.6.LTS\lib\</path>
         <kind>archive</kind>
         <file>rtsv7M4_T_le_v4SPD16_eabi.lib</file>
         <name>autoinit.obj</name>
      </input_file>
      <input_file id="fl-e0">
         <path>C:\ti\ccsv7\tools\compiler\ti-cgt-arm_16.9.6.LTS\lib\</path>
         <kind>archive</kind>
         <file>rtsv7M4_T_le_v4SPD16_eabi.lib</file>
         <name>cpy_tbl.obj</name>
      </input_file>
      <input_file id="fl-e1">
         <path>C:\ti\ccsv7\tools\compiler\ti-cgt-arm_16.9.6.LTS\lib\</path>
         <kind>archive</kind>
         <file>rtsv7M4_T_le_v4SPD16_eabi.lib</file>
         <name>fclose.obj</name>
      </input_file>
      <input_file id="fl-e2">
         <path>C:\ti\ccsv7\tools\compiler\ti-cgt-arm_16.9.6.LTS\lib\</path>
         <kind>archive</kind>
         <file>rtsv7M4_T_le_v4SPD16_eabi.lib</file>
         <name>fflush.obj</name>
      </input_file>
      <input_file id="fl-e3">
         <path>C:\ti\ccsv7\tools\compiler\ti-cgt-arm_16.9.6.LTS\lib\</path>
         <kind>archive</kind>
         <file>rtsv7M4_T_le_v4SPD16_eabi.lib</file>
         <name>hostclose.obj</name>
      </input_file>
      <input_file id="fl-e4">
         <path>C:\ti\ccsv7\tools\compiler\ti-cgt-arm_16.9.6.LTS\lib\</path>
         <kind>archive</kind>
         <file>rtsv7M4_T_le_v4SPD16_eabi.lib</file>
         <name>hostlseek.obj</name>
      </input_file>
      <input_file id="fl-e5">
         <path>C:\ti\ccsv7\tools\compiler\ti-cgt-arm_16.9.6.LTS\lib\</path>
         <kind>archive</kind>
         <file>rtsv7M4_T_le_v4SPD16_eabi.lib</file>
         <name>hostopen.obj</name>
      </input_file>
      <input_file id="fl-e6">
         <path>C:\ti\ccsv7\tools\compiler\ti-cgt-arm_16.9.6.LTS\lib\</path>
         <kind>archive</kind>
         <file>rtsv7M4_T_le_v4SPD16_eabi.lib</file>
         <name>hostread.obj</name>
      </input_file>
      <input_file id="fl-e7">
         <path>C:\ti\ccsv7\tools\compiler\ti-cgt-arm_16.9.6.LTS\lib\</path>
         <kind>archive</kind>
         <file>rtsv7M4_T_le_v4SPD16_eabi.lib</file>
         <name>hostrename.obj</name>
      </input_file>
      <input_file id="fl-e8">
         <path>C:\ti\ccsv7\tools\compiler\ti-cgt-arm_16.9.6.LTS\lib\</path>
         <kind>archive</kind>
         <file>rtsv7M4_T_le_v4SPD16_eabi.lib</file>
         <name>hostunlink.obj</name>
      </input_file>
      <input_file id="fl-e9">
         <path>C:\ti\ccsv7\tools\compiler\ti-cgt-arm_16.9.6.LTS\lib\</path>
         <kind>archive</kind>
         <file>rtsv7M4_T_le_v4SPD16_eabi.lib</file>
         <name>hostwrite.obj</name>
      </input_file>
      <input_file id="fl-ea">
         <path>C:\ti\ccsv7\tools\compiler\ti-cgt-arm_16.9.6.LTS\lib\</path>
         <kind>archive</kind>
         <file>rtsv7M4_T_le_v4SPD16_eabi.lib</file>
         <name>memory.obj</name>
      </input_file>
      <input_file id="fl-eb">
         <path>C:\ti\ccsv7\tools\compiler\ti-cgt-arm_16.9.6.LTS\lib\</path>
         <kind>archive</kind>
         <file>rtsv7M4_T_le_v4SPD16_eabi.lib</file>
         <name>remove.obj</name>
      </input_file>
      <input_file id="fl-ec">
         <path>C:\ti\ccsv7\tools\compiler\ti-cgt-arm_16.9.6.LTS\lib\</path>
         <kind>archive</kind>
         <file>rtsv7M4_T_le_v4SPD16_eabi.lib</file>
         <name>startup.obj</name>
      </input_file>
      <input_file id="fl-ed">
         <path>C:\ti\ccsv7\tools\compiler\ti-cgt-arm_16.9.6.LTS\lib\</path>
         <kind>archive</kind>
         <file>rtsv7M4_T_le_v4SPD16_eabi.lib</file>
         <name>strcpy.obj</name>
      </input_file>
      <input_file id="fl-ee">
         <path>C:\ti\ccsv7\tools\compiler\ti-cgt-arm_16.9.6.LTS\lib\</path>
         <kind>archive</kind>
         <file>rtsv7M4_T_le_v4SPD16_eabi.lib</file>
         <name>strlen.obj</name>
      </input_file>
      <input_file id="fl-ef">
         <path>C:\ti\ccsv7\tools\compiler\ti-cgt-arm_16.9.6.LTS\lib\</path>
         <kind>archive</kind>
         <file>rtsv7M4_T_le_v4SPD16_eabi.lib</file>
         <name>trgmsg.obj</name>
      </input_file>
      <input_file id="fl-f0">
         <path>C:\ti\ccsv7\tools\compiler\ti-cgt-arm_16.9.6.LTS\lib\</path>
         <kind>archive</kind>
         <file>rtsv7M4_T_le_v4SPD16_eabi.lib</file>
         <name>unlink.obj</name>
      </input_file>
      <input_file id="fl-f1">
         <path>C:\ti\ccsv7\tools\compiler\ti-cgt-arm_16.9.6.LTS\lib\</path>
         <kind>archive</kind>
         <file>rtsv7M4_T_le_v4SPD16_eabi.lib</file>
         <name>close.obj</name>
      </input_file>
   </input_file_list>
   <object_component_list>
      <object_component id="oc-2c">
         <name>.intvecs:retain</name>
         <load_address>0x0</load_address>
         <run_address>0x0</run_address>
         <size>0xe4</size>
         <input_file_ref idref="fl-e"/>
      </object_component>
      <object_component id="oc-129">
         <name>.text</name>
         <load_address>0xe4</load_address>
         <run_address>0xe4</run_address>
         <size>0x6bc</size>
         <input_file_ref idref="fl-d"/>
      </object_component>
      <object_component id="oc-8a">
         <name>.text</name>
         <load_address>0x7a0</load_address>
         <run_address>0x7a0</run_address>
         <size>0x630</size>
         <input_file_ref idref="fl-b"/>
      </object_component>
      <object_component id="oc-1d8">
         <name>.text</name>
         <load_address>0xdd0</load_address>
         <run_address>0xdd0</run_address>
         <size>0x3d0</size>
         <input_file_ref idref="fl-ea"/>
      </object_component>
      <object_component id="oc-d0">
         <name>.text</name>
         <load_address>0x11a0</load_address>
         <run_address>0x11a0</run_address>
         <size>0x32c</size>
         <input_file_ref idref="fl-f"/>
      </object_component>
      <object_component id="oc-178">
         <name>.text</name>
         <load_address>0x14cc</load_address>
         <run_address>0x14cc</run_address>
         <size>0x228</size>
         <input_file_ref idref="fl-8"/>
      </object_component>
      <object_component id="oc-117">
         <name>.text</name>
         <load_address>0x16f4</load_address>
         <run_address>0x16f4</run_address>
         <size>0x1ec</size>
         <input_file_ref idref="fl-7"/>
      </object_component>
      <object_component id="oc-111">
         <name>.text</name>
         <load_address>0x18e0</load_address>
         <run_address>0x18e0</run_address>
         <size>0x1e0</size>
         <input_file_ref idref="fl-3"/>
      </object_component>
      <object_component id="oc-18b">
         <name>.text</name>
         <load_address>0x1ac0</load_address>
         <run_address>0x1ac0</run_address>
         <size>0x1c4</size>
         <input_file_ref idref="fl-d0"/>
      </object_component>
      <object_component id="oc-bd">
         <name>.text</name>
         <load_address>0x1c84</load_address>
         <run_address>0x1c84</run_address>
         <size>0x1ac</size>
         <input_file_ref idref="fl-5"/>
      </object_component>
      <object_component id="oc-84">
         <name>.text</name>
         <load_address>0x1e30</load_address>
         <run_address>0x1e30</run_address>
         <size>0x124</size>
         <input_file_ref idref="fl-a"/>
      </object_component>
      <object_component id="oc-11d">
         <name>.text</name>
         <load_address>0x1f54</load_address>
         <run_address>0x1f54</run_address>
         <size>0xf4</size>
         <input_file_ref idref="fl-6"/>
      </object_component>
      <object_component id="oc-191">
         <name>.text</name>
         <load_address>0x2048</load_address>
         <run_address>0x2048</run_address>
         <size>0xdc</size>
         <input_file_ref idref="fl-d7"/>
      </object_component>
      <object_component id="oc-23a">
         <name>.text</name>
         <load_address>0x2124</load_address>
         <run_address>0x2124</run_address>
         <size>0xc8</size>
         <input_file_ref idref="fl-e2"/>
      </object_component>
      <object_component id="oc-1c6">
         <name>.text</name>
         <load_address>0x21ec</load_address>
         <run_address>0x21ec</run_address>
         <size>0xbc</size>
         <input_file_ref idref="fl-d5"/>
      </object_component>
      <object_component id="oc-185">
         <name>.text</name>
         <load_address>0x22a8</load_address>
         <run_address>0x22a8</run_address>
         <size>0xb8</size>
         <input_file_ref idref="fl-c9"/>
      </object_component>
      <object_component id="oc-7e">
         <name>.text</name>
         <load_address>0x2360</load_address>
         <run_address>0x2360</run_address>
         <size>0xa8</size>
         <input_file_ref idref="fl-c"/>
      </object_component>
      <object_component id="oc-3e">
         <name>.text</name>
         <load_address>0x2408</load_address>
         <run_address>0x2408</run_address>
         <size>0x9c</size>
         <input_file_ref idref="fl-d2"/>
      </object_component>
      <object_component id="oc-1cc">
         <name>.text</name>
         <load_address>0x24a4</load_address>
         <run_address>0x24a4</run_address>
         <size>0x98</size>
         <input_file_ref idref="fl-e1"/>
      </object_component>
      <object_component id="oc-4a">
         <name>.text</name>
         <load_address>0x253c</load_address>
         <run_address>0x253c</run_address>
         <size>0x7a</size>
         <input_file_ref idref="fl-d3"/>
      </object_component>
      <object_component id="oc-56">
         <name>.text</name>
         <load_address>0x25b6</load_address>
         <run_address>0x25b6</run_address>
         <size>0x2</size>
         <input_file_ref idref="fl-d4"/>
      </object_component>
      <object_component id="oc-62">
         <name>.text</name>
         <load_address>0x25b8</load_address>
         <run_address>0x25b8</run_address>
         <size>0x70</size>
         <input_file_ref idref="fl-df"/>
      </object_component>
      <object_component id="oc-1b4">
         <name>.text</name>
         <load_address>0x2628</load_address>
         <run_address>0x2628</run_address>
         <size>0x70</size>
         <input_file_ref idref="fl-d1"/>
      </object_component>
      <object_component id="oc-14">
         <name>.text:decompress:lzss</name>
         <load_address>0x2698</load_address>
         <run_address>0x2698</run_address>
         <size>0x68</size>
         <input_file_ref idref="fl-cb"/>
      </object_component>
      <object_component id="oc-213">
         <name>.text</name>
         <load_address>0x2700</load_address>
         <run_address>0x2700</run_address>
         <size>0x68</size>
         <input_file_ref idref="fl-e4"/>
      </object_component>
      <object_component id="oc-21f">
         <name>.text</name>
         <load_address>0x2768</load_address>
         <run_address>0x2768</run_address>
         <size>0x68</size>
         <input_file_ref idref="fl-e7"/>
      </object_component>
      <object_component id="oc-26e">
         <name>.text</name>
         <load_address>0x27d0</load_address>
         <run_address>0x27d0</run_address>
         <size>0x68</size>
         <input_file_ref idref="fl-ef"/>
      </object_component>
      <object_component id="oc-1fb">
         <name>.text</name>
         <load_address>0x2838</load_address>
         <run_address>0x2838</run_address>
         <size>0x60</size>
         <input_file_ref idref="fl-e5"/>
      </object_component>
      <object_component id="oc-240">
         <name>.text</name>
         <load_address>0x2898</load_address>
         <run_address>0x2898</run_address>
         <size>0x5c</size>
         <input_file_ref idref="fl-f1"/>
      </object_component>
      <object_component id="oc-207">
         <name>.text</name>
         <load_address>0x28f4</load_address>
         <run_address>0x28f4</run_address>
         <size>0x58</size>
         <input_file_ref idref="fl-e6"/>
      </object_component>
      <object_component id="oc-20d">
         <name>.text</name>
         <load_address>0x294c</load_address>
         <run_address>0x294c</run_address>
         <size>0x58</size>
         <input_file_ref idref="fl-e9"/>
      </object_component>
      <object_component id="oc-26">
         <name>.text</name>
         <load_address>0x29a4</load_address>
         <run_address>0x29a4</run_address>
         <size>0x54</size>
         <input_file_ref idref="fl-ca"/>
      </object_component>
      <object_component id="oc-6e">
         <name>.text</name>
         <load_address>0x29f8</load_address>
         <run_address>0x29f8</run_address>
         <size>0x54</size>
         <input_file_ref idref="fl-cf"/>
      </object_component>
      <object_component id="oc-af">
         <name>.text</name>
         <load_address>0x2a4c</load_address>
         <run_address>0x2a4c</run_address>
         <size>0x4c</size>
         <input_file_ref idref="fl-e0"/>
      </object_component>
      <object_component id="oc-201">
         <name>.text</name>
         <load_address>0x2a98</load_address>
         <run_address>0x2a98</run_address>
         <size>0x44</size>
         <input_file_ref idref="fl-e3"/>
      </object_component>
      <object_component id="oc-219">
         <name>.text</name>
         <load_address>0x2adc</load_address>
         <run_address>0x2adc</run_address>
         <size>0x44</size>
         <input_file_ref idref="fl-e8"/>
      </object_component>
      <object_component id="oc-1ba">
         <name>.text</name>
         <load_address>0x2b20</load_address>
         <run_address>0x2b20</run_address>
         <size>0x36</size>
         <input_file_ref idref="fl-db"/>
      </object_component>
      <object_component id="oc-b5">
         <name>.text</name>
         <load_address>0x2b56</load_address>
         <run_address>0x2b56</run_address>
         <size>0x2</size>
         <input_file_ref idref="fl-ec"/>
      </object_component>
      <object_component id="oc-246">
         <name>.text</name>
         <load_address>0x2b58</load_address>
         <run_address>0x2b58</run_address>
         <size>0x2c</size>
         <input_file_ref idref="fl-f0"/>
      </object_component>
      <object_component id="oc-295">
         <name>.text</name>
         <load_address>0x2b84</load_address>
         <run_address>0x2b84</run_address>
         <size>0x28</size>
         <input_file_ref idref="fl-dc"/>
      </object_component>
      <object_component id="oc-123">
         <name>.text</name>
         <load_address>0x2bac</load_address>
         <run_address>0x2bac</run_address>
         <size>0x24</size>
         <input_file_ref idref="fl-4"/>
      </object_component>
      <object_component id="oc-68">
         <name>.text</name>
         <load_address>0x2bd0</load_address>
         <run_address>0x2bd0</run_address>
         <size>0x18</size>
         <input_file_ref idref="fl-de"/>
      </object_component>
      <object_component id="oc-1eb">
         <name>.text</name>
         <load_address>0x2be8</load_address>
         <run_address>0x2be8</run_address>
         <size>0x18</size>
         <input_file_ref idref="fl-da"/>
      </object_component>
      <object_component id="oc-1f1">
         <name>.text</name>
         <load_address>0x2c00</load_address>
         <run_address>0x2c00</run_address>
         <size>0x16</size>
         <input_file_ref idref="fl-d9"/>
      </object_component>
      <object_component id="oc-144">
         <name>.text</name>
         <load_address>0x2c18</load_address>
         <run_address>0x2c18</run_address>
         <size>0x14</size>
         <input_file_ref idref="fl-dd"/>
      </object_component>
      <object_component id="oc-282">
         <name>.text</name>
         <load_address>0x2c2c</load_address>
         <run_address>0x2c2c</run_address>
         <size>0x14</size>
         <input_file_ref idref="fl-ed"/>
      </object_component>
      <object_component id="oc-268">
         <name>.text</name>
         <load_address>0x2c40</load_address>
         <run_address>0x2c40</run_address>
         <size>0x14</size>
         <input_file_ref idref="fl-ee"/>
      </object_component>
      <object_component id="oc-1a">
         <name>.text:decompress:none</name>
         <load_address>0x2c54</load_address>
         <run_address>0x2c54</run_address>
         <size>0xe</size>
         <input_file_ref idref="fl-cc"/>
      </object_component>
      <object_component id="oc-78">
         <name>.text</name>
         <load_address>0x2c62</load_address>
         <run_address>0x2c62</run_address>
         <size>0xe</size>
         <input_file_ref idref="fl-e"/>
      </object_component>
      <object_component id="oc-20">
         <name>.text:decompress:ZI</name>
         <load_address>0x2c70</load_address>
         <run_address>0x2c70</run_address>
         <size>0xc</size>
         <input_file_ref idref="fl-cd"/>
      </object_component>
      <object_component id="oc-5c">
         <name>.text</name>
         <load_address>0x2c7c</load_address>
         <run_address>0x2c7c</run_address>
         <size>0x4</size>
         <input_file_ref idref="fl-d6"/>
      </object_component>
      <object_component id="oc-2f6">
         <name>.cinit..data.load</name>
         <load_address>0x2c80</load_address>
         <run_address>0x2c80</run_address>
         <size>0x7a</size>
      </object_component>
      <object_component id="oc-2f4">
         <name>__TI_handler_table</name>
         <load_address>0x2cfc</load_address>
         <run_address>0x2cfc</run_address>
         <size>0xc</size>
      </object_component>
      <object_component id="oc-2f7">
         <name>.cinit..bss.load</name>
         <load_address>0x2d08</load_address>
         <run_address>0x2d08</run_address>
         <size>0x8</size>
      </object_component>
      <object_component id="oc-2f5">
         <name>__TI_cinit_table</name>
         <load_address>0x2d10</load_address>
         <run_address>0x2d10</run_address>
         <size>0x10</size>
      </object_component>
      <object_component id="oc-2d1">
         <name>.binit</name>
         <load_address>0x0</load_address>
         <run_address>0x0</run_address>
         <size>0x0</size>
      </object_component>
      <object_component id="oc-174">
         <name>.data</name>
         <load_address>0x200005b8</load_address>
         <run_address>0x200005b8</run_address>
         <size>0x18</size>
         <input_file_ref idref="fl-3"/>
      </object_component>
      <object_component id="oc-137">
         <name>.data</name>
         <load_address>0x20000614</load_address>
         <run_address>0x20000614</run_address>
         <size>0x4</size>
         <input_file_ref idref="fl-5"/>
      </object_component>
      <object_component id="oc-e0">
         <name>.data</name>
         <load_address>0x2000060c</load_address>
         <run_address>0x2000060c</run_address>
         <size>0x8</size>
         <input_file_ref idref="fl-a"/>
      </object_component>
      <object_component id="oc-e8">
         <name>.data</name>
         <load_address>0x200005f8</load_address>
         <run_address>0x200005f8</run_address>
         <size>0xc</size>
         <input_file_ref idref="fl-b"/>
      </object_component>
      <object_component id="oc-150">
         <name>.data</name>
         <load_address>0x20000628</load_address>
         <run_address>0x20000628</run_address>
         <size>0x4</size>
         <input_file_ref idref="fl-f"/>
      </object_component>
      <object_component id="oc-1c0">
         <name>.data</name>
         <load_address>0x20000618</load_address>
         <run_address>0x20000618</run_address>
         <size>0x4</size>
         <input_file_ref idref="fl-c9"/>
      </object_component>
      <object_component id="oc-197">
         <name>.data:_ftable</name>
         <load_address>0x20000400</load_address>
         <run_address>0x20000400</run_address>
         <size>0xf0</size>
         <input_file_ref idref="fl-ce"/>
      </object_component>
      <object_component id="oc-1d2">
         <name>.data</name>
         <load_address>0x200005d0</load_address>
         <run_address>0x200005d0</run_address>
         <size>0x10</size>
         <input_file_ref idref="fl-ce"/>
      </object_component>
      <object_component id="oc-c5">
         <name>.data:$O1$$</name>
         <load_address>0x200005e0</load_address>
         <run_address>0x200005e0</run_address>
         <size>0xc</size>
         <input_file_ref idref="fl-cf"/>
      </object_component>
      <object_component id="oc-1d5">
         <name>.data</name>
         <load_address>0x2000061c</load_address>
         <run_address>0x2000061c</run_address>
         <size>0x4</size>
         <input_file_ref idref="fl-d0"/>
      </object_component>
      <object_component id="oc-234">
         <name>.data</name>
         <load_address>0x20000620</load_address>
         <run_address>0x20000620</run_address>
         <size>0x4</size>
         <input_file_ref idref="fl-d5"/>
      </object_component>
      <object_component id="oc-74">
         <name>.data</name>
         <load_address>0x20000624</load_address>
         <run_address>0x20000624</run_address>
         <size>0x4</size>
         <input_file_ref idref="fl-d8"/>
      </object_component>
      <object_component id="oc-1c1">
         <name>.data:_device</name>
         <load_address>0x200004f0</load_address>
         <run_address>0x200004f0</run_address>
         <size>0x78</size>
         <input_file_ref idref="fl-dc"/>
      </object_component>
      <object_component id="oc-235">
         <name>.data:_stream</name>
         <load_address>0x20000568</load_address>
         <run_address>0x20000568</run_address>
         <size>0x50</size>
         <input_file_ref idref="fl-dc"/>
      </object_component>
      <object_component id="oc-c8">
         <name>.data:$O1$$</name>
         <load_address>0x20000604</load_address>
         <run_address>0x20000604</run_address>
         <size>0x8</size>
         <input_file_ref idref="fl-dd"/>
      </object_component>
      <object_component id="oc-258">
         <name>.data:$O1$$</name>
         <load_address>0x200005ec</load_address>
         <run_address>0x200005ec</run_address>
         <size>0xc</size>
         <input_file_ref idref="fl-ea"/>
      </object_component>
      <object_component id="oc-2ab">
         <name>.bss:_CIOBUF_</name>
         <uninitialized>true</uninitialized>
         <run_address>0x2000062c</run_address>
         <size>0x120</size>
         <input_file_ref idref="fl-ef"/>
      </object_component>
      <object_component id="oc-12f">
         <name>.common:Period0</name>
         <uninitialized>true</uninitialized>
         <run_address>0x20000814</run_address>
         <size>0x2</size>
      </object_component>
      <object_component id="oc-132">
         <name>.common:First0</name>
         <uninitialized>true</uninitialized>
         <run_address>0x20000810</run_address>
         <size>0x2</size>
      </object_component>
      <object_component id="oc-133">
         <name>.common:Done0</name>
         <uninitialized>true</uninitialized>
         <run_address>0x200007fc</run_address>
         <size>0x4</size>
      </object_component>
      <object_component id="oc-134">
         <name>.common:Period2</name>
         <uninitialized>true</uninitialized>
         <run_address>0x20000816</run_address>
         <size>0x2</size>
      </object_component>
      <object_component id="oc-135">
         <name>.common:First2</name>
         <uninitialized>true</uninitialized>
         <run_address>0x20000812</run_address>
         <size>0x2</size>
      </object_component>
      <object_component id="oc-136">
         <name>.common:Done2</name>
         <uninitialized>true</uninitialized>
         <run_address>0x20000800</run_address>
         <size>0x4</size>
      </object_component>
      <object_component id="oc-e5">
         <name>.common:LogicData</name>
         <uninitialized>true</uninitialized>
         <run_address>0x20000818</run_address>
         <size>0x1</size>
      </object_component>
      <object_component id="oc-eb">
         <name>.common:PeriodicTask2</name>
         <uninitialized>true</uninitialized>
         <run_address>0x20000808</run_address>
         <size>0x4</size>
      </object_component>
      <object_component id="oc-d7">
         <name>.common:TimerA1Task</name>
         <uninitialized>true</uninitialized>
         <run_address>0x2000080c</run_address>
         <size>0x4</size>
      </object_component>
      <object_component id="oc-184">
         <name>.common:Messageindexb</name>
         <uninitialized>true</uninitialized>
         <run_address>0x20000804</run_address>
         <size>0x4</size>
      </object_component>
      <object_component id="oc-181">
         <name>.common:Messageb</name>
         <uninitialized>true</uninitialized>
         <run_address>0x200007ec</run_address>
         <size>0x8</size>
      </object_component>
      <object_component id="oc-24c">
         <name>.common:__TI_tmpnams</name>
         <uninitialized>true</uninitialized>
         <run_address>0x2000074c</run_address>
         <size>0xa0</size>
      </object_component>
      <object_component id="oc-274">
         <name>.common:parmbuf</name>
         <uninitialized>true</uninitialized>
         <run_address>0x200007f4</run_address>
         <size>0x8</size>
      </object_component>
      <object_component id="oc-30">
         <name>.sysmem</name>
         <uninitialized>true</uninitialized>
         <run_address>0x20000000</run_address>
         <size>0x8</size>
         <input_file_ref idref="fl-ea"/>
      </object_component>
      <object_component id="oc-2f9">
         <name>.sysmem</name>
         <uninitialized>true</uninitialized>
         <run_address>0x20000000</run_address>
         <size>0x0</size>
      </object_component>
      <object_component id="oc-2f">
         <name>.stack</name>
         <uninitialized>true</uninitialized>
         <run_address>0x2000fe00</run_address>
         <size>0x0</size>
         <input_file_ref idref="fl-ca"/>
      </object_component>
      <object_component id="oc-2f8">
         <name>.stack</name>
         <uninitialized>true</uninitialized>
         <run_address>0x2000fe00</run_address>
         <size>0x0</size>
      </object_component>
      <object_component id="oc-1a9">
         <name>.debug_info</name>
         <load_address>0x0</load_address>
         <run_address>0x0</run_address>
         <size>0x537</size>
         <input_file_ref idref="fl-2"/>
      </object_component>
      <object_component id="oc-156">
         <name>.debug_info</name>
         <load_address>0x537</load_address>
         <run_address>0x537</run_address>
         <size>0x37e2</size>
         <input_file_ref idref="fl-2"/>
      </object_component>
      <object_component id="oc-15b">
         <name>.debug_info</name>
         <load_address>0x3d19</load_address>
         <run_address>0x3d19</run_address>
         <size>0x1055</size>
         <input_file_ref idref="fl-2"/>
      </object_component>
      <object_component id="oc-39">
         <name>.debug_info</name>
         <load_address>0x4d6e</load_address>
         <run_address>0x4d6e</run_address>
         <size>0x84</size>
         <input_file_ref idref="fl-2"/>
      </object_component>
      <object_component id="oc-db">
         <name>.debug_info</name>
         <load_address>0x4df2</load_address>
         <run_address>0x4df2</run_address>
         <size>0x18b</size>
         <input_file_ref idref="fl-2"/>
      </object_component>
      <object_component id="oc-175">
         <name>.debug_info</name>
         <load_address>0x4f7d</load_address>
         <run_address>0x4f7d</run_address>
         <size>0x1a6</size>
         <input_file_ref idref="fl-3"/>
      </object_component>
      <object_component id="oc-112">
         <name>.debug_info</name>
         <load_address>0x5123</load_address>
         <run_address>0x5123</run_address>
         <size>0x3ec</size>
         <input_file_ref idref="fl-3"/>
      </object_component>
      <object_component id="oc-127">
         <name>.debug_info</name>
         <load_address>0x550f</load_address>
         <run_address>0x550f</run_address>
         <size>0x3ad</size>
         <input_file_ref idref="fl-4"/>
      </object_component>
      <object_component id="oc-130">
         <name>.debug_info</name>
         <load_address>0x58bc</load_address>
         <run_address>0x58bc</run_address>
         <size>0x85c</size>
         <input_file_ref idref="fl-5"/>
      </object_component>
      <object_component id="oc-138">
         <name>.debug_info</name>
         <load_address>0x6118</load_address>
         <run_address>0x6118</run_address>
         <size>0xe2</size>
         <input_file_ref idref="fl-5"/>
      </object_component>
      <object_component id="oc-c0">
         <name>.debug_info</name>
         <load_address>0x61fa</load_address>
         <run_address>0x61fa</run_address>
         <size>0x48e</size>
         <input_file_ref idref="fl-5"/>
      </object_component>
      <object_component id="oc-ed">
         <name>.debug_info</name>
         <load_address>0x6688</load_address>
         <run_address>0x6688</run_address>
         <size>0xb4</size>
         <input_file_ref idref="fl-5"/>
      </object_component>
      <object_component id="oc-11f">
         <name>.debug_info</name>
         <load_address>0x673c</load_address>
         <run_address>0x673c</run_address>
         <size>0x378</size>
         <input_file_ref idref="fl-6"/>
      </object_component>
      <object_component id="oc-118">
         <name>.debug_info</name>
         <load_address>0x6ab4</load_address>
         <run_address>0x6ab4</run_address>
         <size>0x668</size>
         <input_file_ref idref="fl-7"/>
      </object_component>
      <object_component id="oc-17b">
         <name>.debug_info</name>
         <load_address>0x711c</load_address>
         <run_address>0x711c</run_address>
         <size>0x623</size>
         <input_file_ref idref="fl-8"/>
      </object_component>
      <object_component id="oc-e4">
         <name>.debug_info</name>
         <load_address>0x773f</load_address>
         <run_address>0x773f</run_address>
         <size>0x554</size>
         <input_file_ref idref="fl-a"/>
      </object_component>
      <object_component id="oc-e1">
         <name>.debug_info</name>
         <load_address>0x7c93</load_address>
         <run_address>0x7c93</run_address>
         <size>0x12e</size>
         <input_file_ref idref="fl-a"/>
      </object_component>
      <object_component id="oc-85">
         <name>.debug_info</name>
         <load_address>0x7dc1</load_address>
         <run_address>0x7dc1</run_address>
         <size>0x3d9</size>
         <input_file_ref idref="fl-a"/>
      </object_component>
      <object_component id="oc-e6">
         <name>.debug_info</name>
         <load_address>0x819a</load_address>
         <run_address>0x819a</run_address>
         <size>0x593</size>
         <input_file_ref idref="fl-b"/>
      </object_component>
      <object_component id="oc-e9">
         <name>.debug_info</name>
         <load_address>0x872d</load_address>
         <run_address>0x872d</run_address>
         <size>0x189</size>
         <input_file_ref idref="fl-b"/>
      </object_component>
      <object_component id="oc-8d">
         <name>.debug_info</name>
         <load_address>0x88b6</load_address>
         <run_address>0x88b6</run_address>
         <size>0x1c7a</size>
         <input_file_ref idref="fl-b"/>
      </object_component>
      <object_component id="oc-d8">
         <name>.debug_info</name>
         <load_address>0xa530</load_address>
         <run_address>0xa530</run_address>
         <size>0x569</size>
         <input_file_ref idref="fl-c"/>
      </object_component>
      <object_component id="oc-7f">
         <name>.debug_info</name>
         <load_address>0xaa99</load_address>
         <run_address>0xaa99</run_address>
         <size>0x2da</size>
         <input_file_ref idref="fl-c"/>
      </object_component>
      <object_component id="oc-182">
         <name>.debug_info</name>
         <load_address>0xad73</load_address>
         <run_address>0xad73</run_address>
         <size>0x77c</size>
         <input_file_ref idref="fl-d"/>
      </object_component>
      <object_component id="oc-12c">
         <name>.debug_info</name>
         <load_address>0xb4ef</load_address>
         <run_address>0xb4ef</run_address>
         <size>0x195a</size>
         <input_file_ref idref="fl-d"/>
      </object_component>
      <object_component id="oc-1af">
         <name>.debug_info</name>
         <load_address>0xce49</load_address>
         <run_address>0xce49</run_address>
         <size>0xc8</size>
         <input_file_ref idref="fl-d"/>
      </object_component>
      <object_component id="oc-19b">
         <name>.debug_info</name>
         <load_address>0xcf11</load_address>
         <run_address>0xcf11</run_address>
         <size>0x2c</size>
         <input_file_ref idref="fl-d"/>
      </object_component>
      <object_component id="oc-92">
         <name>.debug_info</name>
         <load_address>0xcf3d</load_address>
         <run_address>0xcf3d</run_address>
         <size>0x2ba</size>
         <input_file_ref idref="fl-e"/>
      </object_component>
      <object_component id="oc-2d">
         <name>.debug_info</name>
         <load_address>0xd1f7</load_address>
         <run_address>0xd1f7</run_address>
         <size>0xf8</size>
         <input_file_ref idref="fl-e"/>
      </object_component>
      <object_component id="oc-7a">
         <name>.debug_info</name>
         <load_address>0xd2ef</load_address>
         <run_address>0xd2ef</run_address>
         <size>0x1bf</size>
         <input_file_ref idref="fl-e"/>
      </object_component>
      <object_component id="oc-151">
         <name>.debug_info</name>
         <load_address>0xd4ae</load_address>
         <run_address>0xd4ae</run_address>
         <size>0xf1</size>
         <input_file_ref idref="fl-f"/>
      </object_component>
      <object_component id="oc-d1">
         <name>.debug_info</name>
         <load_address>0xd59f</load_address>
         <run_address>0xd59f</run_address>
         <size>0x263</size>
         <input_file_ref idref="fl-f"/>
      </object_component>
      <object_component id="oc-1c5">
         <name>.debug_info</name>
         <load_address>0xd802</load_address>
         <run_address>0xd802</run_address>
         <size>0x430</size>
         <input_file_ref idref="fl-c9"/>
      </object_component>
      <object_component id="oc-188">
         <name>.debug_info</name>
         <load_address>0xdc32</load_address>
         <run_address>0xdc32</run_address>
         <size>0x2d0</size>
         <input_file_ref idref="fl-c9"/>
      </object_component>
      <object_component id="oc-22f">
         <name>.debug_info</name>
         <load_address>0xdf02</load_address>
         <run_address>0xdf02</run_address>
         <size>0xea</size>
         <input_file_ref idref="fl-c9"/>
      </object_component>
      <object_component id="oc-22a">
         <name>.debug_info</name>
         <load_address>0xdfec</load_address>
         <run_address>0xdfec</run_address>
         <size>0x2c</size>
         <input_file_ref idref="fl-c9"/>
      </object_component>
      <object_component id="oc-28">
         <name>.debug_info</name>
         <load_address>0xe018</load_address>
         <run_address>0xe018</run_address>
         <size>0x160</size>
         <input_file_ref idref="fl-ca"/>
      </object_component>
      <object_component id="oc-9c">
         <name>.debug_info</name>
         <load_address>0xe178</load_address>
         <run_address>0xe178</run_address>
         <size>0x293</size>
         <input_file_ref idref="fl-cb"/>
      </object_component>
      <object_component id="oc-15">
         <name>.debug_info</name>
         <load_address>0xe40b</load_address>
         <run_address>0xe40b</run_address>
         <size>0x245</size>
         <input_file_ref idref="fl-cb"/>
      </object_component>
      <object_component id="oc-34">
         <name>.debug_info</name>
         <load_address>0xe650</load_address>
         <run_address>0xe650</run_address>
         <size>0x60</size>
         <input_file_ref idref="fl-cb"/>
      </object_component>
      <object_component id="oc-97">
         <name>.debug_info</name>
         <load_address>0xe6b0</load_address>
         <run_address>0xe6b0</run_address>
         <size>0x46</size>
         <input_file_ref idref="fl-cb"/>
      </object_component>
      <object_component id="oc-49">
         <name>.debug_info</name>
         <load_address>0xe6f6</load_address>
         <run_address>0xe6f6</run_address>
         <size>0x2da</size>
         <input_file_ref idref="fl-cc"/>
      </object_component>
      <object_component id="oc-1b">
         <name>.debug_info</name>
         <load_address>0xe9d0</load_address>
         <run_address>0xe9d0</run_address>
         <size>0x1df</size>
         <input_file_ref idref="fl-cc"/>
      </object_component>
      <object_component id="oc-44">
         <name>.debug_info</name>
         <load_address>0xebaf</load_address>
         <run_address>0xebaf</run_address>
         <size>0x46</size>
         <input_file_ref idref="fl-cc"/>
      </object_component>
      <object_component id="oc-9e">
         <name>.debug_info</name>
         <load_address>0xebf5</load_address>
         <run_address>0xebf5</run_address>
         <size>0x2c</size>
         <input_file_ref idref="fl-cc"/>
      </object_component>
      <object_component id="oc-55">
         <name>.debug_info</name>
         <load_address>0xec21</load_address>
         <run_address>0xec21</run_address>
         <size>0x2c9</size>
         <input_file_ref idref="fl-cd"/>
      </object_component>
      <object_component id="oc-21">
         <name>.debug_info</name>
         <load_address>0xeeea</load_address>
         <run_address>0xeeea</run_address>
         <size>0x1aa</size>
         <input_file_ref idref="fl-cd"/>
      </object_component>
      <object_component id="oc-50">
         <name>.debug_info</name>
         <load_address>0xf094</load_address>
         <run_address>0xf094</run_address>
         <size>0x46</size>
         <input_file_ref idref="fl-cd"/>
      </object_component>
      <object_component id="oc-a6">
         <name>.debug_info</name>
         <load_address>0xf0da</load_address>
         <run_address>0xf0da</run_address>
         <size>0x2c</size>
         <input_file_ref idref="fl-cd"/>
      </object_component>
      <object_component id="oc-1e7">
         <name>.debug_info</name>
         <load_address>0xf106</load_address>
         <run_address>0xf106</run_address>
         <size>0x139</size>
         <input_file_ref idref="fl-ce"/>
      </object_component>
      <object_component id="oc-198">
         <name>.debug_info</name>
         <load_address>0xf23f</load_address>
         <run_address>0xf23f</run_address>
         <size>0xf7</size>
         <input_file_ref idref="fl-ce"/>
      </object_component>
      <object_component id="oc-1d3">
         <name>.debug_info</name>
         <load_address>0xf336</load_address>
         <run_address>0xf336</run_address>
         <size>0x184</size>
         <input_file_ref idref="fl-ce"/>
      </object_component>
      <object_component id="oc-253">
         <name>.debug_info</name>
         <load_address>0xf4ba</load_address>
         <run_address>0xf4ba</run_address>
         <size>0xae</size>
         <input_file_ref idref="fl-ce"/>
      </object_component>
      <object_component id="oc-cc">
         <name>.debug_info</name>
         <load_address>0xf568</load_address>
         <run_address>0xf568</run_address>
         <size>0x3ce</size>
         <input_file_ref idref="fl-cf"/>
      </object_component>
      <object_component id="oc-c6">
         <name>.debug_info</name>
         <load_address>0xf936</load_address>
         <run_address>0xf936</run_address>
         <size>0x185</size>
         <input_file_ref idref="fl-cf"/>
      </object_component>
      <object_component id="oc-71">
         <name>.debug_info</name>
         <load_address>0xfabb</load_address>
         <run_address>0xfabb</run_address>
         <size>0x214</size>
         <input_file_ref idref="fl-cf"/>
      </object_component>
      <object_component id="oc-1d7">
         <name>.debug_info</name>
         <load_address>0xfccf</load_address>
         <run_address>0xfccf</run_address>
         <size>0x3d6</size>
         <input_file_ref idref="fl-d0"/>
      </object_component>
      <object_component id="oc-18c">
         <name>.debug_info</name>
         <load_address>0x100a5</load_address>
         <run_address>0x100a5</run_address>
         <size>0x455</size>
         <input_file_ref idref="fl-d0"/>
      </object_component>
      <object_component id="oc-f6">
         <name>.debug_info</name>
         <load_address>0x104fa</load_address>
         <run_address>0x104fa</run_address>
         <size>0x2c</size>
         <input_file_ref idref="fl-d0"/>
      </object_component>
      <object_component id="oc-1f8">
         <name>.debug_info</name>
         <load_address>0x10526</load_address>
         <run_address>0x10526</run_address>
         <size>0x417</size>
         <input_file_ref idref="fl-d1"/>
      </object_component>
      <object_component id="oc-1b7">
         <name>.debug_info</name>
         <load_address>0x1093d</load_address>
         <run_address>0x1093d</run_address>
         <size>0x282</size>
         <input_file_ref idref="fl-d1"/>
      </object_component>
      <object_component id="oc-40">
         <name>.debug_info</name>
         <load_address>0x10bbf</load_address>
         <run_address>0x10bbf</run_address>
         <size>0x111</size>
         <input_file_ref idref="fl-d2"/>
      </object_component>
      <object_component id="oc-4b">
         <name>.debug_info</name>
         <load_address>0x10cd0</load_address>
         <run_address>0x10cd0</run_address>
         <size>0x13f</size>
         <input_file_ref idref="fl-d3"/>
      </object_component>
      <object_component id="oc-57">
         <name>.debug_info</name>
         <load_address>0x10e0f</load_address>
         <run_address>0x10e0f</run_address>
         <size>0x138</size>
         <input_file_ref idref="fl-d4"/>
      </object_component>
      <object_component id="oc-239">
         <name>.debug_info</name>
         <load_address>0x10f47</load_address>
         <run_address>0x10f47</run_address>
         <size>0x3f7</size>
         <input_file_ref idref="fl-d5"/>
      </object_component>
      <object_component id="oc-1c7">
         <name>.debug_info</name>
         <load_address>0x1133e</load_address>
         <run_address>0x1133e</run_address>
         <size>0x23a</size>
         <input_file_ref idref="fl-d5"/>
      </object_component>
      <object_component id="oc-28c">
         <name>.debug_info</name>
         <load_address>0x11578</load_address>
         <run_address>0x11578</run_address>
         <size>0x120</size>
         <input_file_ref idref="fl-d5"/>
      </object_component>
      <object_component id="oc-5f">
         <name>.debug_info</name>
         <load_address>0x11698</load_address>
         <run_address>0x11698</run_address>
         <size>0x148</size>
         <input_file_ref idref="fl-d6"/>
      </object_component>
      <object_component id="oc-1df">
         <name>.debug_info</name>
         <load_address>0x117e0</load_address>
         <run_address>0x117e0</run_address>
         <size>0x35a</size>
         <input_file_ref idref="fl-d7"/>
      </object_component>
      <object_component id="oc-195">
         <name>.debug_info</name>
         <load_address>0x11b3a</load_address>
         <run_address>0x11b3a</run_address>
         <size>0x200</size>
         <input_file_ref idref="fl-d7"/>
      </object_component>
      <object_component id="oc-1e0">
         <name>.debug_info</name>
         <load_address>0x11d3a</load_address>
         <run_address>0x11d3a</run_address>
         <size>0xbb</size>
         <input_file_ref idref="fl-d7"/>
      </object_component>
      <object_component id="oc-75">
         <name>.debug_info</name>
         <load_address>0x11df5</load_address>
         <run_address>0x11df5</run_address>
         <size>0x109</size>
         <input_file_ref idref="fl-d8"/>
      </object_component>
      <object_component id="oc-263">
         <name>.debug_info</name>
         <load_address>0x11efe</load_address>
         <run_address>0x11efe</run_address>
         <size>0x28f</size>
         <input_file_ref idref="fl-d9"/>
      </object_component>
      <object_component id="oc-1f5">
         <name>.debug_info</name>
         <load_address>0x1218d</load_address>
         <run_address>0x1218d</run_address>
         <size>0x244</size>
         <input_file_ref idref="fl-d9"/>
      </object_component>
      <object_component id="oc-261">
         <name>.debug_info</name>
         <load_address>0x123d1</load_address>
         <run_address>0x123d1</run_address>
         <size>0x27f</size>
         <input_file_ref idref="fl-da"/>
      </object_component>
      <object_component id="oc-1ec">
         <name>.debug_info</name>
         <load_address>0x12650</load_address>
         <run_address>0x12650</run_address>
         <size>0x258</size>
         <input_file_ref idref="fl-da"/>
      </object_component>
      <object_component id="oc-1fa">
         <name>.debug_info</name>
         <load_address>0x128a8</load_address>
         <run_address>0x128a8</run_address>
         <size>0x290</size>
         <input_file_ref idref="fl-db"/>
      </object_component>
      <object_component id="oc-1bd">
         <name>.debug_info</name>
         <load_address>0x12b38</load_address>
         <run_address>0x12b38</run_address>
         <size>0x259</size>
         <input_file_ref idref="fl-db"/>
      </object_component>
      <object_component id="oc-227">
         <name>.debug_info</name>
         <load_address>0x12d91</load_address>
         <run_address>0x12d91</run_address>
         <size>0x4c5</size>
         <input_file_ref idref="fl-dc"/>
      </object_component>
      <object_component id="oc-1c2">
         <name>.debug_info</name>
         <load_address>0x13256</load_address>
         <run_address>0x13256</run_address>
         <size>0xf8</size>
         <input_file_ref idref="fl-dc"/>
      </object_component>
      <object_component id="oc-236">
         <name>.debug_info</name>
         <load_address>0x1334e</load_address>
         <run_address>0x1334e</run_address>
         <size>0xf8</size>
         <input_file_ref idref="fl-dc"/>
      </object_component>
      <object_component id="oc-296">
         <name>.debug_info</name>
         <load_address>0x13446</load_address>
         <run_address>0x13446</run_address>
         <size>0x184</size>
         <input_file_ref idref="fl-dc"/>
      </object_component>
      <object_component id="oc-14c">
         <name>.debug_info</name>
         <load_address>0x135ca</load_address>
         <run_address>0x135ca</run_address>
         <size>0x2be</size>
         <input_file_ref idref="fl-dd"/>
      </object_component>
      <object_component id="oc-c9">
         <name>.debug_info</name>
         <load_address>0x13888</load_address>
         <run_address>0x13888</run_address>
         <size>0x113</size>
         <input_file_ref idref="fl-dd"/>
      </object_component>
      <object_component id="oc-145">
         <name>.debug_info</name>
         <load_address>0x1399b</load_address>
         <run_address>0x1399b</run_address>
         <size>0x21f</size>
         <input_file_ref idref="fl-dd"/>
      </object_component>
      <object_component id="oc-c4">
         <name>.debug_info</name>
         <load_address>0x13bba</load_address>
         <run_address>0x13bba</run_address>
         <size>0x300</size>
         <input_file_ref idref="fl-de"/>
      </object_component>
      <object_component id="oc-6b">
         <name>.debug_info</name>
         <load_address>0x13eba</load_address>
         <run_address>0x13eba</run_address>
         <size>0x167</size>
         <input_file_ref idref="fl-de"/>
      </object_component>
      <object_component id="oc-13d">
         <name>.debug_info</name>
         <load_address>0x14021</load_address>
         <run_address>0x14021</run_address>
         <size>0x5e</size>
         <input_file_ref idref="fl-de"/>
      </object_component>
      <object_component id="oc-bc">
         <name>.debug_info</name>
         <load_address>0x1407f</load_address>
         <run_address>0x1407f</run_address>
         <size>0x483</size>
         <input_file_ref idref="fl-df"/>
      </object_component>
      <object_component id="oc-65">
         <name>.debug_info</name>
         <load_address>0x14502</load_address>
         <run_address>0x14502</run_address>
         <size>0x190</size>
         <input_file_ref idref="fl-df"/>
      </object_component>
      <object_component id="oc-107">
         <name>.debug_info</name>
         <load_address>0x14692</load_address>
         <run_address>0x14692</run_address>
         <size>0x39</size>
         <input_file_ref idref="fl-df"/>
      </object_component>
      <object_component id="oc-16f">
         <name>.debug_info</name>
         <load_address>0x146cb</load_address>
         <run_address>0x146cb</run_address>
         <size>0x39</size>
         <input_file_ref idref="fl-df"/>
      </object_component>
      <object_component id="oc-10c">
         <name>.debug_info</name>
         <load_address>0x14704</load_address>
         <run_address>0x14704</run_address>
         <size>0xcd</size>
         <input_file_ref idref="fl-df"/>
      </object_component>
      <object_component id="oc-103">
         <name>.debug_info</name>
         <load_address>0x147d1</load_address>
         <run_address>0x147d1</run_address>
         <size>0x37a</size>
         <input_file_ref idref="fl-e0"/>
      </object_component>
      <object_component id="oc-b3">
         <name>.debug_info</name>
         <load_address>0x14b4b</load_address>
         <run_address>0x14b4b</run_address>
         <size>0x183</size>
         <input_file_ref idref="fl-e0"/>
      </object_component>
      <object_component id="oc-16a">
         <name>.debug_info</name>
         <load_address>0x14cce</load_address>
         <run_address>0x14cce</run_address>
         <size>0x2c</size>
         <input_file_ref idref="fl-e0"/>
      </object_component>
      <object_component id="oc-24e">
         <name>.debug_info</name>
         <load_address>0x14cfa</load_address>
         <run_address>0x14cfa</run_address>
         <size>0x39a</size>
         <input_file_ref idref="fl-e1"/>
      </object_component>
      <object_component id="oc-1cd">
         <name>.debug_info</name>
         <load_address>0x15094</load_address>
         <run_address>0x15094</run_address>
         <size>0x298</size>
         <input_file_ref idref="fl-e1"/>
      </object_component>
      <object_component id="oc-29c">
         <name>.debug_info</name>
         <load_address>0x1532c</load_address>
         <run_address>0x1532c</run_address>
         <size>0x33c</size>
         <input_file_ref idref="fl-e2"/>
      </object_component>
      <object_component id="oc-23e">
         <name>.debug_info</name>
         <load_address>0x15668</load_address>
         <run_address>0x15668</run_address>
         <size>0x25a</size>
         <input_file_ref idref="fl-e2"/>
      </object_component>
      <object_component id="oc-279">
         <name>.debug_info</name>
         <load_address>0x158c2</load_address>
         <run_address>0x158c2</run_address>
         <size>0x368</size>
         <input_file_ref idref="fl-e3"/>
      </object_component>
      <object_component id="oc-202">
         <name>.debug_info</name>
         <load_address>0x15c2a</load_address>
         <run_address>0x15c2a</run_address>
         <size>0x1b1</size>
         <input_file_ref idref="fl-e3"/>
      </object_component>
      <object_component id="oc-27f">
         <name>.debug_info</name>
         <load_address>0x15ddb</load_address>
         <run_address>0x15ddb</run_address>
         <size>0x36d</size>
         <input_file_ref idref="fl-e4"/>
      </object_component>
      <object_component id="oc-215">
         <name>.debug_info</name>
         <load_address>0x16148</load_address>
         <run_address>0x16148</run_address>
         <size>0x205</size>
         <input_file_ref idref="fl-e4"/>
      </object_component>
      <object_component id="oc-275">
         <name>.debug_info</name>
         <load_address>0x1634d</load_address>
         <run_address>0x1634d</run_address>
         <size>0x3cb</size>
         <input_file_ref idref="fl-e5"/>
      </object_component>
      <object_component id="oc-1fc">
         <name>.debug_info</name>
         <load_address>0x16718</load_address>
         <run_address>0x16718</run_address>
         <size>0x201</size>
         <input_file_ref idref="fl-e5"/>
      </object_component>
      <object_component id="oc-27b">
         <name>.debug_info</name>
         <load_address>0x16919</load_address>
         <run_address>0x16919</run_address>
         <size>0x36c</size>
         <input_file_ref idref="fl-e6"/>
      </object_component>
      <object_component id="oc-20a">
         <name>.debug_info</name>
         <load_address>0x16c85</load_address>
         <run_address>0x16c85</run_address>
         <size>0x1f0</size>
         <input_file_ref idref="fl-e6"/>
      </object_component>
      <object_component id="oc-289">
         <name>.debug_info</name>
         <load_address>0x16e75</load_address>
         <run_address>0x16e75</run_address>
         <size>0x3f3</size>
         <input_file_ref idref="fl-e7"/>
      </object_component>
      <object_component id="oc-221">
         <name>.debug_info</name>
         <load_address>0x17268</load_address>
         <run_address>0x17268</run_address>
         <size>0x22b</size>
         <input_file_ref idref="fl-e7"/>
      </object_component>
      <object_component id="oc-281">
         <name>.debug_info</name>
         <load_address>0x17493</load_address>
         <run_address>0x17493</run_address>
         <size>0x3be</size>
         <input_file_ref idref="fl-e8"/>
      </object_component>
      <object_component id="oc-21d">
         <name>.debug_info</name>
         <load_address>0x17851</load_address>
         <run_address>0x17851</run_address>
         <size>0x1bb</size>
         <input_file_ref idref="fl-e8"/>
      </object_component>
      <object_component id="oc-27d">
         <name>.debug_info</name>
         <load_address>0x17a0c</load_address>
         <run_address>0x17a0c</run_address>
         <size>0x36d</size>
         <input_file_ref idref="fl-e9"/>
      </object_component>
      <object_component id="oc-211">
         <name>.debug_info</name>
         <load_address>0x17d79</load_address>
         <run_address>0x17d79</run_address>
         <size>0x1f5</size>
         <input_file_ref idref="fl-e9"/>
      </object_component>
      <object_component id="oc-95">
         <name>.debug_info</name>
         <load_address>0x17f6e</load_address>
         <run_address>0x17f6e</run_address>
         <size>0x3bc</size>
         <input_file_ref idref="fl-ea"/>
      </object_component>
      <object_component id="oc-31">
         <name>.debug_info</name>
         <load_address>0x1832a</load_address>
         <run_address>0x1832a</run_address>
         <size>0x101</size>
         <input_file_ref idref="fl-ea"/>
      </object_component>
      <object_component id="oc-259">
         <name>.debug_info</name>
         <load_address>0x1842b</load_address>
         <run_address>0x1842b</run_address>
         <size>0x14c</size>
         <input_file_ref idref="fl-ea"/>
      </object_component>
      <object_component id="oc-1d9">
         <name>.debug_info</name>
         <load_address>0x18577</load_address>
         <run_address>0x18577</run_address>
         <size>0x885</size>
         <input_file_ref idref="fl-ea"/>
      </object_component>
      <object_component id="oc-fb">
         <name>.debug_info</name>
         <load_address>0x18dfc</load_address>
         <run_address>0x18dfc</run_address>
         <size>0x62</size>
         <input_file_ref idref="fl-ea"/>
      </object_component>
      <object_component id="oc-b6">
         <name>.debug_info</name>
         <load_address>0x18e5e</load_address>
         <run_address>0x18e5e</run_address>
         <size>0x145</size>
         <input_file_ref idref="fl-ec"/>
      </object_component>
      <object_component id="oc-2bd">
         <name>.debug_info</name>
         <load_address>0x18fa3</load_address>
         <run_address>0x18fa3</run_address>
         <size>0x28a</size>
         <input_file_ref idref="fl-ed"/>
      </object_component>
      <object_component id="oc-283">
         <name>.debug_info</name>
         <load_address>0x1922d</load_address>
         <run_address>0x1922d</run_address>
         <size>0x231</size>
         <input_file_ref idref="fl-ed"/>
      </object_component>
      <object_component id="oc-2aa">
         <name>.debug_info</name>
         <load_address>0x1945e</load_address>
         <run_address>0x1945e</run_address>
         <size>0x284</size>
         <input_file_ref idref="fl-ee"/>
      </object_component>
      <object_component id="oc-26c">
         <name>.debug_info</name>
         <load_address>0x196e2</load_address>
         <run_address>0x196e2</run_address>
         <size>0x22a</size>
         <input_file_ref idref="fl-ee"/>
      </object_component>
      <object_component id="oc-2af">
         <name>.debug_info</name>
         <load_address>0x1990c</load_address>
         <run_address>0x1990c</run_address>
         <size>0x2b0</size>
         <input_file_ref idref="fl-ef"/>
      </object_component>
      <object_component id="oc-2ac">
         <name>.debug_info</name>
         <load_address>0x19bbc</load_address>
         <run_address>0x19bbc</run_address>
         <size>0xfd</size>
         <input_file_ref idref="fl-ef"/>
      </object_component>
      <object_component id="oc-270">
         <name>.debug_info</name>
         <load_address>0x19cb9</load_address>
         <run_address>0x19cb9</run_address>
         <size>0x281</size>
         <input_file_ref idref="fl-ef"/>
      </object_component>
      <object_component id="oc-2a0">
         <name>.debug_info</name>
         <load_address>0x19f3a</load_address>
         <run_address>0x19f3a</run_address>
         <size>0x3c6</size>
         <input_file_ref idref="fl-f0"/>
      </object_component>
      <object_component id="oc-247">
         <name>.debug_info</name>
         <load_address>0x1a300</load_address>
         <run_address>0x1a300</run_address>
         <size>0x19a</size>
         <input_file_ref idref="fl-f0"/>
      </object_component>
      <object_component id="oc-29e">
         <name>.debug_info</name>
         <load_address>0x1a49a</load_address>
         <run_address>0x1a49a</run_address>
         <size>0x3c4</size>
         <input_file_ref idref="fl-f1"/>
      </object_component>
      <object_component id="oc-241">
         <name>.debug_info</name>
         <load_address>0x1a85e</load_address>
         <run_address>0x1a85e</run_address>
         <size>0x18a</size>
         <input_file_ref idref="fl-f1"/>
      </object_component>
      <object_component id="oc-2fa">
         <name>.debug_info</name>
         <load_address>0x1a9e8</load_address>
         <run_address>0x1a9e8</run_address>
         <size>0xa7</size>
      </object_component>
      <object_component id="oc-1ea">
         <name>.debug_line</name>
         <load_address>0x0</load_address>
         <run_address>0x0</run_address>
         <size>0x20</size>
         <input_file_ref idref="fl-2"/>
      </object_component>
      <object_component id="oc-159">
         <name>.debug_line</name>
         <load_address>0x20</load_address>
         <run_address>0x20</run_address>
         <size>0x52</size>
         <input_file_ref idref="fl-2"/>
      </object_component>
      <object_component id="oc-15e">
         <name>.debug_line</name>
         <load_address>0x72</load_address>
         <run_address>0x72</run_address>
         <size>0x55</size>
         <input_file_ref idref="fl-2"/>
      </object_component>
      <object_component id="oc-3c">
         <name>.debug_line</name>
         <load_address>0xc7</load_address>
         <run_address>0xc7</run_address>
         <size>0x20</size>
         <input_file_ref idref="fl-2"/>
      </object_component>
      <object_component id="oc-de">
         <name>.debug_line</name>
         <load_address>0xe7</load_address>
         <run_address>0xe7</run_address>
         <size>0x65</size>
         <input_file_ref idref="fl-2"/>
      </object_component>
      <object_component id="oc-1ab">
         <name>.debug_line</name>
         <load_address>0x14c</load_address>
         <run_address>0x14c</run_address>
         <size>0x4b</size>
         <input_file_ref idref="fl-3"/>
      </object_component>
      <object_component id="oc-116">
         <name>.debug_line</name>
         <load_address>0x197</load_address>
         <run_address>0x197</run_address>
         <size>0x118</size>
         <input_file_ref idref="fl-3"/>
      </object_component>
      <object_component id="oc-125">
         <name>.debug_line</name>
         <load_address>0x2af</load_address>
         <run_address>0x2af</run_address>
         <size>0xcf</size>
         <input_file_ref idref="fl-4"/>
      </object_component>
      <object_component id="oc-1a1">
         <name>.debug_line</name>
         <load_address>0x37e</load_address>
         <run_address>0x37e</run_address>
         <size>0xdb</size>
         <input_file_ref idref="fl-5"/>
      </object_component>
      <object_component id="oc-1a3">
         <name>.debug_line</name>
         <load_address>0x459</load_address>
         <run_address>0x459</run_address>
         <size>0x36</size>
         <input_file_ref idref="fl-5"/>
      </object_component>
      <object_component id="oc-bf">
         <name>.debug_line</name>
         <load_address>0x48f</load_address>
         <run_address>0x48f</run_address>
         <size>0xed</size>
         <input_file_ref idref="fl-5"/>
      </object_component>
      <object_component id="oc-f0">
         <name>.debug_line</name>
         <load_address>0x57c</load_address>
         <run_address>0x57c</run_address>
         <size>0x35</size>
         <input_file_ref idref="fl-5"/>
      </object_component>
      <object_component id="oc-11e">
         <name>.debug_line</name>
         <load_address>0x5b1</load_address>
         <run_address>0x5b1</run_address>
         <size>0xc1</size>
         <input_file_ref idref="fl-6"/>
      </object_component>
      <object_component id="oc-11c">
         <name>.debug_line</name>
         <load_address>0x672</load_address>
         <run_address>0x672</run_address>
         <size>0x10c</size>
         <input_file_ref idref="fl-7"/>
      </object_component>
      <object_component id="oc-179">
         <name>.debug_line</name>
         <load_address>0x77e</load_address>
         <run_address>0x77e</run_address>
         <size>0x154</size>
         <input_file_ref idref="fl-8"/>
      </object_component>
      <object_component id="oc-163">
         <name>.debug_line</name>
         <load_address>0x8d2</load_address>
         <run_address>0x8d2</run_address>
         <size>0x20</size>
         <input_file_ref idref="fl-a"/>
      </object_component>
      <object_component id="oc-161">
         <name>.debug_line</name>
         <load_address>0x8f2</load_address>
         <run_address>0x8f2</run_address>
         <size>0x55</size>
         <input_file_ref idref="fl-a"/>
      </object_component>
      <object_component id="oc-88">
         <name>.debug_line</name>
         <load_address>0x947</load_address>
         <run_address>0x947</run_address>
         <size>0xc6</size>
         <input_file_ref idref="fl-a"/>
      </object_component>
      <object_component id="oc-165">
         <name>.debug_line</name>
         <load_address>0xa0d</load_address>
         <run_address>0xa0d</run_address>
         <size>0x4b</size>
         <input_file_ref idref="fl-b"/>
      </object_component>
      <object_component id="oc-167">
         <name>.debug_line</name>
         <load_address>0xa58</load_address>
         <run_address>0xa58</run_address>
         <size>0x4b</size>
         <input_file_ref idref="fl-b"/>
      </object_component>
      <object_component id="oc-8b">
         <name>.debug_line</name>
         <load_address>0xaa3</load_address>
         <run_address>0xaa3</run_address>
         <size>0x5f3</size>
         <input_file_ref idref="fl-b"/>
      </object_component>
      <object_component id="oc-155">
         <name>.debug_line</name>
         <load_address>0x1096</load_address>
         <run_address>0x1096</run_address>
         <size>0x4d</size>
         <input_file_ref idref="fl-c"/>
      </object_component>
      <object_component id="oc-82">
         <name>.debug_line</name>
         <load_address>0x10e3</load_address>
         <run_address>0x10e3</run_address>
         <size>0xa4</size>
         <input_file_ref idref="fl-c"/>
      </object_component>
      <object_component id="oc-1ae">
         <name>.debug_line</name>
         <load_address>0x1187</load_address>
         <run_address>0x1187</run_address>
         <size>0xd2</size>
         <input_file_ref idref="fl-d"/>
      </object_component>
      <object_component id="oc-12e">
         <name>.debug_line</name>
         <load_address>0x1259</load_address>
         <run_address>0x1259</run_address>
         <size>0x4ca</size>
         <input_file_ref idref="fl-d"/>
      </object_component>
      <object_component id="oc-1b2">
         <name>.debug_line</name>
         <load_address>0x1723</load_address>
         <run_address>0x1723</run_address>
         <size>0x64</size>
         <input_file_ref idref="fl-d"/>
      </object_component>
      <object_component id="oc-19e">
         <name>.debug_line</name>
         <load_address>0x1787</load_address>
         <run_address>0x1787</run_address>
         <size>0x63</size>
         <input_file_ref idref="fl-d"/>
      </object_component>
      <object_component id="oc-f3">
         <name>.debug_line</name>
         <load_address>0x17ea</load_address>
         <run_address>0x17ea</run_address>
         <size>0x40</size>
         <input_file_ref idref="fl-e"/>
      </object_component>
      <object_component id="oc-91">
         <name>.debug_line</name>
         <load_address>0x182a</load_address>
         <run_address>0x182a</run_address>
         <size>0x40</size>
         <input_file_ref idref="fl-e"/>
      </object_component>
      <object_component id="oc-79">
         <name>.debug_line</name>
         <load_address>0x186a</load_address>
         <run_address>0x186a</run_address>
         <size>0x71</size>
         <input_file_ref idref="fl-e"/>
      </object_component>
      <object_component id="oc-1a8">
         <name>.debug_line</name>
         <load_address>0x18db</load_address>
         <run_address>0x18db</run_address>
         <size>0x3b</size>
         <input_file_ref idref="fl-f"/>
      </object_component>
      <object_component id="oc-d4">
         <name>.debug_line</name>
         <load_address>0x1916</load_address>
         <run_address>0x1916</run_address>
         <size>0x146</size>
         <input_file_ref idref="fl-f"/>
      </object_component>
      <object_component id="oc-229">
         <name>.debug_line</name>
         <load_address>0x1a5c</load_address>
         <run_address>0x1a5c</run_address>
         <size>0xff</size>
         <input_file_ref idref="fl-c9"/>
      </object_component>
      <object_component id="oc-18a">
         <name>.debug_line</name>
         <load_address>0x1b5b</load_address>
         <run_address>0x1b5b</run_address>
         <size>0xa0</size>
         <input_file_ref idref="fl-c9"/>
      </object_component>
      <object_component id="oc-232">
         <name>.debug_line</name>
         <load_address>0x1bfb</load_address>
         <run_address>0x1bfb</run_address>
         <size>0x2c</size>
         <input_file_ref idref="fl-c9"/>
      </object_component>
      <object_component id="oc-22d">
         <name>.debug_line</name>
         <load_address>0x1c27</load_address>
         <run_address>0x1c27</run_address>
         <size>0x89</size>
         <input_file_ref idref="fl-c9"/>
      </object_component>
      <object_component id="oc-2a">
         <name>.debug_line</name>
         <load_address>0x1cb0</load_address>
         <run_address>0x1cb0</run_address>
         <size>0x53</size>
         <input_file_ref idref="fl-ca"/>
      </object_component>
      <object_component id="oc-101">
         <name>.debug_line</name>
         <load_address>0x1d03</load_address>
         <run_address>0x1d03</run_address>
         <size>0x20</size>
         <input_file_ref idref="fl-cb"/>
      </object_component>
      <object_component id="oc-19">
         <name>.debug_line</name>
         <load_address>0x1d23</load_address>
         <run_address>0x1d23</run_address>
         <size>0xa9</size>
         <input_file_ref idref="fl-cb"/>
      </object_component>
      <object_component id="oc-37">
         <name>.debug_line</name>
         <load_address>0x1dcc</load_address>
         <run_address>0x1dcc</run_address>
         <size>0x3a</size>
         <input_file_ref idref="fl-cb"/>
      </object_component>
      <object_component id="oc-9a">
         <name>.debug_line</name>
         <load_address>0x1e06</load_address>
         <run_address>0x1e06</run_address>
         <size>0x8a</size>
         <input_file_ref idref="fl-cb"/>
      </object_component>
      <object_component id="oc-a4">
         <name>.debug_line</name>
         <load_address>0x1e90</load_address>
         <run_address>0x1e90</run_address>
         <size>0x8a</size>
         <input_file_ref idref="fl-cc"/>
      </object_component>
      <object_component id="oc-1e">
         <name>.debug_line</name>
         <load_address>0x1f1a</load_address>
         <run_address>0x1f1a</run_address>
         <size>0x55</size>
         <input_file_ref idref="fl-cc"/>
      </object_component>
      <object_component id="oc-47">
         <name>.debug_line</name>
         <load_address>0x1f6f</load_address>
         <run_address>0x1f6f</run_address>
         <size>0x3a</size>
         <input_file_ref idref="fl-cc"/>
      </object_component>
      <object_component id="oc-a1">
         <name>.debug_line</name>
         <load_address>0x1fa9</load_address>
         <run_address>0x1fa9</run_address>
         <size>0x8a</size>
         <input_file_ref idref="fl-cc"/>
      </object_component>
      <object_component id="oc-ac">
         <name>.debug_line</name>
         <load_address>0x2033</load_address>
         <run_address>0x2033</run_address>
         <size>0x8a</size>
         <input_file_ref idref="fl-cd"/>
      </object_component>
      <object_component id="oc-25">
         <name>.debug_line</name>
[...]
      </symbol>
      <symbol id="sm-304">
         <name>UART0_InUDec</name>
         <value>0x175</value>
         <object_component_ref idref="oc-129"/>
      </symbol>
      <symbol id="sm-305">
         <name>UART0_InUHex</name>
         <value>0x469</value>
         <object_component_ref idref="oc-129"/>
      </symbol>
      <symbol id="sm-31a">
         <name>Reset_Handler</name>
         <value>0x2c63</value>
         <object_component_ref idref="oc-78"/>
      </symbol>
      <symbol id="sm-31b">
         <name>Default_Handler</name>
         <value>0x2c6f</value>
         <object_component_ref idref="oc-78"/>
      </symbol>
      <symbol id="sm-31c">
         <name>interruptVectors</name>
         <value>0x0</value>
         <object_component_ref idref="oc-2c"/>
      </symbol>
      <symbol id="sm-362">
         <name>SystemInit</name>
         <value>0x1415</value>
         <object_component_ref idref="oc-d0"/>
      </symbol>
      <symbol id="sm-363">
         <name>SystemCoreClockUpdate</name>
         <value>0x11a1</value>
         <object_component_ref idref="oc-d0"/>
      </symbol>
      <symbol id="sm-364">
         <name>SystemCoreClock</name>
         <value>0x20000628</value>
         <object_component_ref idref="oc-150"/>
      </symbol>
      <symbol id="sm-389">
         <name>add_device</name>
         <value>0x22a9</value>
         <object_component_ref idref="oc-185"/>
      </symbol>
      <symbol id="sm-39a">
         <name>_c_int00</name>
         <value>0x29a5</value>
         <object_component_ref idref="oc-26"/>
      </symbol>
      <symbol id="sm-39b">
         <name>__stack</name>
         <value>0x2000fe00</value>
         <object_component_ref idref="oc-2f"/>
      </symbol>
      <symbol id="sm-3b9">
         <name>__TI_decompress_lzss</name>
         <value>0x2699</value>
         <object_component_ref idref="oc-14"/>
      </symbol>
      <symbol id="sm-3d0">
         <name>__TI_decompress_none</name>
         <value>0x2c55</value>
         <object_component_ref idref="oc-1a"/>
      </symbol>
      <symbol id="sm-3e7">
         <name>__TI_zero_init</name>
         <value>0x2c71</value>
         <object_component_ref idref="oc-20"/>
      </symbol>
      <symbol id="sm-401">
         <name>__TI_tmpnams</name>
         <value>0x2000074c</value>
      </symbol>
      <symbol id="sm-402">
         <name>__aeabi_stdout</name>
         <value>0x200005d8</value>
         <object_component_ref idref="oc-1d2"/>
      </symbol>
      <symbol id="sm-403">
         <name>__aeabi_stderr</name>
         <value>0x200005dc</value>
         <object_component_ref idref="oc-1d2"/>
      </symbol>
      <symbol id="sm-404">
         <name>__aeabi_stdin</name>
         <value>0x200005d4</value>
         <object_component_ref idref="oc-1d2"/>
      </symbol>
      <symbol id="sm-405">
         <name>_ftable</name>
         <value>0x20000400</value>
         <object_component_ref idref="oc-197"/>
      </symbol>
      <symbol id="sm-406">
         <name>__TI_ft_end</name>
         <value>0x200005d0</value>
         <object_component_ref idref="oc-1d2"/>
      </symbol>
      <symbol id="sm-427">
         <name>C$$EXIT</name>
         <value>0x29f9</value>
         <object_component_ref idref="oc-6e"/>
      </symbol>
      <symbol id="sm-428">
         <name>abort</name>
         <value>0x29fd</value>
         <object_component_ref idref="oc-6e"/>
      </symbol>
      <symbol id="sm-429">
         <name>exit</name>
         <value>0x2a05</value>
         <object_component_ref idref="oc-6e"/>
      </symbol>
      <symbol id="sm-42a">
         <name>__TI_dtors_ptr</name>
         <value>0x200005e4</value>
         <object_component_ref idref="oc-c5"/>
      </symbol>
      <symbol id="sm-42b">
         <name>__TI_cleanup_ptr</name>
         <value>0x200005e0</value>
         <object_component_ref idref="oc-c5"/>
      </symbol>
      <symbol id="sm-42c">
         <name>__TI_enable_exit_profile_output</name>
         <value>0x200005e8</value>
         <object_component_ref idref="oc-c5"/>
      </symbol>
      <symbol id="sm-463">
         <name>__TI_cleanup</name>
         <value>0x1b89</value>
         <object_component_ref idref="oc-18b"/>
      </symbol>
      <symbol id="sm-464">
         <name>freopen</name>
         <value>0x1bb5</value>
         <object_component_ref idref="oc-18b"/>
      </symbol>
      <symbol id="sm-465">
         <name>fopen</name>
         <value>0x1bdf</value>
         <object_component_ref idref="oc-18b"/>
      </symbol>
      <symbol id="sm-47a">
         <name>finddevice</name>
         <value>0x2629</value>
         <object_component_ref idref="oc-1b4"/>
      </symbol>
      <symbol id="sm-47b">
         <name>getdevice</name>
         <value>0x2653</value>
         <object_component_ref idref="oc-1b4"/>
      </symbol>
      <symbol id="sm-496">
         <name>memcpy</name>
         <value>0x2409</value>
         <object_component_ref idref="oc-3e"/>
      </symbol>
      <symbol id="sm-497">
         <name>__aeabi_memcpy</name>
         <value>0x2409</value>
         <object_component_ref idref="oc-3e"/>
      </symbol>
      <symbol id="sm-498">
         <name>__aeabi_memcpy8</name>
         <value>0x2409</value>
         <object_component_ref idref="oc-3e"/>
      </symbol>
      <symbol id="sm-499">
         <name>__aeabi_memcpy4</name>
         <value>0x2409</value>
         <object_component_ref idref="oc-3e"/>
      </symbol>
      <symbol id="sm-4a8">
         <name>__aeabi_memset</name>
         <value>0x253f</value>
         <object_component_ref idref="oc-4a"/>
      </symbol>
      <symbol id="sm-4a9">
         <name>memset</name>
         <value>0x2545</value>
         <object_component_ref idref="oc-4a"/>
      </symbol>
      <symbol id="sm-4aa">
         <name>__aeabi_memset8</name>
         <value>0x253f</value>
         <object_component_ref idref="oc-4a"/>
      </symbol>
      <symbol id="sm-4ab">
         <name>__aeabi_memset4</name>
         <value>0x253f</value>
         <object_component_ref idref="oc-4a"/>
      </symbol>
      <symbol id="sm-4ac">
         <name>__aeabi_memclr8</name>
         <value>0x253d</value>
         <object_component_ref idref="oc-4a"/>
      </symbol>
      <symbol id="sm-4ad">
         <name>__aeabi_memclr4</name>
         <value>0x253d</value>
         <object_component_ref idref="oc-4a"/>
      </symbol>
      <symbol id="sm-4ae">
         <name>__aeabi_memclr</name>
         <value>0x253d</value>
         <object_component_ref idref="oc-4a"/>
      </symbol>
      <symbol id="sm-4b8">
         <name>__mpu_init</name>
         <value>0x25b7</value>
         <object_component_ref idref="oc-56"/>
      </symbol>
      <symbol id="sm-4da">
         <name>open</name>
         <value>0x21ed</value>
         <object_component_ref idref="oc-1c6"/>
      </symbol>
      <symbol id="sm-4e4">
         <name>_system_pre_init</name>
         <value>0x2c7d</value>
         <object_component_ref idref="oc-5c"/>
      </symbol>
      <symbol id="sm-505">
         <name>setvbuf</name>
         <value>0x2049</value>
         <object_component_ref idref="oc-191"/>
      </symbol>
      <symbol id="sm-50d">
         <name>main_func_sp</name>
         <value>0x20000624</value>
         <object_component_ref idref="oc-74"/>
      </symbol>
      <symbol id="sm-51d">
         <name>strchr</name>
         <value>0x2c01</value>
         <object_component_ref idref="oc-1f1"/>
      </symbol>
      <symbol id="sm-52c">
         <name>strcmp</name>
         <value>0x2be9</value>
         <object_component_ref idref="oc-1eb"/>
      </symbol>
      <symbol id="sm-53c">
         <name>strncpy</name>
         <value>0x2b21</value>
         <object_component_ref idref="oc-1ba"/>
      </symbol>
      <symbol id="sm-558">
         <name>_stream</name>
         <value>0x20000568</value>
         <object_component_ref idref="oc-235"/>
      </symbol>
      <symbol id="sm-559">
         <name>_device</name>
         <value>0x200004f0</value>
         <object_component_ref idref="oc-1c1"/>
      </symbol>
      <symbol id="sm-55a">
         <name>write</name>
         <value>0x2b85</value>
         <object_component_ref idref="oc-295"/>
      </symbol>
      <symbol id="sm-573">
         <name>_nop</name>
         <value>0x2c27</value>
         <object_component_ref idref="oc-144"/>
      </symbol>
      <symbol id="sm-574">
         <name>_lock</name>
         <value>0x20000604</value>
         <object_component_ref idref="oc-c8"/>
      </symbol>
      <symbol id="sm-575">
         <name>_unlock</name>
         <value>0x20000608</value>
         <object_component_ref idref="oc-c8"/>
      </symbol>
      <symbol id="sm-576">
         <name>_register_lock</name>
         <value>0x2c1f</value>
         <object_component_ref idref="oc-144"/>
      </symbol>
      <symbol id="sm-577">
         <name>_register_unlock</name>
         <value>0x2c19</value>
         <object_component_ref idref="oc-144"/>
      </symbol>
      <symbol id="sm-58b">
         <name>_args_main</name>
         <value>0x2bd1</value>
         <object_component_ref idref="oc-68"/>
      </symbol>
      <symbol id="sm-5b5">
         <name>__TI_auto_init</name>
         <value>0x25b9</value>
         <object_component_ref idref="oc-62"/>
      </symbol>
      <symbol id="sm-5cf">
         <name>copy_in</name>
         <value>0x2a4d</value>
         <object_component_ref idref="oc-af"/>
      </symbol>
      <symbol id="sm-5e5">
         <name>__TI_closefile</name>
         <value>0x24a5</value>
         <object_component_ref idref="oc-1cc"/>
      </symbol>
      <symbol id="sm-5e6">
         <name>fclose</name>
         <value>0x250b</value>
         <object_component_ref idref="oc-1cc"/>
      </symbol>
      <symbol id="sm-600">
         <name>__TI_doflush</name>
         <value>0x2125</value>
         <object_component_ref idref="oc-23a"/>
      </symbol>
      <symbol id="sm-601">
         <name>fflush</name>
         <value>0x2171</value>
         <object_component_ref idref="oc-23a"/>
      </symbol>
      <symbol id="sm-612">
         <name>HOSTclose</name>
         <value>0x2a99</value>
         <object_component_ref idref="oc-201"/>
      </symbol>
      <symbol id="sm-623">
         <name>HOSTlseek</name>
         <value>0x2701</value>
         <object_component_ref idref="oc-213"/>
      </symbol>
      <symbol id="sm-635">
         <name>parmbuf</name>
         <value>0x200007f4</value>
      </symbol>
      <symbol id="sm-636">
         <name>HOSTopen</name>
         <value>0x2839</value>
         <object_component_ref idref="oc-1fb"/>
      </symbol>
      <symbol id="sm-647">
         <name>HOSTread</name>
         <value>0x28f5</value>
         <object_component_ref idref="oc-207"/>
      </symbol>
      <symbol id="sm-658">
         <name>HOSTrename</name>
         <value>0x2769</value>
         <object_component_ref idref="oc-21f"/>
      </symbol>
      <symbol id="sm-669">
         <name>HOSTunlink</name>
         <value>0x2add</value>
         <object_component_ref idref="oc-219"/>
      </symbol>
      <symbol id="sm-67a">
         <name>HOSTwrite</name>
         <value>0x294d</value>
         <object_component_ref idref="oc-20d"/>
      </symbol>
      <symbol id="sm-6ec">
         <name>_sys_memory</name>
         <value>0x20000000</value>
         <object_component_ref idref="oc-30"/>
      </symbol>
      <symbol id="sm-6ed">
         <name>free</name>
         <value>0xebb</value>
         <object_component_ref idref="oc-1d8"/>
      </symbol>
      <symbol id="sm-6ee">
         <name>realloc</name>
         <value>0xf7b</value>
         <object_component_ref idref="oc-1d8"/>
      </symbol>
      <symbol id="sm-6ef">
         <name>memalign</name>
         <value>0x1085</value>
         <object_component_ref idref="oc-1d8"/>
      </symbol>
      <symbol id="sm-6f0">
         <name>calloc</name>
         <value>0x1171</value>
         <object_component_ref idref="oc-1d8"/>
      </symbol>
      <symbol id="sm-6f1">
         <name>malloc</name>
         <value>0xe51</value>
         <object_component_ref idref="oc-1d8"/>
      </symbol>
      <symbol id="sm-6f2">
         <name>minit</name>
         <value>0xdd1</value>
         <object_component_ref idref="oc-1d8"/>
      </symbol>
      <symbol id="sm-6fd">
         <name>_system_post_cinit</name>
         <value>0x2b57</value>
         <object_component_ref idref="oc-b5"/>
      </symbol>
      <symbol id="sm-70b">
         <name>strcpy</name>
         <value>0x2c2d</value>
         <object_component_ref idref="oc-282"/>
      </symbol>
      <symbol id="sm-719">
         <name>strlen</name>
         <value>0x2c41</value>
         <object_component_ref idref="oc-268"/>
      </symbol>
      <symbol id="sm-734">
         <name>__TI_readmsg</name>
         <value>0x2803</value>
         <object_component_ref idref="oc-26e"/>
      </symbol>
      <symbol id="sm-735">
         <name>C$$IO$$</name>
         <value>0x27ff</value>
         <object_component_ref idref="oc-26e"/>
      </symbol>
      <symbol id="sm-736">
         <name>__CIOBUF_</name>
         <value>0x2000062c</value>
         <object_component_ref idref="oc-2ab"/>
      </symbol>
      <symbol id="sm-737">
         <name>__TI_writemsg</name>
         <value>0x27d1</value>
         <object_component_ref idref="oc-26e"/>
      </symbol>
      <symbol id="sm-747">
         <name>unlink</name>
         <value>0x2b59</value>
         <object_component_ref idref="oc-246"/>
      </symbol>
      <symbol id="sm-75b">
         <name>close</name>
         <value>0x2899</value>
         <object_component_ref idref="oc-240"/>
      </symbol>
      <symbol id="sm-75c">
         <name>__TI_static_base__</name>
         <value>0x0</value>
      </symbol>
      <symbol id="sm-75f">
         <name>SHT$$INIT_ARRAY$$Limit</name>
         <value>0x0</value>
      </symbol>
      <symbol id="sm-760">
         <name>SHT$$INIT_ARRAY$$Base</name>
         <value>0x0</value>
      </symbol>
      <symbol id="sm-761">
         <name>NMI_Handler</name>
         <value>0x2c6f</value>
      </symbol>
      <symbol id="sm-762">
         <name>HardFault_Handler</name>
         <value>0x2c6f</value>
      </symbol>
      <symbol id="sm-763">
         <name>MemManage_Handler</name>
         <value>0x2c6f</value>
      </symbol>
      <symbol id="sm-764">
         <name>BusFault_Handler</name>
         <value>0x2c6f</value>
      </symbol>
      <symbol id="sm-765">
         <name>UsageFault_Handler</name>
         <value>0x2c6f</value>
      </symbol>
      <symbol id="sm-766">
         <name>SVC_Handler</name>
         <value>0x2c6f</value>
      </symbol>
      <symbol id="sm-767">
         <name>DebugMon_Handler</name>
         <value>0x2c6f</value>
      </symbol>
      <symbol id="sm-768">
         <name>PendSV_Handler</name>
         <value>0x2c6f</value>
      </symbol>
      <symbol id="sm-769">
         <name>SysTick_Handler</name>
         <value>0x2c6f</value>
      </symbol>
      <symbol id="sm-76a">
         <name>PSS_IRQHandler</name>
         <value>0x2c6f</value>
      </symbol>
      <symbol id="sm-76b">
         <name>CS_IRQHandler</name>
         <value>0x2c6f</value>
      </symbol>
      <symbol id="sm-76c">
         <name>PCM_IRQHandler</name>
         <value>0x2c6f</value>
      </symbol>
      <symbol id="sm-76d">
         <name>WDT_A_IRQHandler</name>
         <value>0x2c6f</value>
      </symbol>
      <symbol id="sm-76e">
         <name>FPU_IRQHandler</name>
         <value>0x2c6f</value>
      </symbol>
      <symbol id="sm-76f">
         <name>FLCTL_IRQHandler</name>
         <value>0x2c6f</value>
      </symbol>
      <symbol id="sm-770">
         <name>COMP_E0_IRQHandler</name>
         <value>0x2c6f</value>
      </symbol>
      <symbol id="sm-771">
         <name>COMP_E1_IRQHandler</name>
         <value>0x2c6f</value>
      </symbol>
      <symbol id="sm-772">
         <name>TA0_0_IRQHandler</name>
         <value>0x2c6f</value>
      </symbol>
      <symbol id="sm-773">
         <name>TA0_N_IRQHandler</name>
         <value>0x2c6f</value>
      </symbol>
      <symbol id="sm-774">
         <name>TA1_0_IRQHandler</name>
         <value>0x23d3</value>
      </symbol>
      <symbol id="sm-775">
         <name>TA1_N_IRQHandler</name>
         <value>0x2c6f</value>
      </symbol>
      <symbol id="sm-776">
         <name>TA2_0_IRQHandler</name>
         <value>0x2c6f</value>
      </symbol>
      <symbol id="sm-777">
         <name>TA2_N_IRQHandler</name>
         <value>0x2c6f</value>
      </symbol>
      <symbol id="sm-778">
         <name>TA3_0_IRQHandler</name>
         <value>0x1edf</value>
      </symbol>
      <symbol id="sm-779">
         <name>TA3_N_IRQHandler</name>
         <value>0x1ef9</value>
      </symbol>
      <symbol id="sm-77a">
         <name>EUSCIA0_IRQHandler</name>
         <value>0x2c6f</value>
      </symbol>
      <symbol id="sm-77b">
         <name>EUSCIA1_IRQHandler</name>
         <value>0x2c6f</value>
      </symbol>
      <symbol id="sm-77c">
         <name>EUSCIA2_IRQHandler</name>
         <value>0x2c6f</value>
      </symbol>
      <symbol id="sm-77d">
         <name>EUSCIA3_IRQHandler</name>
         <value>0x2c6f</value>
      </symbol>
      <symbol id="sm-77e">
         <name>EUSCIB0_IRQHandler</name>
         <value>0x2c6f</value>
      </symbol>
      <symbol id="sm-77f">
         <name>EUSCIB1_IRQHandler</name>
         <value>0x2c6f</value>
      </symbol>
      <symbol id="sm-780">
         <name>EUSCIB2_IRQHandler</name>
         <value>0x2c6f</value>
      </symbol>
      <symbol id="sm-781">
         <name>EUSCIB3_IRQHandler</name>
         <value>0x2c6f</value>
      </symbol>
      <symbol id="sm-782">
         <name>ADC14_IRQHandler</name>
         <value>0x2c6f</value>
      </symbol>
      <symbol id="sm-783">
         <name>T32_INT1_IRQHandler</name>
         <value>0x97d</value>
      </symbol>
      <symbol id="sm-784">
         <name>T32_INT2_IRQHandler</name>
         <value>0x2c6f</value>
      </symbol>
      <symbol id="sm-785">
         <name>T32_INTC_IRQHandler</name>
         <value>0x2c6f</value>
      </symbol>
      <symbol id="sm-786">
         <name>AES256_IRQHandler</name>
         <value>0x2c6f</value>
      </symbol>
      <symbol id="sm-787">
         <name>RTC_C_IRQHandler</name>
         <value>0x2c6f</value>
      </symbol>
      <symbol id="sm-788">
         <name>DMA_ERR_IRQHandler</name>
         <value>0x2c6f</value>
      </symbol>
      <symbol id="sm-789">
         <name>DMA_INT3_IRQHandler</name>
         <value>0x2c6f</value>
      </symbol>
      <symbol id="sm-78a">
         <name>DMA_INT2_IRQHandler</name>
         <value>0x2c6f</value>
      </symbol>
      <symbol id="sm-78b">
         <name>DMA_INT1_IRQHandler</name>
         <value>0x2c6f</value>
      </symbol>
      <symbol id="sm-78c">
         <name>DMA_INT0_IRQHandler</name>
         <value>0x2c6f</value>
      </symbol>
      <symbol id="sm-78d">
         <name>PORT1_IRQHandler</name>
         <value>0x2c6f</value>
      </symbol>
      <symbol id="sm-78e">
         <name>PORT2_IRQHandler</name>
         <value>0x2c6f</value>
      </symbol>
      <symbol id="sm-78f">
         <name>PORT3_IRQHandler</name>
         <value>0x2c6f</value>
      </symbol>
      <symbol id="sm-790">
         <name>PORT4_IRQHandler</name>
         <value>0x2c6f</value>
      </symbol>
      <symbol id="sm-791">
         <name>PORT5_IRQHandler</name>
         <value>0x2c6f</value>
      </symbol>
      <symbol id="sm-792">
         <name>PORT6_IRQHandler</name>
         <value>0x2c6f</value>
      </symbol>
      <symbol id="sm-793">
         <name>remove</name>
         <value>0x2b59</value>
      </symbol>
   </symbol_table>
   <title>Link successful</title>
</link_info>
