******************************************************************************
                  TI ARM Linker PC v16.9.6                     
******************************************************************************
>> Linked Mon Nov 04 11:39:12 2019

OUTPUT FILE NAME:   <Lab3_InterruptBased_System.out>
ENTRY POINT SYMBOL: "_c_int00"  address: 00001619


MEMORY CONFIGURATION

         name            origin    length      used     unused   attr    fill
----------------------  --------  ---------  --------  --------  ----  --------
  MAIN                  00000000   00040000  000017ca  0003e836  R  X
  INFO                  00200000   00004000  00000000  00004000  R  X
  SRAM_CODE             01000000   00010000  0000024f  0000fdb1  RW X
  SRAM_DATA             20000000   00010000  0000024f  0000fdb1  RW  


SEGMENT ALLOCATION MAP

run origin  load origin   length   init length attrs members
----------  ----------- ---------- ----------- ----- -------
00000000    00000000    000017d0   000017d0    r-x
  00000000    00000000    000000e4   000000e4    r-- .intvecs
  000000e4    000000e4    000016a6   000016a6    r-x .text
  00001790    00001790    00000040   00000040    r-- .cinit
20000000    20000000    0000004f   00000000    rw-
  20000000    20000000    00000040   00000000    rw- .data
  20000040    20000040    0000000f   00000000    rw- .bss
2000fe00    2000fe00    00000200   00000000    rw-
  2000fe00    2000fe00    00000200   00000000    rw- .stack


SECTION ALLOCATION MAP

 output                                  attributes/
section   page    origin      length       input sections
--------  ----  ----------  ----------   ----------------
.intvecs   0    00000000    000000e4     
                  00000000    000000e4     startup_msp432p401r_ccs.obj (.intvecs:retain)

.binit     0    00000000    00000000     

.text      0    000000e4    000016a6     
                  000000e4    00000630     TExaS.obj (.text)
                  00000714    0000032c     system_msp432p401r.obj (.text)
                  00000a40    00000228     PWM.obj (.text)
                  00000c68    000001e0     Clock.obj (.text)
                  00000e48    000001a4     Motor.obj (.text)
                  00000fec    00000198     Lab3_EdgeInterruptsmain.obj (.text)
                  00001184    00000108     BumpInt.obj (.text)
                  0000128c    000000f4     LaunchPad.obj (.text)
                  00001380    000000a8     TimerA1.obj (.text)
                  00001428    0000009c     rtsv7M4_T_le_v4SPD16_eabi.lib : memcpy_t2.obj (.text)
                  000014c4    0000007a                                   : memset_t2.obj (.text)
                  0000153e    00000002                                   : mpu_init.obj (.text)
                  00001540    00000070                                   : autoinit.obj (.text)
                  000015b0    00000068                                   : copy_decompress_lzss.obj (.text:decompress:lzss)
                  00001618    00000054                                   : boot.obj (.text)
                  0000166c    00000054                                   : exit.obj (.text)
                  000016c0    0000004c                                   : cpy_tbl.obj (.text)
                  0000170c    00000024     CortexM.obj (.text)
                  00001730    00000018     rtsv7M4_T_le_v4SPD16_eabi.lib : args_main.obj (.text)
                  00001748    00000014                                   : _lock.obj (.text)
                  0000175c    0000000e                                   : copy_decompress_none.obj (.text:decompress:none)
                  0000176a    0000000e     startup_msp432p401r_ccs.obj (.text)
                  00001778    0000000c     rtsv7M4_T_le_v4SPD16_eabi.lib : copy_zero_init.obj (.text:decompress:ZI)
                  00001784    00000004                                   : pre_init.obj (.text)
                  00001788    00000002                                   : startup.obj (.text)

.cinit     0    00001790    00000040     
                  00001790    00000017     (.cinit..data.load) [load image, compression = lzss]
                  000017a7    00000001     --HOLE-- [fill = 0]
                  000017a8    0000000c     (__TI_handler_table)
                  000017b4    00000004     --HOLE-- [fill = 0]
                  000017b8    00000008     (.cinit..bss.load) [load image, compression = zero_init]
                  000017c0    00000010     (__TI_cinit_table)

.init_array 
*          0    00000000    00000000     UNINITIALIZED

.data      0    20000000    00000040     UNINITIALIZED
                  20000000    00000018     Clock.obj (.data)
                  20000018    0000000c     rtsv7M4_T_le_v4SPD16_eabi.lib : exit.obj (.data:$O1$$)
                  20000024    0000000c     TExaS.obj (.data)
                  20000030    00000008     rtsv7M4_T_le_v4SPD16_eabi.lib : _lock.obj (.data:$O1$$)
                  20000038    00000004                                   : stkdepth_vars.obj (.data)
                  2000003c    00000004     system_msp432p401r.obj (.data)

.bss       0    20000040    0000000f     UNINITIALIZED
                  20000040    00000004     (.common:PeriodicTask2)
                  20000044    00000004     (.common:Port4Task)
                  20000048    00000004     (.common:TimerA1Task)
                  2000004c    00000001     (.common:CollisionData)
                  2000004d    00000001     (.common:CollisionFlag)
                  2000004e    00000001     (.common:LogicData)

.stack     0    2000fe00    00000200     UNINITIALIZED
                  2000fe00    00000200     --HOLE--

MODULE SUMMARY

       Module                        code   ro data   rw data
       ------                        ----   -------   -------
    .\
       TExaS.obj                     1584   0         34     
       system_msp432p401r.obj        812    0         8      
       PWM.obj                       552    0         0      
       Clock.obj                     480    0         48     
       Motor.obj                     420    0         0      
       Lab3_EdgeInterruptsmain.obj   408    0         4      
       BumpInt.obj                   264    0         8      
       LaunchPad.obj                 244    0         0      
       startup_msp432p401r_ccs.obj   14     228       0      
       TimerA1.obj                   168    0         8      
       CortexM.obj                   36     0         0      
    +--+-----------------------------+------+---------+---------+
       Total:                        4982   228       110    
                                                             
    C:\ti\ccsv7\tools\compiler\ti-cgt-arm_16.9.6.LTS\lib\rtsv7M4_T_le_v4SPD16_eabi.lib
       memcpy_t2.obj                 156    0         0      
       memset_t2.obj                 122    0         0      
       autoinit.obj                  112    0         0      
       exit.obj                      84     0         24     
       copy_decompress_lzss.obj      104    0         0      
       boot.obj                      84     0         0      
       cpy_tbl.obj                   76     0         0      
       _lock.obj                     20     0         16     
       args_main.obj                 24     0         0      
       copy_decompress_none.obj      14     0         0      
       copy_zero_init.obj            12     0         0      
       stkdepth_vars.obj             0      0         8      
       pre_init.obj                  4      0         0      
       mpu_init.obj                  2      0         0      
       startup.obj                   2      0         0      
    +--+-----------------------------+------+---------+---------+
       Total:                        816    0         48     
                                                             
       Stack:                        0      0         1024   
       Linker Generated:             0      59        0      
    +--+-----------------------------+------+---------+---------+
       Grand Total:                  5798   287       1182   


LINKER GENERATED COPY TABLES

__TI_cinit_table @ 000017c0 records: 2, size/record: 8, table size: 16
	.data: load addr=00001790, load size=00000017 bytes, run addr=20000000, run size=00000040 bytes, compression=lzss
	.bss: load addr=000017b8, load size=00000008 bytes, run addr=20000040, run size=0000000f bytes, compression=zero_init


LINKER GENERATED HANDLER TABLE

__TI_handler_table @ 000017a8 records: 3, size/record: 4, table size: 12
	index: 0, handler: __TI_decompress_lzss
	index: 1, handler: __TI_decompress_none
	index: 2, handler: __TI_zero_init


GLOBAL SYMBOLS: SORTED ALPHABETICALLY BY Name 

address   name                           
-------   ----                           
00001777  ADC14_IRQHandler               
00000475  ADC_Init                       
00001777  AES256_IRQHandler              
00001185  BumpInt_Init                   
000011f5  Bump_Read                      
00001777  BusFault_Handler               
0000166d  C$$EXIT                        
00001777  COMP_E0_IRQHandler             
00001777  COMP_E1_IRQHandler             
20000008  CPMwait                        
00001777  CS_IRQHandler                  
20000000  ClockFrequency                 
00000dbd  Clock_Delay1ms                 
00000d93  Clock_Delay1us                 
00000d7f  Clock_GetFreq                  
00000c69  Clock_Init48MHz                
2000004c  CollisionData                  
2000004d  CollisionFlag                  
20000014  Crystalstable                  
00001777  DMA_ERR_IRQHandler             
00001777  DMA_INT0_IRQHandler            
00001777  DMA_INT1_IRQHandler            
00001777  DMA_INT2_IRQHandler            
00001777  DMA_INT3_IRQHandler            
00001777  DebugMon_Handler               
00001777  Default_Handler                
0000170d  DisableInterrupts              
00001777  EUSCIA0_IRQHandler             
00001777  EUSCIA1_IRQHandler             
00001777  EUSCIA2_IRQHandler             
00001777  EUSCIA3_IRQHandler             
00001777  EUSCIB0_IRQHandler             
00001777  EUSCIB1_IRQHandler             
00001777  EUSCIB2_IRQHandler             
00001777  EUSCIB3_IRQHandler             
00001713  EnableInterrupts               
00001723  EndCritical                    
00001777  FLCTL_IRQHandler               
00001777  FPU_IRQHandler                 
0000100d  HandleCollision                
00001777  HardFault_Handler              
20000010  IFlags                         
0000128d  LaunchPad_Init                 
000012fd  LaunchPad_Input                
00001317  LaunchPad_LED                  
00001335  LaunchPad_Output               
000000e5  LogicAnalyzer                  
000000ef  LogicAnalyzer_P1               
000001c5  LogicAnalyzer_P10              
000000fd  LogicAnalyzer_P2               
0000010b  LogicAnalyzer_P2_7654          
0000011b  LogicAnalyzer_P3               
00000129  LogicAnalyzer_P4               
00000147  LogicAnalyzer_P4_765320        
00000137  LogicAnalyzer_P4_765432        
0000017f  LogicAnalyzer_P5               
0000018d  LogicAnalyzer_P6               
0000019b  LogicAnalyzer_P7               
000001a9  LogicAnalyzer_P8               
000001b7  LogicAnalyzer_P9               
2000004e  LogicData                      
00001777  MemManage_Handler              
00001031  MotorMovt                      
00000f8b  Motor_Backward                 
00000ee7  Motor_Forward                  
00000e49  Motor_Init                     
00000f51  Motor_Left                     
00000f17  Motor_Right                    
00000ed1  Motor_Stop                     
00001777  NMI_Handler                    
00001777  PCM_IRQHandler                 
00001777  PORT1_IRQHandler               
00001777  PORT2_IRQHandler               
00001777  PORT3_IRQHandler               
0000124d  PORT4_IRQHandler               
0000124d  PORT4_IRQHandler               
00001777  PORT5_IRQHandler               
00001777  PORT6_IRQHandler               
00001777  PSS_IRQHandler                 
00000b2b  PWM_Duty1                      
00000b4b  PWM_Duty2                      
00000bef  PWM_Duty3                      
00000c0f  PWM_Duty4                      
00000a41  PWM_Init1                      
00000aa7  PWM_Init12                     
00000b6b  PWM_Init34                     
00001777  PendSV_Handler                 
20000040  PeriodicTask2                  
00000257  PeriodicTask2_Init             
000002d1  PeriodicTask2_Stop             
20000044  Port4Task                      
2000000c  Postwait                       
20000004  Prewait                        
00001777  RTC_C_IRQHandler               
0000176b  Reset_Handler                  
UNDEFED   SHT$$INIT_ARRAY$$Base          
UNDEFED   SHT$$INIT_ARRAY$$Limit         
00001777  SVC_Handler                    
000001d3  Scope                          
00001719  StartCritical                  
00001777  SysTick_Handler                
2000003c  SystemCoreClock                
00000715  SystemCoreClockUpdate          
00000989  SystemInit                     
000002c1  T32_INT1_IRQHandler            
000002c1  T32_INT1_IRQHandler            
00001777  T32_INT2_IRQHandler            
00001777  T32_INTC_IRQHandler            
00001777  TA0_0_IRQHandler               
00001777  TA0_N_IRQHandler               
000013f3  TA1_0_IRQHandler               
000013f3  TA1_0_IRQHandler               
00001777  TA1_N_IRQHandler               
00001777  TA2_0_IRQHandler               
00001777  TA2_N_IRQHandler               
00001777  TA3_0_IRQHandler               
00001777  TA3_N_IRQHandler               
00000413  TExaS_Clear0                   
0000041f  TExaS_Clear1                   
0000042b  TExaS_Clear2                   
00000437  TExaS_Clear3                   
00000443  TExaS_Clear4                   
00000445  TExaS_Clear5                   
00000451  TExaS_Clear6                   
00000551  TExaS_Init                     
20000028  TExaS_ScopeErrConflict         
20000024  TExaS_ScopeErrLostData         
2000002c  TExaS_ScopeWrnReconfig         
000003b1  TExaS_Set                      
000003c9  TExaS_Set0                     
000003d5  TExaS_Set1                     
000003e1  TExaS_Set2                     
000003ed  TExaS_Set3                     
000003f9  TExaS_Set4                     
000003fb  TExaS_Set5                     
00000407  TExaS_Set6                     
000006b1  TExaS_Stop                     
00000367  TExaS_Task0                    
00000373  TExaS_Task1                    
0000037f  TExaS_Task2                    
0000038b  TExaS_Task3                    
00000397  TExaS_Task4                    
00000399  TExaS_Task5                    
000003a5  TExaS_Task6                    
00000fed  TimedPause                     
20000048  TimerA1Task                    
00001381  TimerA1_Init                   
000013df  TimerA1_Stop                   
0000033b  UART_InChar                    
000002e1  UART_Init                      
0000034b  UART_OutChar                   
00001777  UsageFault_Handler             
4000480c  WDTCTL_SYM                     
00001777  WDT_A_IRQHandler               
0000172b  WaitForInterrupt               
20010000  __STACK_END                    
00000200  __STACK_SIZE                   
000017c0  __TI_CINIT_Base                
000017d0  __TI_CINIT_Limit               
000017a8  __TI_Handler_Table_Base        
000017b4  __TI_Handler_Table_Limit       
00001541  __TI_auto_init                 
20000018  __TI_cleanup_ptr               
000015b1  __TI_decompress_lzss           
0000175d  __TI_decompress_none           
2000001c  __TI_dtors_ptr                 
20000020  __TI_enable_exit_profile_output
ffffffff  __TI_pprof_out_hndl            
ffffffff  __TI_prof_data_size            
ffffffff  __TI_prof_data_start           
00000000  __TI_static_base__             
00001779  __TI_zero_init                 
000014c5  __aeabi_memclr                 
000014c5  __aeabi_memclr4                
000014c5  __aeabi_memclr8                
00001429  __aeabi_memcpy                 
00001429  __aeabi_memcpy4                
00001429  __aeabi_memcpy8                
000014c7  __aeabi_memset                 
000014c7  __aeabi_memset4                
000014c7  __aeabi_memset8                
ffffffff  __binit__                      
ffffffff  __c_args__                     
0000153f  __mpu_init                     
2000fe00  __stack                        
00001731  _args_main                     
00001619  _c_int00                       
20000030  _lock                          
00001757  _nop                           
0000174f  _register_lock                 
00001749  _register_unlock               
00001789  _system_post_cinit             
00001785  _system_pre_init               
20000034  _unlock                        
00001671  abort                          
ffffffff  binit                          
000016c1  copy_in                        
00000d85  delay                          
00001679  exit                           
00000000  interruptVectors               
00001131  main                           
20000038  main_func_sp                   
00001429  memcpy                         
000014cd  memset                         


GLOBAL SYMBOLS: SORTED BY Symbol Address 

address   name                           
-------   ----                           
00000000  __TI_static_base__             
00000000  interruptVectors               
000000e5  LogicAnalyzer                  
000000ef  LogicAnalyzer_P1               
000000fd  LogicAnalyzer_P2               
0000010b  LogicAnalyzer_P2_7654          
0000011b  LogicAnalyzer_P3               
00000129  LogicAnalyzer_P4               
00000137  LogicAnalyzer_P4_765432        
00000147  LogicAnalyzer_P4_765320        
0000017f  LogicAnalyzer_P5               
0000018d  LogicAnalyzer_P6               
0000019b  LogicAnalyzer_P7               
000001a9  LogicAnalyzer_P8               
000001b7  LogicAnalyzer_P9               
000001c5  LogicAnalyzer_P10              
000001d3  Scope                          
00000200  __STACK_SIZE                   
00000257  PeriodicTask2_Init             
000002c1  T32_INT1_IRQHandler            
000002c1  T32_INT1_IRQHandler            
000002d1  PeriodicTask2_Stop             
000002e1  UART_Init                      
0000033b  UART_InChar                    
0000034b  UART_OutChar                   
00000367  TExaS_Task0                    
00000373  TExaS_Task1                    
0000037f  TExaS_Task2                    
0000038b  TExaS_Task3                    
00000397  TExaS_Task4                    
00000399  TExaS_Task5                    
000003a5  TExaS_Task6                    
000003b1  TExaS_Set                      
000003c9  TExaS_Set0                     
000003d5  TExaS_Set1                     
000003e1  TExaS_Set2                     
000003ed  TExaS_Set3                     
000003f9  TExaS_Set4                     
000003fb  TExaS_Set5                     
00000407  TExaS_Set6                     
00000413  TExaS_Clear0                   
0000041f  TExaS_Clear1                   
0000042b  TExaS_Clear2                   
00000437  TExaS_Clear3                   
00000443  TExaS_Clear4                   
00000445  TExaS_Clear5                   
00000451  TExaS_Clear6                   
00000475  ADC_Init                       
00000551  TExaS_Init                     
000006b1  TExaS_Stop                     
00000715  SystemCoreClockUpdate          
00000989  SystemInit                     
00000a41  PWM_Init1                      
00000aa7  PWM_Init12                     
00000b2b  PWM_Duty1                      
00000b4b  PWM_Duty2                      
00000b6b  PWM_Init34                     
00000bef  PWM_Duty3                      
00000c0f  PWM_Duty4                      
00000c69  Clock_Init48MHz                
00000d7f  Clock_GetFreq                  
00000d85  delay                          
00000d93  Clock_Delay1us                 
00000dbd  Clock_Delay1ms                 
00000e49  Motor_Init                     
00000ed1  Motor_Stop                     
00000ee7  Motor_Forward                  
00000f17  Motor_Right                    
00000f51  Motor_Left                     
00000f8b  Motor_Backward                 
00000fed  TimedPause                     
0000100d  HandleCollision                
00001031  MotorMovt                      
00001131  main                           
00001185  BumpInt_Init                   
000011f5  Bump_Read                      
0000124d  PORT4_IRQHandler               
0000124d  PORT4_IRQHandler               
0000128d  LaunchPad_Init                 
000012fd  LaunchPad_Input                
00001317  LaunchPad_LED                  
00001335  LaunchPad_Output               
00001381  TimerA1_Init                   
000013df  TimerA1_Stop                   
000013f3  TA1_0_IRQHandler               
000013f3  TA1_0_IRQHandler               
00001429  __aeabi_memcpy                 
00001429  __aeabi_memcpy4                
00001429  __aeabi_memcpy8                
00001429  memcpy                         
000014c5  __aeabi_memclr                 
000014c5  __aeabi_memclr4                
000014c5  __aeabi_memclr8                
000014c7  __aeabi_memset                 
000014c7  __aeabi_memset4                
000014c7  __aeabi_memset8                
000014cd  memset                         
0000153f  __mpu_init                     
00001541  __TI_auto_init                 
000015b1  __TI_decompress_lzss           
00001619  _c_int00                       
0000166d  C$$EXIT                        
00001671  abort                          
00001679  exit                           
000016c1  copy_in                        
0000170d  DisableInterrupts              
00001713  EnableInterrupts               
00001719  StartCritical                  
00001723  EndCritical                    
0000172b  WaitForInterrupt               
00001731  _args_main                     
00001749  _register_unlock               
0000174f  _register_lock                 
00001757  _nop                           
0000175d  __TI_decompress_none           
0000176b  Reset_Handler                  
00001777  ADC14_IRQHandler               
00001777  AES256_IRQHandler              
00001777  BusFault_Handler               
00001777  COMP_E0_IRQHandler             
00001777  COMP_E1_IRQHandler             
00001777  CS_IRQHandler                  
00001777  DMA_ERR_IRQHandler             
00001777  DMA_INT0_IRQHandler            
00001777  DMA_INT1_IRQHandler            
00001777  DMA_INT2_IRQHandler            
00001777  DMA_INT3_IRQHandler            
00001777  DebugMon_Handler               
00001777  Default_Handler                
00001777  EUSCIA0_IRQHandler             
00001777  EUSCIA1_IRQHandler             
00001777  EUSCIA2_IRQHandler             
00001777  EUSCIA3_IRQHandler             
00001777  EUSCIB0_IRQHandler             
00001777  EUSCIB1_IRQHandler             
00001777  EUSCIB2_IRQHandler             
00001777  EUSCIB3_IRQHandler             
00001777  FLCTL_IRQHandler               
00001777  FPU_IRQHandler                 
00001777  HardFault_Handler              
00001777  MemManage_Handler              
00001777  NMI_Handler                    
00001777  PCM_IRQHandler                 
00001777  PORT1_IRQHandler               
00001777  PORT2_IRQHandler               
00001777  PORT3_IRQHandler               
00001777  PORT5_IRQHandler               
00001777  PORT6_IRQHandler               
00001777  PSS_IRQHandler                 
00001777  PendSV_Handler                 
00001777  RTC_C_IRQHandler               
00001777  SVC_Handler                    
00001777  SysTick_Handler                
00001777  T32_INT2_IRQHandler            
00001777  T32_INTC_IRQHandler            
00001777  TA0_0_IRQHandler               
00001777  TA0_N_IRQHandler               
00001777  TA1_N_IRQHandler               
00001777  TA2_0_IRQHandler               
00001777  TA2_N_IRQHandler               
00001777  TA3_0_IRQHandler               
00001777  TA3_N_IRQHandler               
00001777  UsageFault_Handler             
00001777  WDT_A_IRQHandler               
00001779  __TI_zero_init                 
00001785  _system_pre_init               
00001789  _system_post_cinit             
000017a8  __TI_Handler_Table_Base        
000017b4  __TI_Handler_Table_Limit       
000017c0  __TI_CINIT_Base                
000017d0  __TI_CINIT_Limit               
20000000  ClockFrequency                 
20000004  Prewait                        
20000008  CPMwait                        
2000000c  Postwait                       
20000010  IFlags                         
20000014  Crystalstable                  
20000018  __TI_cleanup_ptr               
2000001c  __TI_dtors_ptr                 
20000020  __TI_enable_exit_profile_output
20000024  TExaS_ScopeErrLostData         
20000028  TExaS_ScopeErrConflict         
2000002c  TExaS_ScopeWrnReconfig         
20000030  _lock                          
20000034  _unlock                        
20000038  main_func_sp                   
2000003c  SystemCoreClock                
20000040  PeriodicTask2                  
20000044  Port4Task                      
20000048  TimerA1Task                    
2000004c  CollisionData                  
2000004d  CollisionFlag                  
2000004e  LogicData                      
2000fe00  __stack                        
20010000  __STACK_END                    
4000480c  WDTCTL_SYM                     
ffffffff  __TI_pprof_out_hndl            
ffffffff  __TI_prof_data_size            
ffffffff  __TI_prof_data_start           
ffffffff  __binit__                      
ffffffff  __c_args__                     
ffffffff  binit                          
UNDEFED   SHT$$INIT_ARRAY$$Base          
UNDEFED   SHT$$INIT_ARRAY$$Limit         

[204 symbols]
