******************************************************************************
                  TI ARM Linker PC v16.9.6                     
******************************************************************************
>> Linked Fri Nov 01 11:11:28 2019

OUTPUT FILE NAME:   <Lab3_TimerCompare_Motor.out>
ENTRY POINT SYMBOL: "_c_int00"  address: 00001749


MEMORY CONFIGURATION

         name            origin    length      used     unused   attr    fill
----------------------  --------  ---------  --------  --------  ----  --------
  MAIN                  00000000   00040000  0000191a  0003e6e6  R  X
  INFO                  00200000   00004000  00000000  00004000  R  X
  SRAM_CODE             01000000   00010000  0000024b  0000fdb5  RW X
  SRAM_DATA             20000000   00010000  0000024b  0000fdb5  RW  


SEGMENT ALLOCATION MAP

run origin  load origin   length   init length attrs members
----------  ----------- ---------- ----------- ----- -------
00000000    00000000    00001920   00001920    r-x
  00000000    00000000    000000e4   000000e4    r-- .intvecs
  000000e4    000000e4    000017d6   000017d6    r-x .text
  000018bc    000018bc    00000020   00000020    r-- .const
  000018e0    000018e0    00000040   00000040    r-- .cinit
20000000    20000000    0000004e   00000000    rw-
  20000000    20000000    00000041   00000000    rw- .data
  20000044    20000044    0000000a   00000000    rw- .bss
2000fe00    2000fe00    00000200   00000000    rw-
  2000fe00    2000fe00    00000200   00000000    rw- .stack


SECTION ALLOCATION MAP

 output                                  attributes/
section   page    origin      length       input sections
--------  ----  ----------  ----------   ----------------
.intvecs   0    00000000    000000e4     
                  00000000    000000e4     startup_msp432p401r_ccs.obj (.intvecs:retain)

.binit     0    00000000    00000000     

.text      0    000000e4    000017d6     
                  000000e4    00000630     TExaS.obj (.text)
                  00000714    0000032c     system_msp432p401r.obj (.text)
                  00000a40    00000250     Reflectance.obj (.text)
                  00000c90    00000228     PWM.obj (.text)
                  00000eb8    000001e0     Clock.obj (.text)
                  00001098    000001a4     Motor.obj (.text)
                  0000123c    00000104     Lab3_Timersmain.obj (.text)
                  00001340    000000f4     LaunchPad.obj (.text)
                  00001434    000000a8     TimerA1.obj (.text)
                  000014dc    0000009c     rtsv7M4_T_le_v4SPD16_eabi.lib : memcpy_t2.obj (.text)
                  00001578    0000007c     Bump.obj (.text)
                  000015f4    0000007a     rtsv7M4_T_le_v4SPD16_eabi.lib : memset_t2.obj (.text)
                  0000166e    00000002                                   : mpu_init.obj (.text)
                  00001670    00000070                                   : autoinit.obj (.text)
                  000016e0    00000068                                   : copy_decompress_lzss.obj (.text:decompress:lzss)
                  00001748    00000054                                   : boot.obj (.text)
                  0000179c    00000054                                   : exit.obj (.text)
                  000017f0    0000004c                                   : cpy_tbl.obj (.text)
                  0000183c    00000024     CortexM.obj (.text)
                  00001860    00000018     rtsv7M4_T_le_v4SPD16_eabi.lib : args_main.obj (.text)
                  00001878    00000014                                   : _lock.obj (.text)
                  0000188c    0000000e                                   : copy_decompress_none.obj (.text:decompress:none)
                  0000189a    0000000e     startup_msp432p401r_ccs.obj (.text)
                  000018a8    0000000c     rtsv7M4_T_le_v4SPD16_eabi.lib : copy_zero_init.obj (.text:decompress:ZI)
                  000018b4    00000004                                   : pre_init.obj (.text)
                  000018b8    00000002                                   : startup.obj (.text)

.const     0    000018bc    00000020     
                  000018bc    00000020     Reflectance.obj (.const:$P$T0$1)

.cinit     0    000018e0    00000040     
                  000018e0    00000017     (.cinit..data.load) [load image, compression = lzss]
                  000018f7    00000001     --HOLE-- [fill = 0]
                  000018f8    0000000c     (__TI_handler_table)
                  00001904    00000004     --HOLE-- [fill = 0]
                  00001908    00000008     (.cinit..bss.load) [load image, compression = zero_init]
                  00001910    00000010     (__TI_cinit_table)

.init_array 
*          0    00000000    00000000     UNINITIALIZED

.data      0    20000000    00000041     UNINITIALIZED
                  20000000    00000018     Clock.obj (.data)
                  20000018    0000000c     rtsv7M4_T_le_v4SPD16_eabi.lib : exit.obj (.data:$O1$$)
                  20000024    0000000c     TExaS.obj (.data)
                  20000030    00000008     rtsv7M4_T_le_v4SPD16_eabi.lib : _lock.obj (.data:$O1$$)
                  20000038    00000004                                   : stkdepth_vars.obj (.data)
                  2000003c    00000004     system_msp432p401r.obj (.data)
                  20000040    00000001     Lab3_Timersmain.obj (.data)

.bss       0    20000044    0000000a     UNINITIALIZED
                  20000044    00000004     (.common:PeriodicTask2)
                  20000048    00000004     (.common:TimerA1Task)
                  2000004c    00000001     (.common:LogicData)
                  2000004d    00000001     (.common:reflectance_data)

.stack     0    2000fe00    00000200     UNINITIALIZED
                  2000fe00    00000200     --HOLE--

MODULE SUMMARY

       Module                        code   ro data   rw data
       ------                        ----   -------   -------
    .\
       TExaS.obj                     1584   0         34     
       system_msp432p401r.obj        812    0         8      
       Reflectance.obj               592    32        0      
       PWM.obj                       552    0         0      
       Clock.obj                     480    0         48     
       Motor.obj                     420    0         0      
       Lab3_Timersmain.obj           260    0         4      
       LaunchPad.obj                 244    0         0      
       startup_msp432p401r_ccs.obj   14     228       0      
       TimerA1.obj                   168    0         8      
       Bump.obj                      124    0         0      
       CortexM.obj                   36     0         0      
    +--+-----------------------------+------+---------+---------+
       Total:                        5286   260       102    
                                                             
    C:\ti\ccsv7\tools\compiler\ti-cgt-arm_16.9.6.LTS\lib\rtsv7M4_T_le_v4SPD16_eabi.lib
       memcpy_t2.obj                 156    0         0      
       memset_t2.obj                 122    0         0      
       autoinit.obj                  112    0         0      
       exit.obj                      84     0         24     
       copy_decompress_lzss.obj      104    0         0      
       boot.obj                      84     0         0      
       cpy_tbl.obj                   76     0         0      
       _lock.obj                     20     0         16     
       args_main.obj                 24     0         0      
       copy_decompress_none.obj      14     0         0      
       copy_zero_init.obj            12     0         0      
       stkdepth_vars.obj             0      0         8      
       pre_init.obj                  4      0         0      
       mpu_init.obj                  2      0         0      
       startup.obj                   2      0         0      
    +--+-----------------------------+------+---------+---------+
       Total:                        816    0         48     
                                                             
       Stack:                        0      0         1024   
       Linker Generated:             0      59        0      
    +--+-----------------------------+------+---------+---------+
       Grand Total:                  6102   319       1174   


LINKER GENERATED COPY TABLES

__TI_cinit_table @ 00001910 records: 2, size/record: 8, table size: 16
	.data: load addr=000018e0, load size=00000017 bytes, run addr=20000000, run size=00000041 bytes, compression=lzss
	.bss: load addr=00001908, load size=00000008 bytes, run addr=20000044, run size=0000000a bytes, compression=zero_init


LINKER GENERATED HANDLER TABLE

__TI_handler_table @ 000018f8 records: 3, size/record: 4, table size: 12
	index: 0, handler: __TI_decompress_lzss
	index: 1, handler: __TI_decompress_none
	index: 2, handler: __TI_zero_init


GLOBAL SYMBOLS: SORTED ALPHABETICALLY BY Name 

address   name                           
-------   ----                           
000018a7  ADC14_IRQHandler               
00000475  ADC_Init                       
000018a7  AES256_IRQHandler              
00001579  Bump_Init                      
000015ad  Bump_Read                      
000018a7  BusFault_Handler               
0000179d  C$$EXIT                        
000018a7  COMP_E0_IRQHandler             
000018a7  COMP_E1_IRQHandler             
20000008  CPMwait                        
000018a7  CS_IRQHandler                  
20000000  ClockFrequency                 
0000100d  Clock_Delay1ms                 
00000fe3  Clock_Delay1us                 
00000fcf  Clock_GetFreq                  
00000eb9  Clock_Init48MHz                
20000014  Crystalstable                  
000018a7  DMA_ERR_IRQHandler             
000018a7  DMA_INT0_IRQHandler            
000018a7  DMA_INT1_IRQHandler            
000018a7  DMA_INT2_IRQHandler            
000018a7  DMA_INT3_IRQHandler            
000018a7  DebugMon_Handler               
000018a7  Default_Handler                
0000183d  DisableInterrupts              
000018a7  EUSCIA0_IRQHandler             
000018a7  EUSCIA1_IRQHandler             
000018a7  EUSCIA2_IRQHandler             
000018a7  EUSCIA3_IRQHandler             
000018a7  EUSCIB0_IRQHandler             
000018a7  EUSCIB1_IRQHandler             
000018a7  EUSCIB2_IRQHandler             
000018a7  EUSCIB3_IRQHandler             
00001843  EnableInterrupts               
00001853  EndCritical                    
000018a7  FLCTL_IRQHandler               
000018a7  FPU_IRQHandler                 
000018a7  HardFault_Handler              
20000010  IFlags                         
00001341  LaunchPad_Init                 
000013b1  LaunchPad_Input                
000013cb  LaunchPad_LED                  
000013e9  LaunchPad_Output               
000000e5  LogicAnalyzer                  
000000ef  LogicAnalyzer_P1               
000001c5  LogicAnalyzer_P10              
000000fd  LogicAnalyzer_P2               
0000010b  LogicAnalyzer_P2_7654          
0000011b  LogicAnalyzer_P3               
00000129  LogicAnalyzer_P4               
00000147  LogicAnalyzer_P4_765320        
00000137  LogicAnalyzer_P4_765432        
0000017f  LogicAnalyzer_P5               
0000018d  LogicAnalyzer_P6               
0000019b  LogicAnalyzer_P7               
000001a9  LogicAnalyzer_P8               
000001b7  LogicAnalyzer_P9               
2000004c  LogicData                      
000018a7  MemManage_Handler              
000011db  Motor_Backward                 
00001137  Motor_Forward                  
00001099  Motor_Init                     
000011a1  Motor_Left                     
00001167  Motor_Right                    
00001121  Motor_Stop                     
000018a7  NMI_Handler                    
000018a7  PCM_IRQHandler                 
000018a7  PORT1_IRQHandler               
000018a7  PORT2_IRQHandler               
000018a7  PORT3_IRQHandler               
000018a7  PORT4_IRQHandler               
000018a7  PORT5_IRQHandler               
000018a7  PORT6_IRQHandler               
000018a7  PSS_IRQHandler                 
00000d7b  PWM_Duty1                      
00000d9b  PWM_Duty2                      
00000e3f  PWM_Duty3                      
00000e5f  PWM_Duty4                      
00000c91  PWM_Init1                      
00000cf7  PWM_Init12                     
00000dbb  PWM_Init34                     
000018a7  PendSV_Handler                 
20000044  PeriodicTask2                  
00000257  PeriodicTask2_Init             
000002d1  PeriodicTask2_Stop             
00000a4d  Port5_Init                     
00000a81  Port7_Init                     
00000acb  Port7_Input                    
00000ab5  Port7_Output                   
2000000c  Postwait                       
20000004  Prewait                        
000018a7  RTC_C_IRQHandler               
00000b1b  Reflectance_Center             
00000c43  Reflectance_End                
00000a41  Reflectance_Init               
00000b99  Reflectance_Position           
00000ad7  Reflectance_Read               
00000c1d  Reflectance_Start              
0000189b  Reset_Handler                  
UNDEFED   SHT$$INIT_ARRAY$$Base          
UNDEFED   SHT$$INIT_ARRAY$$Limit         
000018a7  SVC_Handler                    
000001d3  Scope                          
00001849  StartCritical                  
000018a7  SysTick_Handler                
2000003c  SystemCoreClock                
00000715  SystemCoreClockUpdate          
00000989  SystemInit                     
000002c1  T32_INT1_IRQHandler            
000002c1  T32_INT1_IRQHandler            
000018a7  T32_INT2_IRQHandler            
000018a7  T32_INTC_IRQHandler            
000018a7  TA0_0_IRQHandler               
000018a7  TA0_N_IRQHandler               
000014a7  TA1_0_IRQHandler               
000014a7  TA1_0_IRQHandler               
000018a7  TA1_N_IRQHandler               
000018a7  TA2_0_IRQHandler               
000018a7  TA2_N_IRQHandler               
000018a7  TA3_0_IRQHandler               
000018a7  TA3_N_IRQHandler               
00000413  TExaS_Clear0                   
0000041f  TExaS_Clear1                   
0000042b  TExaS_Clear2                   
00000437  TExaS_Clear3                   
00000443  TExaS_Clear4                   
00000445  TExaS_Clear5                   
00000451  TExaS_Clear6                   
00000551  TExaS_Init                     
20000028  TExaS_ScopeErrConflict         
20000024  TExaS_ScopeErrLostData         
2000002c  TExaS_ScopeWrnReconfig         
000003b1  TExaS_Set                      
000003c9  TExaS_Set0                     
000003d5  TExaS_Set1                     
000003e1  TExaS_Set2                     
000003ed  TExaS_Set3                     
000003f9  TExaS_Set4                     
000003fb  TExaS_Set5                     
00000407  TExaS_Set6                     
000006b1  TExaS_Stop                     
00000367  TExaS_Task0                    
00000373  TExaS_Task1                    
0000037f  TExaS_Task2                    
0000038b  TExaS_Task3                    
00000397  TExaS_Task4                    
00000399  TExaS_Task5                    
000003a5  TExaS_Task6                    
0000125d  Task                           
0000123d  TimedPause                     
20000048  TimerA1Task                    
00001435  TimerA1_Init                   
00001493  TimerA1_Stop                   
0000033b  UART_InChar                    
000002e1  UART_Init                      
0000034b  UART_OutChar                   
000018a7  UsageFault_Handler             
4000480c  WDTCTL_SYM                     
000018a7  WDT_A_IRQHandler               
0000185b  WaitForInterrupt               
20010000  __STACK_END                    
00000200  __STACK_SIZE                   
00001910  __TI_CINIT_Base                
00001920  __TI_CINIT_Limit               
000018f8  __TI_Handler_Table_Base        
00001904  __TI_Handler_Table_Limit       
00001671  __TI_auto_init                 
20000018  __TI_cleanup_ptr               
000016e1  __TI_decompress_lzss           
0000188d  __TI_decompress_none           
2000001c  __TI_dtors_ptr                 
20000020  __TI_enable_exit_profile_output
ffffffff  __TI_pprof_out_hndl            
ffffffff  __TI_prof_data_size            
ffffffff  __TI_prof_data_start           
00000000  __TI_static_base__             
000018a9  __TI_zero_init                 
000015f5  __aeabi_memclr                 
000015f5  __aeabi_memclr4                
000015f5  __aeabi_memclr8                
000014dd  __aeabi_memcpy                 
000014dd  __aeabi_memcpy4                
000014dd  __aeabi_memcpy8                
000015f7  __aeabi_memset                 
000015f7  __aeabi_memset4                
000015f7  __aeabi_memset8                
ffffffff  __binit__                      
ffffffff  __c_args__                     
0000166f  __mpu_init                     
2000fe00  __stack                        
00001861  _args_main                     
00001749  _c_int00                       
20000030  _lock                          
00001887  _nop                           
0000187f  _register_lock                 
00001879  _register_unlock               
000018b9  _system_post_cinit             
000018b5  _system_pre_init               
20000034  _unlock                        
000017a1  abort                          
ffffffff  binit                          
000017f1  copy_in                        
00000fd5  delay                          
000017a9  exit                           
00000000  interruptVectors               
000012b1  main                           
20000038  main_func_sp                   
000014dd  memcpy                         
000015fd  memset                         
2000004d  reflectance_data               


GLOBAL SYMBOLS: SORTED BY Symbol Address 

address   name                           
-------   ----                           
00000000  __TI_static_base__             
00000000  interruptVectors               
000000e5  LogicAnalyzer                  
000000ef  LogicAnalyzer_P1               
000000fd  LogicAnalyzer_P2               
0000010b  LogicAnalyzer_P2_7654          
0000011b  LogicAnalyzer_P3               
00000129  LogicAnalyzer_P4               
00000137  LogicAnalyzer_P4_765432        
00000147  LogicAnalyzer_P4_765320        
0000017f  LogicAnalyzer_P5               
0000018d  LogicAnalyzer_P6               
0000019b  LogicAnalyzer_P7               
000001a9  LogicAnalyzer_P8               
000001b7  LogicAnalyzer_P9               
000001c5  LogicAnalyzer_P10              
000001d3  Scope                          
00000200  __STACK_SIZE                   
00000257  PeriodicTask2_Init             
000002c1  T32_INT1_IRQHandler            
000002c1  T32_INT1_IRQHandler            
000002d1  PeriodicTask2_Stop             
000002e1  UART_Init                      
0000033b  UART_InChar                    
0000034b  UART_OutChar                   
00000367  TExaS_Task0                    
00000373  TExaS_Task1                    
0000037f  TExaS_Task2                    
0000038b  TExaS_Task3                    
00000397  TExaS_Task4                    
00000399  TExaS_Task5                    
000003a5  TExaS_Task6                    
000003b1  TExaS_Set                      
000003c9  TExaS_Set0                     
000003d5  TExaS_Set1                     
000003e1  TExaS_Set2                     
000003ed  TExaS_Set3                     
000003f9  TExaS_Set4                     
000003fb  TExaS_Set5                     
00000407  TExaS_Set6                     
00000413  TExaS_Clear0                   
0000041f  TExaS_Clear1                   
0000042b  TExaS_Clear2                   
00000437  TExaS_Clear3                   
00000443  TExaS_Clear4                   
00000445  TExaS_Clear5                   
00000451  TExaS_Clear6                   
00000475  ADC_Init                       
00000551  TExaS_Init                     
000006b1  TExaS_Stop                     
00000715  SystemCoreClockUpdate          
00000989  SystemInit                     
00000a41  Reflectance_Init               
00000a4d  Port5_Init                     
00000a81  Port7_Init                     
00000ab5  Port7_Output                   
00000acb  Port7_Input                    
00000ad7  Reflectance_Read               
00000b1b  Reflectance_Center             
00000b99  Reflectance_Position           
00000c1d  Reflectance_Start              
00000c43  Reflectance_End                
00000c91  PWM_Init1                      
00000cf7  PWM_Init12                     
00000d7b  PWM_Duty1                      
00000d9b  PWM_Duty2                      
00000dbb  PWM_Init34                     
00000e3f  PWM_Duty3                      
00000e5f  PWM_Duty4                      
00000eb9  Clock_Init48MHz                
00000fcf  Clock_GetFreq                  
00000fd5  delay                          
00000fe3  Clock_Delay1us                 
0000100d  Clock_Delay1ms                 
00001099  Motor_Init                     
00001121  Motor_Stop                     
00001137  Motor_Forward                  
00001167  Motor_Right                    
000011a1  Motor_Left                     
000011db  Motor_Backward                 
0000123d  TimedPause                     
0000125d  Task                           
000012b1  main                           
00001341  LaunchPad_Init                 
000013b1  LaunchPad_Input                
000013cb  LaunchPad_LED                  
000013e9  LaunchPad_Output               
00001435  TimerA1_Init                   
00001493  TimerA1_Stop                   
000014a7  TA1_0_IRQHandler               
000014a7  TA1_0_IRQHandler               
000014dd  __aeabi_memcpy                 
000014dd  __aeabi_memcpy4                
000014dd  __aeabi_memcpy8                
000014dd  memcpy                         
00001579  Bump_Init                      
000015ad  Bump_Read                      
000015f5  __aeabi_memclr                 
000015f5  __aeabi_memclr4                
000015f5  __aeabi_memclr8                
000015f7  __aeabi_memset                 
000015f7  __aeabi_memset4                
000015f7  __aeabi_memset8                
000015fd  memset                         
0000166f  __mpu_init                     
00001671  __TI_auto_init                 
000016e1  __TI_decompress_lzss           
00001749  _c_int00                       
0000179d  C$$EXIT                        
000017a1  abort                          
000017a9  exit                           
000017f1  copy_in                        
0000183d  DisableInterrupts              
00001843  EnableInterrupts               
00001849  StartCritical                  
00001853  EndCritical                    
0000185b  WaitForInterrupt               
00001861  _args_main                     
00001879  _register_unlock               
0000187f  _register_lock                 
00001887  _nop                           
0000188d  __TI_decompress_none           
0000189b  Reset_Handler                  
000018a7  ADC14_IRQHandler               
000018a7  AES256_IRQHandler              
000018a7  BusFault_Handler               
000018a7  COMP_E0_IRQHandler             
000018a7  COMP_E1_IRQHandler             
000018a7  CS_IRQHandler                  
000018a7  DMA_ERR_IRQHandler             
000018a7  DMA_INT0_IRQHandler            
000018a7  DMA_INT1_IRQHandler            
000018a7  DMA_INT2_IRQHandler            
000018a7  DMA_INT3_IRQHandler            
000018a7  DebugMon_Handler               
000018a7  Default_Handler                
000018a7  EUSCIA0_IRQHandler             
000018a7  EUSCIA1_IRQHandler             
000018a7  EUSCIA2_IRQHandler             
000018a7  EUSCIA3_IRQHandler             
000018a7  EUSCIB0_IRQHandler             
000018a7  EUSCIB1_IRQHandler             
000018a7  EUSCIB2_IRQHandler             
000018a7  EUSCIB3_IRQHandler             
000018a7  FLCTL_IRQHandler               
000018a7  FPU_IRQHandler                 
000018a7  HardFault_Handler              
000018a7  MemManage_Handler              
000018a7  NMI_Handler                    
000018a7  PCM_IRQHandler                 
000018a7  PORT1_IRQHandler               
000018a7  PORT2_IRQHandler               
000018a7  PORT3_IRQHandler               
000018a7  PORT4_IRQHandler               
000018a7  PORT5_IRQHandler               
000018a7  PORT6_IRQHandler               
000018a7  PSS_IRQHandler                 
000018a7  PendSV_Handler                 
000018a7  RTC_C_IRQHandler               
000018a7  SVC_Handler                    
000018a7  SysTick_Handler                
000018a7  T32_INT2_IRQHandler            
000018a7  T32_INTC_IRQHandler            
000018a7  TA0_0_IRQHandler               
000018a7  TA0_N_IRQHandler               
000018a7  TA1_N_IRQHandler               
000018a7  TA2_0_IRQHandler               
000018a7  TA2_N_IRQHandler               
000018a7  TA3_0_IRQHandler               
000018a7  TA3_N_IRQHandler               
000018a7  UsageFault_Handler             
000018a7  WDT_A_IRQHandler               
000018a9  __TI_zero_init                 
000018b5  _system_pre_init               
000018b9  _system_post_cinit             
000018f8  __TI_Handler_Table_Base        
00001904  __TI_Handler_Table_Limit       
00001910  __TI_CINIT_Base                
00001920  __TI_CINIT_Limit               
20000000  ClockFrequency                 
20000004  Prewait                        
20000008  CPMwait                        
2000000c  Postwait                       
20000010  IFlags                         
20000014  Crystalstable                  
20000018  __TI_cleanup_ptr               
2000001c  __TI_dtors_ptr                 
20000020  __TI_enable_exit_profile_output
20000024  TExaS_ScopeErrLostData         
20000028  TExaS_ScopeErrConflict         
2000002c  TExaS_ScopeWrnReconfig         
20000030  _lock                          
20000034  _unlock                        
20000038  main_func_sp                   
2000003c  SystemCoreClock                
20000044  PeriodicTask2                  
20000048  TimerA1Task                    
2000004c  LogicData                      
2000004d  reflectance_data               
2000fe00  __stack                        
20010000  __STACK_END                    
4000480c  WDTCTL_SYM                     
ffffffff  __TI_pprof_out_hndl            
ffffffff  __TI_prof_data_size            
ffffffff  __TI_prof_data_start           
ffffffff  __binit__                      
ffffffff  __c_args__                     
ffffffff  binit                          
UNDEFED   SHT$$INIT_ARRAY$$Base          
UNDEFED   SHT$$INIT_ARRAY$$Limit         

[210 symbols]
